Component: ARM Compiler 5.06 update 7 (build 960) Tool: armlink [4d3601]

==============================================================================

Section Cross References

    startup_stm32f103xb.o(RESET) refers to startup_stm32f103xb.o(STACK) for __initial_sp
    startup_stm32f103xb.o(RESET) refers to startup_stm32f103xb.o(.text) for Reset_Handler
    startup_stm32f103xb.o(RESET) refers to stm32f1xx_it.o(i.NMI_Handler) for NMI_Handler
    startup_stm32f103xb.o(RESET) refers to stm32f1xx_it.o(i.HardFault_Handler) for HardFault_Handler
    startup_stm32f103xb.o(RESET) refers to stm32f1xx_it.o(i.MemManage_Handler) for MemManage_Handler
    startup_stm32f103xb.o(RESET) refers to stm32f1xx_it.o(i.BusFault_Handler) for BusFault_Handler
    startup_stm32f103xb.o(RESET) refers to stm32f1xx_it.o(i.UsageFault_Handler) for UsageFault_Handler
    startup_stm32f103xb.o(RESET) refers to port.o(.emb_text) for SVC_Handler
    startup_stm32f103xb.o(RESET) refers to stm32f1xx_it.o(i.DebugMon_Handler) for DebugMon_Handler
    startup_stm32f103xb.o(RESET) refers to port.o(i.SysTick_Handler) for SysTick_Handler
    startup_stm32f103xb.o(RESET) refers to stm32f1xx_it.o(i.TIM2_IRQHandler) for TIM2_IRQHandler
    startup_stm32f103xb.o(RESET) refers to stm32f1xx_it.o(i.TIM4_IRQHandler) for TIM4_IRQHandler
    startup_stm32f103xb.o(RESET) refers to stm32f1xx_it.o(i.USART2_IRQHandler) for USART2_IRQHandler
    startup_stm32f103xb.o(.text) refers to system_stm32f1xx.o(i.SystemInit) for SystemInit
    startup_stm32f103xb.o(.text) refers to entry.o(.ARM.Collect$$$$00000000) for __main
    main.o(i.HAL_TIM_PeriodElapsedCallback) refers to stm32f1xx_hal.o(i.HAL_IncTick) for HAL_IncTick
    main.o(i.SystemClock_Config) refers to memseta.o(.text) for __aeabi_memclr4
    main.o(i.SystemClock_Config) refers to stm32f1xx_hal_rcc.o(i.HAL_RCC_OscConfig) for HAL_RCC_OscConfig
    main.o(i.SystemClock_Config) refers to stm32f1xx_hal_rcc.o(i.HAL_RCC_ClockConfig) for HAL_RCC_ClockConfig
    main.o(i.main) refers to stm32f1xx_hal.o(i.HAL_Init) for HAL_Init
    main.o(i.main) refers to main.o(i.SystemClock_Config) for SystemClock_Config
    main.o(i.main) refers to gpio.o(i.MX_GPIO_Init) for MX_GPIO_Init
    main.o(i.main) refers to i2c.o(i.MX_I2C1_Init) for MX_I2C1_Init
    main.o(i.main) refers to tim.o(i.MX_TIM2_Init) for MX_TIM2_Init
    main.o(i.main) refers to usart.o(i.MX_USART1_UART_Init) for MX_USART1_UART_Init
    main.o(i.main) refers to usart.o(i.MX_USART2_UART_Init) for MX_USART2_UART_Init
    main.o(i.main) refers to spi.o(i.MX_SPI1_Init) for MX_SPI1_Init
    main.o(i.main) refers to tim.o(i.MX_TIM3_Init) for MX_TIM3_Init
    main.o(i.main) refers to main_program.o(i.user_init_program) for user_init_program
    main.o(i.main) refers to freertos.o(i.MX_FREERTOS_Init) for MX_FREERTOS_Init
    main.o(i.main) refers to cmsis_os.o(i.osKernelStart) for osKernelStart
    gpio.o(i.MX_GPIO_Init) refers to stm32f1xx_hal_gpio.o(i.HAL_GPIO_WritePin) for HAL_GPIO_WritePin
    gpio.o(i.MX_GPIO_Init) refers to stm32f1xx_hal_gpio.o(i.HAL_GPIO_Init) for HAL_GPIO_Init
    freertos.o(i.MX_FREERTOS_Init) refers to memcpya.o(.text) for __aeabi_memcpy4
    freertos.o(i.MX_FREERTOS_Init) refers to cmsis_os.o(i.osThreadCreate) for osThreadCreate
    freertos.o(i.MX_FREERTOS_Init) refers to freertos.o(.constdata) for .constdata
    freertos.o(i.MX_FREERTOS_Init) refers to freertos.o(.data) for .data
    freertos.o(i.bh_task) refers to bh1750.o(i.BH1750_Read) for BH1750_Read
    freertos.o(i.bh_task) refers to queue.o(i.xQueueGenericSend) for xQueueGenericSend
    freertos.o(i.bh_task) refers to cmsis_os.o(i.osDelay) for osDelay
    freertos.o(i.bh_task) refers to freertos.o(.data) for .data
    freertos.o(i.dht_task) refers to dht11.o(i.dht11_read_data) for dht11_read_data
    freertos.o(i.dht_task) refers to queue.o(i.xQueueGenericSend) for xQueueGenericSend
    freertos.o(i.dht_task) refers to cmsis_os.o(i.osDelay) for osDelay
    freertos.o(i.dht_task) refers to freertos.o(.data) for .data
    freertos.o(i.esp_task) refers to esp8266.o(i.esp8266_receive_msg) for esp8266_receive_msg
    freertos.o(i.esp_task) refers to queue.o(i.xQueueGenericSend) for xQueueGenericSend
    freertos.o(i.esp_task) refers to queue.o(i.xQueuePeek) for xQueuePeek
    freertos.o(i.esp_task) refers to esp8266.o(i.esp8266_send_msg) for esp8266_send_msg
    freertos.o(i.esp_task) refers to cmsis_os.o(i.osDelay) for osDelay
    freertos.o(i.esp_task) refers to freertos.o(.data) for .data
    freertos.o(i.led_task) refers to queue.o(i.xQueueReceive) for xQueueReceive
    freertos.o(i.led_task) refers to led.o(i.set_led) for set_led
    freertos.o(i.led_task) refers to led.o(i.set_rgb) for set_rgb
    freertos.o(i.led_task) refers to cmsis_os.o(i.osDelay) for osDelay
    freertos.o(i.led_task) refers to freertos.o(.data) for .data
    freertos.o(i.oled_task) refers to queue.o(i.xQueuePeek) for xQueuePeek
[...]
    _sputc                                   0x08003a2d   Thumb Code    10  printf3.o(i._sputc)
    i.arraySearch                            0x08003a36   Section        0  core_json.o(i.arraySearch)
    arraySearch                              0x08003a37   Thumb Code   154  core_json.o(i.arraySearch)
    i.bh_task                                0x08003ad0   Section        0  freertos.o(i.bh_task)
    i.delay_us                               0x08003b08   Section        0  dht11.o(i.delay_us)
    delay_us                                 0x08003b09   Thumb Code    14  dht11.o(i.delay_us)
    i.dht11_check                            0x08003b18   Section        0  dht11.o(i.dht11_check)
    i.dht11_init                             0x08003b74   Section        0  dht11.o(i.dht11_init)
    i.dht11_io_in                            0x08003b90   Section        0  dht11.o(i.dht11_io_in)
    i.dht11_io_out                           0x08003bb0   Section        0  dht11.o(i.dht11_io_out)
    i.dht11_read_bit                         0x08003bd4   Section        0  dht11.o(i.dht11_read_bit)
    i.dht11_read_byte                        0x08003c30   Section        0  dht11.o(i.dht11_read_byte)
    i.dht11_read_data                        0x08003c4a   Section        0  dht11.o(i.dht11_read_data)
    i.dht11_rst                              0x08003c9c   Section        0  dht11.o(i.dht11_rst)
    i.dht_task                               0x08003cd0   Section        0  freertos.o(i.dht_task)
    i.esp8266_config_network                 0x08003d10   Section        0  esp8266.o(i.esp8266_config_network)
    i.esp8266_connect_server                 0x08003d90   Section        0  esp8266.o(i.esp8266_connect_server)
    i.esp8266_init                           0x08003df4   Section        0  esp8266.o(i.esp8266_init)
    i.esp8266_receive_msg                    0x08003fcc   Section        0  esp8266.o(i.esp8266_receive_msg)
    i.esp8266_reset                          0x08004068   Section        0  esp8266.o(i.esp8266_reset)
    i.esp8266_send_cmd                       0x080040d8   Section        0  esp8266.o(i.esp8266_send_cmd)
    i.esp8266_send_msg                       0x0800414c   Section        0  esp8266.o(i.esp8266_send_msg)
    i.esp_task                               0x0800425c   Section        0  freertos.o(i.esp_task)
    i.fputc                                  0x08004324   Section        0  uart_printf.o(i.fputc)
    i.getType                                0x0800433c   Section        0  core_json.o(i.getType)
    getType                                  0x0800433d   Thumb Code    56  core_json.o(i.getType)
    i.hexToInt                               0x08004374   Section        0  core_json.o(i.hexToInt)
    hexToInt                                 0x08004375   Thumb Code    34  core_json.o(i.hexToInt)
    i.led_task                               0x08004398   Section        0  freertos.o(i.led_task)
    i.main                                   0x0800440c   Section        0  main.o(i.main)
    i.makeFreeRtosPriority                   0x0800443e   Section        0  cmsis_os.o(i.makeFreeRtosPriority)
    makeFreeRtosPriority                     0x0800443f   Thumb Code    12  cmsis_os.o(i.makeFreeRtosPriority)
    i.multiSearch                            0x0800444a   Section        0  core_json.o(i.multiSearch)
    multiSearch                              0x0800444b   Thumb Code   252  core_json.o(i.multiSearch)
    i.nextKeyValuePair                       0x08004546   Section        0  core_json.o(i.nextKeyValuePair)
    nextKeyValuePair                         0x08004547   Thumb Code   152  core_json.o(i.nextKeyValuePair)
    i.nextValue                              0x080045de   Section        0  core_json.o(i.nextValue)
    nextValue                                0x080045df   Thumb Code   100  core_json.o(i.nextValue)
    i.objectSearch                           0x08004642   Section        0  core_json.o(i.objectSearch)
    objectSearch                             0x08004643   Thumb Code   176  core_json.o(i.objectSearch)
    i.oled_task                              0x080046f4   Section        0  freertos.o(i.oled_task)
    i.osDelay                                0x08004760   Section        0  cmsis_os.o(i.osDelay)
    i.osKernelStart                          0x0800476e   Section        0  cmsis_os.o(i.osKernelStart)
    i.osMessageCreate                        0x08004778   Section        0  cmsis_os.o(i.osMessageCreate)
    i.osThreadCreate                         0x0800479e   Section        0  cmsis_os.o(i.osThreadCreate)
    i.parse_json_msg                         0x080047f4   Section        0  esp8266.o(i.parse_json_msg)
    i.prvAddCurrentTaskToDelayedList         0x080048ec   Section        0  tasks.o(i.prvAddCurrentTaskToDelayedList)
    prvAddCurrentTaskToDelayedList           0x080048ed   Thumb Code   102  tasks.o(i.prvAddCurrentTaskToDelayedList)
    i.prvAddNewTaskToReadyList               0x0800495c   Section        0  tasks.o(i.prvAddNewTaskToReadyList)
    prvAddNewTaskToReadyList                 0x0800495d   Thumb Code   194  tasks.o(i.prvAddNewTaskToReadyList)
    i.prvCopyDataFromQueue                   0x08004a2c   Section        0  queue.o(i.prvCopyDataFromQueue)
    prvCopyDataFromQueue                     0x08004a2d   Thumb Code    38  queue.o(i.prvCopyDataFromQueue)
    i.prvCopyDataToQueue                     0x08004a52   Section        0  queue.o(i.prvCopyDataToQueue)
    prvCopyDataToQueue                       0x08004a53   Thumb Code   108  queue.o(i.prvCopyDataToQueue)
    i.prvDeleteTCB                           0x08004abe   Section        0  tasks.o(i.prvDeleteTCB)
    prvDeleteTCB                             0x08004abf   Thumb Code    52  tasks.o(i.prvDeleteTCB)
    i.prvHeapInit                            0x08004af4   Section        0  heap_4.o(i.prvHeapInit)
    prvHeapInit                              0x08004af5   Thumb Code    66  heap_4.o(i.prvHeapInit)
    i.prvIdleTask                            0x08004b40   Section        0  tasks.o(i.prvIdleTask)
    prvIdleTask                              0x08004b41   Thumb Code    82  tasks.o(i.prvIdleTask)
    i.prvInitialiseNewQueue                  0x08004ba0   Section        0  queue.o(i.prvInitialiseNewQueue)
    prvInitialiseNewQueue                    0x08004ba1   Thumb Code    22  queue.o(i.prvInitialiseNewQueue)
    i.prvInitialiseNewTask                   0x08004bb6   Section        0  tasks.o(i.prvInitialiseNewTask)
    prvInitialiseNewTask                     0x08004bb7   Thumb Code   142  tasks.o(i.prvInitialiseNewTask)
    i.prvInsertBlockIntoFreeList             0x08004c44   Section        0  heap_4.o(i.prvInsertBlockIntoFreeList)
    prvInsertBlockIntoFreeList               0x08004c45   Thumb Code    72  heap_4.o(i.prvInsertBlockIntoFreeList)
    i.prvIsQueueEmpty                        0x08004c90   Section        0  queue.o(i.prvIsQueueEmpty)
    prvIsQueueEmpty                          0x08004c91   Thumb Code    28  queue.o(i.prvIsQueueEmpty)
    i.prvResetNextTaskUnblockTime            0x08004cac   Section        0  tasks.o(i.prvResetNextTaskUnblockTime)
    prvResetNextTaskUnblockTime              0x08004cad   Thumb Code    26  tasks.o(i.prvResetNextTaskUnblockTime)
    i.prvTaskExitError                       0x08004ccc   Section        0  port.o(i.prvTaskExitError)
    prvTaskExitError                         0x08004ccd   Thumb Code    36  port.o(i.prvTaskExitError)
    i.prvUnlockQueue                         0x08004cf4   Section        0  queue.o(i.prvUnlockQueue)
    prvUnlockQueue                           0x08004cf5   Thumb Code   106  queue.o(i.prvUnlockQueue)
    i.pvPortMalloc                           0x08004d60   Section        0  heap_4.o(i.pvPortMalloc)
    i.pxPortInitialiseStack                  0x08004e38   Section        0  port.o(i.pxPortInitialiseStack)
    i.rotate                                 0x08004e5c   Section        0  step_motor.o(i.rotate)
    i.set_led                                0x08004f40   Section        0  led.o(i.set_led)
    i.set_rgb                                0x08004f5c   Section        0  led.o(i.set_rgb)
    i.skipAnyScalar                          0x08004f74   Section        0  core_json.o(i.skipAnyScalar)
    skipAnyScalar                            0x08004f75   Thumb Code    90  core_json.o(i.skipAnyScalar)
    i.skipCollection                         0x08004fe8   Section        0  core_json.o(i.skipCollection)
    skipCollection                           0x08004fe9   Thumb Code   168  core_json.o(i.skipCollection)
    i.skipDigits                             0x08005090   Section        0  core_json.o(i.skipDigits)
    skipDigits                               0x08005091   Thumb Code   116  core_json.o(i.skipDigits)
    i.skipEscape                             0x08005108   Section        0  core_json.o(i.skipEscape)
    skipEscape                               0x08005109   Thumb Code   178  core_json.o(i.skipEscape)
    i.skipLiteral                            0x080051ba   Section        0  core_json.o(i.skipLiteral)
    skipLiteral                              0x080051bb   Thumb Code    58  core_json.o(i.skipLiteral)
    i.skipNumber                             0x080051f4   Section        0  core_json.o(i.skipNumber)
    skipNumber                               0x080051f5   Thumb Code   182  core_json.o(i.skipNumber)
    i.skipObjectScalars                      0x080052aa   Section        0  core_json.o(i.skipObjectScalars)
    skipObjectScalars                        0x080052ab   Thumb Code   136  core_json.o(i.skipObjectScalars)
    i.skipOneHexEscape                       0x08005332   Section        0  core_json.o(i.skipOneHexEscape)
    skipOneHexEscape                         0x08005333   Thumb Code   112  core_json.o(i.skipOneHexEscape)
    i.skipScalars                            0x080053a2   Section        0  core_json.o(i.skipScalars)
    skipScalars                              0x080053a3   Thumb Code    92  core_json.o(i.skipScalars)
    i.skipSpace                              0x080053fe   Section        0  core_json.o(i.skipSpace)
    skipSpace                                0x080053ff   Thumb Code    44  core_json.o(i.skipSpace)
    i.skipSpaceAndComma                      0x0800542a   Section        0  core_json.o(i.skipSpaceAndComma)
    skipSpaceAndComma                        0x0800542b   Thumb Code    80  core_json.o(i.skipSpaceAndComma)
    i.skipString                             0x0800547a   Section        0  core_json.o(i.skipString)
    skipString                               0x0800547b   Thumb Code    98  core_json.o(i.skipString)
    i.step_task                              0x080054dc   Section        0  freertos.o(i.step_task)
    i.strnEq                                 0x08005518   Section        0  core_json.o(i.strnEq)
    strnEq                                   0x08005519   Thumb Code    40  core_json.o(i.strnEq)
    i.sys_start                              0x08005540   Section        0  freertos.o(i.sys_start)
    i.uart2_receiver_clear                   0x08005648   Section        0  esp8266.o(i.uart2_receiver_clear)
    i.uart2_receiver_handle                  0x08005668   Section        0  esp8266.o(i.uart2_receiver_handle)
    i.user_init_program                      0x080056b0   Section        0  main_program.o(i.user_init_program)
    i.uxListRemove                           0x08005780   Section        0  list.o(i.uxListRemove)
    i.vApplicationGetIdleTaskMemory          0x080057a8   Section        0  freertos.o(i.vApplicationGetIdleTaskMemory)
    i.vListInitialise                        0x080057bc   Section        0  list.o(i.vListInitialise)
    i.vListInitialiseItem                    0x080057d2   Section        0  list.o(i.vListInitialiseItem)
    i.vListInsert                            0x080057d8   Section        0  list.o(i.vListInsert)
    i.vListInsertEnd                         0x08005808   Section        0  list.o(i.vListInsertEnd)
    i.vPortEnterCritical                     0x08005820   Section        0  port.o(i.vPortEnterCritical)
    i.vPortExitCritical                      0x08005860   Section        0  port.o(i.vPortExitCritical)
    i.vPortFree                              0x08005888   Section        0  heap_4.o(i.vPortFree)
    i.vPortSetupTimerInterrupt               0x080058e4   Section        0  port.o(i.vPortSetupTimerInterrupt)
    i.vTaskDelay                             0x08005908   Section        0  tasks.o(i.vTaskDelay)
    i.vTaskDelete                            0x08005954   Section        0  tasks.o(i.vTaskDelete)
    i.vTaskInternalSetTimeOutState           0x08005a00   Section        0  tasks.o(i.vTaskInternalSetTimeOutState)
    i.vTaskMissedYield                       0x08005a10   Section        0  tasks.o(i.vTaskMissedYield)
    i.vTaskPlaceOnEventList                  0x08005a1c   Section        0  tasks.o(i.vTaskPlaceOnEventList)
    i.vTaskStartScheduler                    0x08005a4c   Section        0  tasks.o(i.vTaskStartScheduler)
    i.vTaskSuspendAll                        0x08005ab8   Section        0  tasks.o(i.vTaskSuspendAll)
    i.vTaskSwitchContext                     0x08005ac8   Section        0  tasks.o(i.vTaskSwitchContext)
    i.xPortStartScheduler                    0x08005b24   Section        0  port.o(i.xPortStartScheduler)
    i.xQueueGenericCreate                    0x08005bcc   Section        0  queue.o(i.xQueueGenericCreate)
    i.xQueueGenericCreateStatic              0x08005c14   Section        0  queue.o(i.xQueueGenericCreateStatic)
    i.xQueueGenericReset                     0x08005c7c   Section        0  queue.o(i.xQueueGenericReset)
    i.xQueueGenericSend                      0x08005d04   Section        0  queue.o(i.xQueueGenericSend)
    i.xQueuePeek                             0x08005e64   Section        0  queue.o(i.xQueuePeek)
    i.xQueueReceive                          0x08005f98   Section        0  queue.o(i.xQueueReceive)
    i.xTaskCheckForTimeOut                   0x080060d0   Section        0  tasks.o(i.xTaskCheckForTimeOut)
    i.xTaskCreate                            0x08006144   Section        0  tasks.o(i.xTaskCreate)
    i.xTaskCreateStatic                      0x0800619e   Section        0  tasks.o(i.xTaskCreateStatic)
    i.xTaskGetSchedulerState                 0x080061f4   Section        0  tasks.o(i.xTaskGetSchedulerState)
    i.xTaskIncrementTick                     0x08006210   Section        0  tasks.o(i.xTaskIncrementTick)
    i.xTaskPriorityDisinherit                0x080062d8   Section        0  tasks.o(i.xTaskPriorityDisinherit)
    i.xTaskRemoveFromEventList               0x08006370   Section        0  tasks.o(i.xTaskRemoveFromEventList)
    i.xTaskResumeAll                         0x080063e4   Section        0  tasks.o(i.xTaskResumeAll)
    .constdata                               0x080064a8   Section      260  freertos.o(.constdata)
    .constdata                               0x080065ac   Section       16  system_stm32f1xx.o(.constdata)
    .constdata                               0x080065bc   Section        8  system_stm32f1xx.o(.constdata)
    .constdata                               0x080065c4   Section       24  esp8266.o(.constdata)
    .constdata                               0x080065dc   Section       18  stm32f1xx_hal_rcc.o(.constdata)
    aPredivFactorTable                       0x080065dc   Data           2  stm32f1xx_hal_rcc.o(.constdata)
    aPLLMULFactorTable                       0x080065de   Data          16  stm32f1xx_hal_rcc.o(.constdata)
    .constdata                               0x080065ee   Section      129  ctype_o.o(.constdata)
    .constdata                               0x08006670   Section        4  ctype_o.o(.constdata)
    table                                    0x08006670   Data           4  ctype_o.o(.constdata)
    .conststring                             0x08006674   Section       77  freertos.o(.conststring)
    .conststring                             0x080066c4   Section      718  esp8266.o(.conststring)
    .data                                    0x20000000   Section       44  freertos.o(.data)
    .data                                    0x2000002c   Section        4  system_stm32f1xx.o(.data)
    .data                                    0x20000030   Section       10  main_program.o(.data)
    .data                                    0x2000003a   Section        1  main_program.o(.data)
    .data                                    0x2000003b   Section        1  main_program.o(.data)
    .data                                    0x2000003c   Section     2075  oled.o(.data)
    .data                                    0x20000858   Section        6  esp8266.o(.data)
    error_count                              0x20000859   Data           1  esp8266.o(.data)
    .data                                    0x20000860   Section        4  step_motor.o(.data)
    step_sel                                 0x20000860   Data           4  step_motor.o(.data)
    .data                                    0x20000864   Section       12  stm32f1xx_hal.o(.data)
    .data                                    0x20000870   Section       60  tasks.o(.data)
    pxDelayedTaskList                        0x20000874   Data           4  tasks.o(.data)
    pxOverflowDelayedTaskList                0x20000878   Data           4  tasks.o(.data)
    uxDeletedTasksWaitingCleanUp             0x2000087c   Data           4  tasks.o(.data)
    uxCurrentNumberOfTasks                   0x20000880   Data           4  tasks.o(.data)
    xTickCount                               0x20000884   Data           4  tasks.o(.data)
    uxTopReadyPriority                       0x20000888   Data           4  tasks.o(.data)
    xSchedulerRunning                        0x2000088c   Data           4  tasks.o(.data)
    uxPendedTicks                            0x20000890   Data           4  tasks.o(.data)
    xYieldPending                            0x20000894   Data           4  tasks.o(.data)
    xNumOfOverflows                          0x20000898   Data           4  tasks.o(.data)
    uxTaskNumber                             0x2000089c   Data           4  tasks.o(.data)
    xNextTaskUnblockTime                     0x200008a0   Data           4  tasks.o(.data)
    xIdleTaskHandle                          0x200008a4   Data           4  tasks.o(.data)
    uxSchedulerSuspended                     0x200008a8   Data           4  tasks.o(.data)
    .data                                    0x200008ac   Section       24  heap_4.o(.data)
    pxEnd                                    0x200008ac   Data           4  heap_4.o(.data)
    xFreeBytesRemaining                      0x200008b0   Data           4  heap_4.o(.data)
    xMinimumEverFreeBytesRemaining           0x200008b4   Data           4  heap_4.o(.data)
    xBlockAllocatedBit                       0x200008b8   Data           4  heap_4.o(.data)
    xStart                                   0x200008bc   Data           8  heap_4.o(.data)
    .data                                    0x200008c4   Section       12  port.o(.data)
    ucMaxSysCallPriority                     0x200008c4   Data           1  port.o(.data)
    uxCriticalNesting                        0x200008c8   Data           4  port.o(.data)
    ulMaxPRIGROUPValue                       0x200008cc   Data           4  port.o(.data)
    .data                                    0x200008d0   Section        4  stdout.o(.data)
    .data                                    0x200008d4   Section        4  errno.o(.data)
    _errno                                   0x200008d4   Data           4  errno.o(.data)
    .bss                                     0x200008d8   Section      596  freertos.o(.bss)
    xIdleTaskTCBBuffer                       0x200008d8   Data          84  freertos.o(.bss)
    xIdleStack                               0x2000092c   Data         512  freertos.o(.bss)
    .bss                                     0x20000b2c   Section       84  i2c.o(.bss)
    .bss                                     0x20000b80   Section       88  spi.o(.bss)
    .bss                                     0x20000bd8   Section      144  tim.o(.bss)
    .bss                                     0x20000c68   Section      144  usart.o(.bss)
    .bss                                     0x20000cf8   Section       72  stm32f1xx_hal_timebase_tim.o(.bss)
    .bss                                     0x20000d40   Section      512  esp8266.o(.bss)
    .bss                                     0x20000f40   Section      240  tasks.o(.bss)
    pxReadyTasksLists                        0x20000f40   Data         140  tasks.o(.bss)
    xDelayedTaskList1                        0x20000fcc   Data          20  tasks.o(.bss)
    xDelayedTaskList2                        0x20000fe0   Data          20  tasks.o(.bss)
    xPendingReadyList                        0x20000ff4   Data          20  tasks.o(.bss)
    xTasksWaitingTermination                 0x20001008   Data          20  tasks.o(.bss)
    xSuspendedTaskList                       0x2000101c   Data          20  tasks.o(.bss)
    .bss                                     0x20001030   Section     3072  heap_4.o(.bss)
    ucHeap                                   0x20001030   Data        3072  heap_4.o(.bss)
    STACK                                    0x20001c30   Section     1024  startup_stm32f103xb.o(STACK)

    Global Symbols

    Symbol Name                              Value     Ov Type        Size  Object(Section)

    BuildAttributes$$THM_ISAv4$P$D$K$B$S$PE$A:L22UL41UL21$X:L11$S22US41US21$IEEE1$IW$USESV6$~STKCKD$USESV7$~SHL$OSPACE$ROPI$EBA8$MICROLIB$REQ8$PRES8$EABIv2 0x00000000   Number         0  anon$$obj.o ABSOLUTE
    __ARM_use_no_argv                        0x00000000   Number         0  main.o ABSOLUTE
    _printf_a                                0x00000000   Number         0  stubs.o ABSOLUTE
    _printf_c                                0x00000000   Number         0  stubs.o ABSOLUTE
    _printf_charcount                        0x00000000   Number         0  stubs.o ABSOLUTE
    _printf_d                                0x00000000   Number         0  stubs.o ABSOLUTE
    _printf_e                                0x00000000   Number         0  stubs.o ABSOLUTE
    _printf_f                                0x00000000   Number         0  stubs.o ABSOLUTE
    _printf_flags                            0x00000000   Number         0  stubs.o ABSOLUTE
    _printf_fp_dec                           0x00000000   Number         0  stubs.o ABSOLUTE
    _printf_fp_hex                           0x00000000   Number         0  stubs.o ABSOLUTE
    _printf_g                                0x00000000   Number         0  stubs.o ABSOLUTE
    _printf_i                                0x00000000   Number         0  stubs.o ABSOLUTE
    _printf_int_dec                          0x00000000   Number         0  stubs.o ABSOLUTE
    _printf_l                                0x00000000   Number         0  stubs.o ABSOLUTE
    _printf_lc                               0x00000000   Number         0  stubs.o ABSOLUTE
    _printf_ll                               0x00000000   Number         0  stubs.o ABSOLUTE
    _printf_lld                              0x00000000   Number         0  stubs.o ABSOLUTE
    _printf_lli                              0x00000000   Number         0  stubs.o ABSOLUTE
    _printf_llo                              0x00000000   Number         0  stubs.o ABSOLUTE
    _printf_llu                              0x00000000   Number         0  stubs.o ABSOLUTE
    _printf_llx                              0x00000000   Number         0  stubs.o ABSOLUTE
    _printf_longlong_dec                     0x00000000   Number         0  stubs.o ABSOLUTE
    _printf_longlong_hex                     0x00000000   Number         0  stubs.o ABSOLUTE
    _printf_longlong_oct                     0x00000000   Number         0  stubs.o ABSOLUTE
    _printf_ls                               0x00000000   Number         0  stubs.o ABSOLUTE
    _printf_mbtowc                           0x00000000   Number         0  stubs.o ABSOLUTE
    _printf_n                                0x00000000   Number         0  stubs.o ABSOLUTE
    _printf_o                                0x00000000   Number         0  stubs.o ABSOLUTE
    _printf_p                                0x00000000   Number         0  stubs.o ABSOLUTE
    _printf_percent                          0x00000000   Number         0  stubs.o ABSOLUTE
    _printf_pre_padding                      0x00000000   Number         0  stubs.o ABSOLUTE
    _printf_return_value                     0x00000000   Number         0  stubs.o ABSOLUTE
    _printf_s                                0x00000000   Number         0  stubs.o ABSOLUTE
    _printf_sizespec                         0x00000000   Number         0  stubs.o ABSOLUTE
    _printf_str                              0x00000000   Number         0  stubs.o ABSOLUTE
    _printf_truncate_signed                  0x00000000   Number         0  stubs.o ABSOLUTE
    _printf_truncate_unsigned                0x00000000   Number         0  stubs.o ABSOLUTE
    _printf_u                                0x00000000   Number         0  stubs.o ABSOLUTE
    _printf_wc                               0x00000000   Number         0  stubs.o ABSOLUTE
    _printf_wctomb                           0x00000000   Number         0  stubs.o ABSOLUTE
    _printf_widthprec                        0x00000000   Number         0  stubs.o ABSOLUTE
    _printf_x                                0x00000000   Number         0  stubs.o ABSOLUTE
    __arm_fini_                               - Undefined Weak Reference
    __cpp_initialize__aeabi_                  - Undefined Weak Reference
    __cxa_finalize                            - Undefined Weak Reference
    _clock_init                               - Undefined Weak Reference
    _microlib_exit                            - Undefined Weak Reference
    _scanf_longlong                           - Undefined Weak Reference
    _scanf_real                               - Undefined Weak Reference
    __Vectors_Size                           0x000000ec   Number         0  startup_stm32f103xb.o ABSOLUTE
    __Vectors                                0x08000000   Data           4  startup_stm32f103xb.o(RESET)
    __Vectors_End                            0x080000ec   Data           0  startup_stm32f103xb.o(RESET)
    __main                                   0x080000ed   Thumb Code     0  entry.o(.ARM.Collect$$$$00000000)
    _main_stk                                0x080000ed   Thumb Code     0  entry2.o(.ARM.Collect$$$$00000001)
    _main_scatterload                        0x080000f1   Thumb Code     0  entry5.o(.ARM.Collect$$$$00000004)
    __main_after_scatterload                 0x080000f5   Thumb Code     0  entry5.o(.ARM.Collect$$$$00000004)
    _main_clock                              0x080000f5   Thumb Code     0  entry7b.o(.ARM.Collect$$$$00000008)
    _main_cpp_init                           0x080000f5   Thumb Code     0  entry8b.o(.ARM.Collect$$$$0000000A)
    _main_init                               0x080000f5   Thumb Code     0  entry9a.o(.ARM.Collect$$$$0000000B)
    __rt_lib_shutdown_fini                   0x080000fd   Thumb Code     0  entry12b.o(.ARM.Collect$$$$0000000E)
    __rt_final_cpp                           0x08000101   Thumb Code     0  entry10a.o(.ARM.Collect$$$$0000000F)
    __rt_final_exit                          0x08000101   Thumb Code     0  entry11a.o(.ARM.Collect$$$$00000011)
    SVC_Handler                              0x08000105   Thumb Code    32  port.o(.emb_text)
    __asm___6_port_c_39a90d8d__prvStartFirstTask 0x08000129   Thumb Code    28  port.o(.emb_text)
    PendSV_Handler                           0x08000149   Thumb Code    72  port.o(.emb_text)
    vPortGetIPSR                             0x08000195   Thumb Code     6  port.o(.emb_text)
    Reset_Handler                            0x0800019d   Thumb Code     8  startup_stm32f103xb.o(.text)
    ADC1_2_IRQHandler                        0x080001b7   Thumb Code     0  startup_stm32f103xb.o(.text)
    CAN1_RX1_IRQHandler                      0x080001b7   Thumb Code     0  startup_stm32f103xb.o(.text)
    CAN1_SCE_IRQHandler                      0x080001b7   Thumb Code     0  startup_stm32f103xb.o(.text)
    DMA1_Channel1_IRQHandler                 0x080001b7   Thumb Code     0  startup_stm32f103xb.o(.text)
    DMA1_Channel2_IRQHandler                 0x080001b7   Thumb Code     0  startup_stm32f103xb.o(.text)
    DMA1_Channel3_IRQHandler                 0x080001b7   Thumb Code     0  startup_stm32f103xb.o(.text)
    DMA1_Channel4_IRQHandler                 0x080001b7   Thumb Code     0  startup_stm32f103xb.o(.text)
    DMA1_Channel5_IRQHandler                 0x080001b7   Thumb Code     0  startup_stm32f103xb.o(.text)
    DMA1_Channel6_IRQHandler                 0x080001b7   Thumb Code     0  startup_stm32f103xb.o(.text)
    DMA1_Channel7_IRQHandler                 0x080001b7   Thumb Code     0  startup_stm32f103xb.o(.text)
    EXTI0_IRQHandler                         0x080001b7   Thumb Code     0  startup_stm32f103xb.o(.text)
    EXTI15_10_IRQHandler                     0x080001b7   Thumb Code     0  startup_stm32f103xb.o(.text)
    EXTI1_IRQHandler                         0x080001b7   Thumb Code     0  startup_stm32f103xb.o(.text)
    EXTI2_IRQHandler                         0x080001b7   Thumb Code     0  startup_stm32f103xb.o(.text)
    EXTI3_IRQHandler                         0x080001b7   Thumb Code     0  startup_stm32f103xb.o(.text)
    EXTI4_IRQHandler                         0x080001b7   Thumb Code     0  startup_stm32f103xb.o(.text)
    EXTI9_5_IRQHandler                       0x080001b7   Thumb Code     0  startup_stm32f103xb.o(.text)
    FLASH_IRQHandler                         0x080001b7   Thumb Code     0  startup_stm32f103xb.o(.text)
    I2C1_ER_IRQHandler                       0x080001b7   Thumb Code     0  startup_stm32f103xb.o(.text)
    I2C1_EV_IRQHandler                       0x080001b7   Thumb Code     0  startup_stm32f103xb.o(.text)
    I2C2_ER_IRQHandler                       0x080001b7   Thumb Code     0  startup_stm32f103xb.o(.text)
    I2C2_EV_IRQHandler                       0x080001b7   Thumb Code     0  startup_stm32f103xb.o(.text)
    PVD_IRQHandler                           0x080001b7   Thumb Code     0  startup_stm32f103xb.o(.text)
    RCC_IRQHandler                           0x080001b7   Thumb Code     0  startup_stm32f103xb.o(.text)
    RTC_Alarm_IRQHandler                     0x080001b7   Thumb Code     0  startup_stm32f103xb.o(.text)
    RTC_IRQHandler                           0x080001b7   Thumb Code     0  startup_stm32f103xb.o(.text)
    SPI1_IRQHandler                          0x080001b7   Thumb Code     0  startup_stm32f103xb.o(.text)
    SPI2_IRQHandler                          0x080001b7   Thumb Code     0  startup_stm32f103xb.o(.text)
    TAMPER_IRQHandler                        0x080001b7   Thumb Code     0  startup_stm32f103xb.o(.text)
    TIM1_BRK_IRQHandler                      0x080001b7   Thumb Code     0  startup_stm32f103xb.o(.text)
    TIM1_CC_IRQHandler                       0x080001b7   Thumb Code     0  startup_stm32f103xb.o(.text)
    TIM1_TRG_COM_IRQHandler                  0x080001b7   Thumb Code     0  startup_stm32f103xb.o(.text)
    TIM1_UP_IRQHandler                       0x080001b7   Thumb Code     0  startup_stm32f103xb.o(.text)
    TIM3_IRQHandler                          0x080001b7   Thumb Code     0  startup_stm32f103xb.o(.text)
    USART1_IRQHandler                        0x080001b7   Thumb Code     0  startup_stm32f103xb.o(.text)
    USART3_IRQHandler                        0x080001b7   Thumb Code     0  startup_stm32f103xb.o(.text)
    USBWakeUp_IRQHandler                     0x080001b7   Thumb Code     0  startup_stm32f103xb.o(.text)
    USB_HP_CAN1_TX_IRQHandler                0x080001b7   Thumb Code     0  startup_stm32f103xb.o(.text)
    USB_LP_CAN1_RX0_IRQHandler               0x080001b7   Thumb Code     0  startup_stm32f103xb.o(.text)
    WWDG_IRQHandler                          0x080001b7   Thumb Code     0  startup_stm32f103xb.o(.text)
    __aeabi_memcpy                           0x080001c1   Thumb Code    36  memcpya.o(.text)
    __aeabi_memcpy4                          0x080001c1   Thumb Code     0  memcpya.o(.text)
    __aeabi_memcpy8                          0x080001c1   Thumb Code     0  memcpya.o(.text)
    __aeabi_memset                           0x080001e5   Thumb Code    14  memseta.o(.text)
    __aeabi_memset4                          0x080001e5   Thumb Code     0  memseta.o(.text)
    __aeabi_memset8                          0x080001e5   Thumb Code     0  memseta.o(.text)
    __aeabi_memclr                           0x080001f3   Thumb Code     4  memseta.o(.text)
    __aeabi_memclr4                          0x080001f3   Thumb Code     0  memseta.o(.text)
    __aeabi_memclr8                          0x080001f3   Thumb Code     0  memseta.o(.text)
    memset                                   0x080001f7   Thumb Code    18  memseta.o(.text)
    strstr                                   0x08000209   Thumb Code    36  strstr.o(.text)
    strlen                                   0x0800022d   Thumb Code    14  strlen.o(.text)
    __0sscanf                                0x0800023d   Thumb Code    48  __0sscanf.o(.text)
    _scanf_int                               0x08000275   Thumb Code   332  _scanf_int.o(.text)
    _scanf_string                            0x080003c1   Thumb Code   224  _scanf_str.o(.text)
    atoi                                     0x080004a1   Thumb Code    26  atoi.o(.text)
    __aeabi_uidiv                            0x080004bb   Thumb Code     0  uidiv.o(.text)
    __aeabi_uidivmod                         0x080004bb   Thumb Code    44  uidiv.o(.text)
    _chval                                   0x080004e7   Thumb Code    28  _chval.o(.text)
    __vfscanf_char                           0x08000511   Thumb Code    20  scanf_char.o(.text)
    _sgetc                                   0x0800052d   Thumb Code    30  _sgetc.o(.text)
    _sbackspace                              0x0800054b   Thumb Code    34  _sgetc.o(.text)
    strtol                                   0x0800056d   Thumb Code   112  strtol.o(.text)
    __scatterload                            0x080005dd   Thumb Code    28  init.o(.text)
    __scatterload_rt2                        0x080005dd   Thumb Code     0  init.o(.text)
    __rt_ctype_table                         0x08000601   Thumb Code     4  ctype_o.o(.text)
    isspace                                  0x08000609   Thumb Code    18  isspace_o.o(.text)
    __vfscanf                                0x0800061d   Thumb Code   810  _scanf.o(.text)
    _strtoul                                 0x0800094d   Thumb Code   158  _strtoul.o(.text)
    __decompress                             0x080009eb   Thumb Code     0  __dczerorl2.o(.text)
    __decompress1                            0x080009eb   Thumb Code    86  __dczerorl2.o(.text)
    BH1750_Init                              0x08000a41   Thumb Code    44  bh1750.o(i.BH1750_Init)
    BH1750_Read                              0x08000a71   Thumb Code    22  bh1750.o(i.BH1750_Read)
    BH1750_Write                             0x08000a8d   Thumb Code    22  bh1750.o(i.BH1750_Write)
    BusFault_Handler                         0x08000aa9   Thumb Code     2  stm32f1xx_it.o(i.BusFault_Handler)
    DebugMon_Handler                         0x08000aab   Thumb Code     2  stm32f1xx_it.o(i.DebugMon_Handler)
    Error_Handler                            0x08000aad   Thumb Code     4  main.o(i.Error_Handler)
    HAL_DMA_Abort                            0x08000ab1   Thumb Code    70  stm32f1xx_hal_dma.o(i.HAL_DMA_Abort)
    HAL_DMA_Abort_IT                         0x08000af9   Thumb Code   148  stm32f1xx_hal_dma.o(i.HAL_DMA_Abort_IT)
    HAL_Delay                                0x08000b91   Thumb Code    32  stm32f1xx_hal.o(i.HAL_Delay)
    HAL_GPIO_Init                            0x08000bb5   Thumb Code   446  stm32f1xx_hal_gpio.o(i.HAL_GPIO_Init)
    HAL_GPIO_ReadPin                         0x08000d95   Thumb Code    10  stm32f1xx_hal_gpio.o(i.HAL_GPIO_ReadPin)
    HAL_GPIO_WritePin                        0x08000d9f   Thumb Code    10  stm32f1xx_hal_gpio.o(i.HAL_GPIO_WritePin)
    HAL_GetTick                              0x08000da9   Thumb Code     6  stm32f1xx_hal.o(i.HAL_GetTick)
    HAL_I2C_Init                             0x08000db5   Thumb Code   376  stm32f1xx_hal_i2c.o(i.HAL_I2C_Init)
    HAL_I2C_Master_Receive                   0x08000f3d   Thumb Code   576  stm32f1xx_hal_i2c.o(i.HAL_I2C_Master_Receive)
    HAL_I2C_Master_Transmit                  0x0800118d   Thumb Code   290  stm32f1xx_hal_i2c.o(i.HAL_I2C_Master_Transmit)
    HAL_I2C_MspInit                          0x080012b9   Thumb Code    96  i2c.o(i.HAL_I2C_MspInit)
    HAL_IncTick                              0x08001329   Thumb Code    12  stm32f1xx_hal.o(i.HAL_IncTick)
    HAL_Init                                 0x08001339   Thumb Code    32  stm32f1xx_hal.o(i.HAL_Init)
    HAL_InitTick                             0x0800135d   Thumb Code   132  stm32f1xx_hal_timebase_tim.o(i.HAL_InitTick)
    HAL_MspInit                              0x080013f5   Thumb Code    62  stm32f1xx_hal_msp.o(i.HAL_MspInit)
    HAL_NVIC_EnableIRQ                       0x0800143d   Thumb Code    26  stm32f1xx_hal_cortex.o(i.HAL_NVIC_EnableIRQ)
    HAL_NVIC_SetPriority                     0x08001459   Thumb Code    60  stm32f1xx_hal_cortex.o(i.HAL_NVIC_SetPriority)
    HAL_NVIC_SetPriorityGrouping             0x08001499   Thumb Code    26  stm32f1xx_hal_cortex.o(i.HAL_NVIC_SetPriorityGrouping)
    HAL_RCC_ClockConfig                      0x080014bd   Thumb Code   280  stm32f1xx_hal_rcc.o(i.HAL_RCC_ClockConfig)
    HAL_RCC_GetClockConfig                   0x080015e9   Thumb Code    54  stm32f1xx_hal_rcc.o(i.HAL_RCC_GetClockConfig)
    HAL_RCC_GetPCLK1Freq                     0x08001629   Thumb Code    20  stm32f1xx_hal_rcc.o(i.HAL_RCC_GetPCLK1Freq)
    HAL_RCC_GetPCLK2Freq                     0x08001649   Thumb Code    20  stm32f1xx_hal_rcc.o(i.HAL_RCC_GetPCLK2Freq)
    HAL_RCC_GetSysClockFreq                  0x08001669   Thumb Code    58  stm32f1xx_hal_rcc.o(i.HAL_RCC_GetSysClockFreq)
    HAL_RCC_OscConfig                        0x080016b5   Thumb Code   778  stm32f1xx_hal_rcc.o(i.HAL_RCC_OscConfig)
    HAL_SPI_Init                             0x080019d5   Thumb Code   178  stm32f1xx_hal_spi.o(i.HAL_SPI_Init)
    HAL_SPI_MspInit                          0x08001a89   Thumb Code    80  spi.o(i.HAL_SPI_MspInit)
    HAL_SPI_Transmit                         0x08001ae5   Thumb Code   366  stm32f1xx_hal_spi.o(i.HAL_SPI_Transmit)
    HAL_TIMEx_BreakCallback                  0x08001c53   Thumb Code     2  stm32f1xx_hal_tim_ex.o(i.HAL_TIMEx_BreakCallback)
    HAL_TIMEx_CommutCallback                 0x08001c55   Thumb Code     2  stm32f1xx_hal_tim_ex.o(i.HAL_TIMEx_CommutCallback)
    HAL_TIMEx_MasterConfigSynchronization    0x08001c59   Thumb Code    92  stm32f1xx_hal_tim_ex.o(i.HAL_TIMEx_MasterConfigSynchronization)
    HAL_TIM_Base_Init                        0x08001cc1   Thumb Code    90  stm32f1xx_hal_tim.o(i.HAL_TIM_Base_Init)
    HAL_TIM_Base_MspInit                     0x08001d1d   Thumb Code    72  tim.o(i.HAL_TIM_Base_MspInit)
    HAL_TIM_Base_Start_IT                    0x08001d6d   Thumb Code    76  stm32f1xx_hal_tim.o(i.HAL_TIM_Base_Start_IT)
    HAL_TIM_ConfigClockSource                0x08001dc5   Thumb Code   220  stm32f1xx_hal_tim.o(i.HAL_TIM_ConfigClockSource)
    HAL_TIM_IC_CaptureCallback               0x08001ea1   Thumb Code     2  stm32f1xx_hal_tim.o(i.HAL_TIM_IC_CaptureCallback)
    HAL_TIM_IRQHandler                       0x08001ea3   Thumb Code   358  stm32f1xx_hal_tim.o(i.HAL_TIM_IRQHandler)
    HAL_TIM_MspPostInit                      0x08002009   Thumb Code    80  tim.o(i.HAL_TIM_MspPostInit)
    HAL_TIM_OC_DelayElapsedCallback          0x08002069   Thumb Code     2  stm32f1xx_hal_tim.o(i.HAL_TIM_OC_DelayElapsedCallback)
    HAL_TIM_PWM_ConfigChannel                0x0800206b   Thumb Code   204  stm32f1xx_hal_tim.o(i.HAL_TIM_PWM_ConfigChannel)
    HAL_TIM_PWM_Init                         0x08002137   Thumb Code    90  stm32f1xx_hal_tim.o(i.HAL_TIM_PWM_Init)
    HAL_TIM_PWM_MspInit                      0x08002191   Thumb Code     2  stm32f1xx_hal_tim.o(i.HAL_TIM_PWM_MspInit)
    HAL_TIM_PWM_PulseFinishedCallback        0x08002193   Thumb Code     2  stm32f1xx_hal_tim.o(i.HAL_TIM_PWM_PulseFinishedCallback)
    HAL_TIM_PWM_Start                        0x08002195   Thumb Code   144  stm32f1xx_hal_tim.o(i.HAL_TIM_PWM_Start)
    HAL_TIM_PeriodElapsedCallback            0x08002231   Thumb Code    14  main.o(i.HAL_TIM_PeriodElapsedCallback)
    HAL_TIM_TriggerCallback                  0x08002245   Thumb Code     2  stm32f1xx_hal_tim.o(i.HAL_TIM_TriggerCallback)
    HAL_UARTEx_RxEventCallback               0x08002247   Thumb Code     2  stm32f1xx_hal_uart.o(i.HAL_UARTEx_RxEventCallback)
    HAL_UART_ErrorCallback                   0x08002249   Thumb Code     2  stm32f1xx_hal_uart.o(i.HAL_UART_ErrorCallback)
    HAL_UART_IRQHandler                      0x0800224d   Thumb Code   616  stm32f1xx_hal_uart.o(i.HAL_UART_IRQHandler)
    HAL_UART_Init                            0x080024b9   Thumb Code   100  stm32f1xx_hal_uart.o(i.HAL_UART_Init)
    HAL_UART_MspInit                         0x0800251d   Thumb Code   186  usart.o(i.HAL_UART_MspInit)
    HAL_UART_Receive                         0x080025e9   Thumb Code   172  stm32f1xx_hal_uart.o(i.HAL_UART_Receive)
    HAL_UART_RxCpltCallback                  0x08002695   Thumb Code     2  stm32f1xx_hal_uart.o(i.HAL_UART_RxCpltCallback)
    HAL_UART_Transmit                        0x08002697   Thumb Code   154  stm32f1xx_hal_uart.o(i.HAL_UART_Transmit)
    HAL_UART_TxCpltCallback                  0x08002731   Thumb Code     2  stm32f1xx_hal_uart.o(i.HAL_UART_TxCpltCallback)
    HardFault_Handler                        0x08002733   Thumb Code     2  stm32f1xx_it.o(i.HardFault_Handler)
    JSON_SearchConst                         0x08002b57   Thumb Code   100  core_json.o(i.JSON_SearchConst)
    JSON_SearchT                             0x08002bbb   Thumb Code    18  core_json.o(i.JSON_SearchT)
    JSON_Validate                            0x08002bcd   Thumb Code    94  core_json.o(i.JSON_Validate)
    MX_FREERTOS_Init                         0x08002c2d   Thumb Code    30  freertos.o(i.MX_FREERTOS_Init)
    MX_GPIO_Init                             0x08002c55   Thumb Code   222  gpio.o(i.MX_GPIO_Init)
    MX_I2C1_Init                             0x08002d45   Thumb Code    50  i2c.o(i.MX_I2C1_Init)
    MX_SPI1_Init                             0x08002d85   Thumb Code    64  spi.o(i.MX_SPI1_Init)
    MX_TIM2_Init                             0x08002dcd   Thumb Code    96  tim.o(i.MX_TIM2_Init)
    MX_TIM3_Init                             0x08002e31   Thumb Code   176  tim.o(i.MX_TIM3_Init)
    MX_USART1_UART_Init                      0x08002ee9   Thumb Code    48  usart.o(i.MX_USART1_UART_Init)
    MX_USART2_UART_Init                      0x08002f21   Thumb Code    48  usart.o(i.MX_USART2_UART_Init)
    MemManage_Handler                        0x08002f59   Thumb Code     2  stm32f1xx_it.o(i.MemManage_Handler)
    NMI_Handler                              0x08002f5b   Thumb Code     2  stm32f1xx_it.o(i.NMI_Handler)
    OLED_Clear                               0x08002f5d   Thumb Code    70  oled.o(i.OLED_Clear)
    OLED_Init                                0x08002fa9   Thumb Code    76  oled.o(i.OLED_Init)
    OLED_Set_Pos                             0x08003015   Thumb Code    30  oled.o(i.OLED_Set_Pos)
    OLED_ShowNum                             0x08003039   Thumb Code   164  oled.o(i.OLED_ShowNum)
    OLED_ShowString                          0x080030e5   Thumb Code   130  oled.o(i.OLED_ShowString)
    OLED_Write                               0x08003171   Thumb Code    78  oled.o(i.OLED_Write)
    SysTick_Handler                          0x080032a1   Thumb Code    38  port.o(i.SysTick_Handler)
    SystemClock_Config                       0x080032cd   Thumb Code    94  main.o(i.SystemClock_Config)
    SystemInit                               0x0800332b   Thumb Code     2  system_stm32f1xx.o(i.SystemInit)
    TIM2_IRQHandler                          0x0800332d   Thumb Code     6  stm32f1xx_it.o(i.TIM2_IRQHandler)
    TIM4_IRQHandler                          0x08003339   Thumb Code     6  stm32f1xx_it.o(i.TIM4_IRQHandler)
    TIM_Base_SetConfig                       0x08003345   Thumb Code    94  stm32f1xx_hal_tim.o(i.TIM_Base_SetConfig)
    TIM_CCxChannelCmd                        0x080033b1   Thumb Code    26  stm32f1xx_hal_tim.o(i.TIM_CCxChannelCmd)
    TIM_ETR_SetConfig                        0x080033cb   Thumb Code    20  stm32f1xx_hal_tim.o(i.TIM_ETR_SetConfig)
    TIM_OC2_SetConfig                        0x08003441   Thumb Code    84  stm32f1xx_hal_tim.o(i.TIM_OC2_SetConfig)
    USART2_IRQHandler                        0x080037cd   Thumb Code    16  stm32f1xx_it.o(i.USART2_IRQHandler)
    UsageFault_Handler                       0x080037e1   Thumb Code     2  stm32f1xx_it.o(i.UsageFault_Handler)
    __0printf$3                              0x080037e5   Thumb Code    22  printf3.o(i.__0printf$3)
    __1printf$3                              0x080037e5   Thumb Code     0  printf3.o(i.__0printf$3)
    __2printf                                0x080037e5   Thumb Code     0  printf3.o(i.__0printf$3)
    __0sprintf$3                             0x08003805   Thumb Code    34  printf3.o(i.__0sprintf$3)
    __1sprintf$3                             0x08003805   Thumb Code     0  printf3.o(i.__0sprintf$3)
    __2sprintf                               0x08003805   Thumb Code     0  printf3.o(i.__0sprintf$3)
    __aeabi_errno_addr                       0x0800384d   Thumb Code     4  errno.o(i.__aeabi_errno_addr)
    __rt_errno_addr                          0x0800384d   Thumb Code     0  errno.o(i.__aeabi_errno_addr)
    __scatterload_copy                       0x08003855   Thumb Code    14  handlers.o(i.__scatterload_copy)
    __scatterload_null                       0x08003863   Thumb Code     2  handlers.o(i.__scatterload_null)
    __scatterload_zeroinit                   0x08003865   Thumb Code    14  handlers.o(i.__scatterload_zeroinit)
    bh_task                                  0x08003ad1   Thumb Code    50  freertos.o(i.bh_task)
    dht11_check                              0x08003b19   Thumb Code    88  dht11.o(i.dht11_check)
    dht11_init                               0x08003b75   Thumb Code    26  dht11.o(i.dht11_init)
    dht11_io_in                              0x08003b91   Thumb Code    28  dht11.o(i.dht11_io_in)
    dht11_io_out                             0x08003bb1   Thumb Code    30  dht11.o(i.dht11_io_out)
    dht11_read_bit                           0x08003bd5   Thumb Code    86  dht11.o(i.dht11_read_bit)
    dht11_read_byte                          0x08003c31   Thumb Code    26  dht11.o(i.dht11_read_byte)
    dht11_read_data                          0x08003c4b   Thumb Code    80  dht11.o(i.dht11_read_data)
    dht11_rst                                0x08003c9d   Thumb Code    48  dht11.o(i.dht11_rst)
    dht_task                                 0x08003cd1   Thumb Code    58  freertos.o(i.dht_task)
    esp8266_config_network                   0x08003d11   Thumb Code    80  esp8266.o(i.esp8266_config_network)
    esp8266_connect_server                   0x08003d91   Thumb Code    80  esp8266.o(i.esp8266_connect_server)
    esp8266_init                             0x08003df5   Thumb Code   230  esp8266.o(i.esp8266_init)
    esp8266_receive_msg                      0x08003fcd   Thumb Code   112  esp8266.o(i.esp8266_receive_msg)
    esp8266_reset                            0x08004069   Thumb Code    82  esp8266.o(i.esp8266_reset)
    esp8266_send_cmd                         0x080040d9   Thumb Code   102  esp8266.o(i.esp8266_send_cmd)
    esp8266_send_msg                         0x0800414d   Thumb Code   194  esp8266.o(i.esp8266_send_msg)
    esp_task                                 0x0800425d   Thumb Code   194  freertos.o(i.esp_task)
    fputc                                    0x08004325   Thumb Code    20  uart_printf.o(i.fputc)
    led_task                                 0x08004399   Thumb Code   112  freertos.o(i.led_task)
    main                                     0x0800440d   Thumb Code    50  main.o(i.main)
    oled_task                                0x080046f5   Thumb Code   104  freertos.o(i.oled_task)
    osDelay                                  0x08004761   Thumb Code    14  cmsis_os.o(i.osDelay)
    osKernelStart                            0x0800476f   Thumb Code    10  cmsis_os.o(i.osKernelStart)
    osMessageCreate                          0x08004779   Thumb Code    38  cmsis_os.o(i.osMessageCreate)
    osThreadCreate                           0x0800479f   Thumb Code    84  cmsis_os.o(i.osThreadCreate)
    parse_json_msg                           0x080047f5   Thumb Code   200  esp8266.o(i.parse_json_msg)
    pvPortMalloc                             0x08004d61   Thumb Code   210  heap_4.o(i.pvPortMalloc)
    pxPortInitialiseStack                    0x08004e39   Thumb Code    32  port.o(i.pxPortInitialiseStack)
    rotate                                   0x08004e5d   Thumb Code   218  step_motor.o(i.rotate)
    set_led                                  0x08004f41   Thumb Code    22  led.o(i.set_led)
    set_rgb                                  0x08004f5d   Thumb Code    18  led.o(i.set_rgb)
    step_task                                0x080054dd   Thumb Code    56  freertos.o(i.step_task)
    sys_start                                0x08005541   Thumb Code   254  freertos.o(i.sys_start)
    uart2_receiver_clear                     0x08005649   Thumb Code    22  esp8266.o(i.uart2_receiver_clear)
    uart2_receiver_handle                    0x08005669   Thumb Code    58  esp8266.o(i.uart2_receiver_handle)
    user_init_program                        0x080056b1   Thumb Code   134  main_program.o(i.user_init_program)
    uxListRemove                             0x08005781   Thumb Code    38  list.o(i.uxListRemove)
    vApplicationGetIdleTaskMemory            0x080057a9   Thumb Code    16  freertos.o(i.vApplicationGetIdleTaskMemory)
    vListInitialise                          0x080057bd   Thumb Code    22  list.o(i.vListInitialise)
    vListInitialiseItem                      0x080057d3   Thumb Code     6  list.o(i.vListInitialiseItem)
    vListInsert                              0x080057d9   Thumb Code    48  list.o(i.vListInsert)
    vListInsertEnd                           0x08005809   Thumb Code    24  list.o(i.vListInsertEnd)
    vPortEnterCritical                       0x08005821   Thumb Code    54  port.o(i.vPortEnterCritical)
    vPortExitCritical                        0x08005861   Thumb Code    34  port.o(i.vPortExitCritical)
    vPortFree                                0x08005889   Thumb Code    88  heap_4.o(i.vPortFree)
    vPortSetupTimerInterrupt                 0x080058e5   Thumb Code    32  port.o(i.vPortSetupTimerInterrupt)
    vTaskDelay                               0x08005909   Thumb Code    66  tasks.o(i.vTaskDelay)
    vTaskDelete                              0x08005955   Thumb Code   158  tasks.o(i.vTaskDelete)
    vTaskInternalSetTimeOutState             0x08005a01   Thumb Code    12  tasks.o(i.vTaskInternalSetTimeOutState)
    vTaskMissedYield                         0x08005a11   Thumb Code     8  tasks.o(i.vTaskMissedYield)
    vTaskPlaceOnEventList                    0x08005a1d   Thumb Code    44  tasks.o(i.vTaskPlaceOnEventList)
    vTaskStartScheduler                      0x08005a4d   Thumb Code    90  tasks.o(i.vTaskStartScheduler)
    vTaskSuspendAll                          0x08005ab9   Thumb Code    10  tasks.o(i.vTaskSuspendAll)
    vTaskSwitchContext                       0x08005ac9   Thumb Code    82  tasks.o(i.vTaskSwitchContext)
    xPortStartScheduler                      0x08005b25   Thumb Code   154  port.o(i.xPortStartScheduler)
    xQueueGenericCreate                      0x08005bcd   Thumb Code    72  queue.o(i.xQueueGenericCreate)
    xQueueGenericCreateStatic                0x08005c15   Thumb Code   102  queue.o(i.xQueueGenericCreateStatic)
    xQueueGenericReset                       0x08005c7d   Thumb Code   132  queue.o(i.xQueueGenericReset)
    xQueueGenericSend                        0x08005d05   Thumb Code   346  queue.o(i.xQueueGenericSend)
    xQueuePeek                               0x08005e65   Thumb Code   302  queue.o(i.xQueuePeek)
    xQueueReceive                            0x08005f99   Thumb Code   308  queue.o(i.xQueueReceive)
    xTaskCheckForTimeOut                     0x080060d1   Thumb Code   112  tasks.o(i.xTaskCheckForTimeOut)
    xTaskCreate                              0x08006145   Thumb Code    90  tasks.o(i.xTaskCreate)
    xTaskCreateStatic                        0x0800619f   Thumb Code    86  tasks.o(i.xTaskCreateStatic)
    xTaskGetSchedulerState                   0x080061f5   Thumb Code    22  tasks.o(i.xTaskGetSchedulerState)
    xTaskIncrementTick                       0x08006211   Thumb Code   192  tasks.o(i.xTaskIncrementTick)
    xTaskPriorityDisinherit                  0x080062d9   Thumb Code   144  tasks.o(i.xTaskPriorityDisinherit)
    xTaskRemoveFromEventList                 0x08006371   Thumb Code   108  tasks.o(i.xTaskRemoveFromEventList)
    xTaskResumeAll                           0x080063e5   Thumb Code   182  tasks.o(i.xTaskResumeAll)
    AHBPrescTable                            0x080065ac   Data          16  system_stm32f1xx.o(.constdata)
    APBPrescTable                            0x080065bc   Data           8  system_stm32f1xx.o(.constdata)
    __ctype_table                            0x080065ee   Data         129  ctype_o.o(.constdata)
    Region$$Table$$Base                      0x08006994   Number         0  anon$$obj.o(Region$$Table)
    Region$$Table$$Limit                     0x080069b4   Number         0  anon$$obj.o(Region$$Table)
    esp8266TaskHandle                        0x20000000   Data           4  freertos.o(.data)
    dht11TaskHandle                          0x20000004   Data           4  freertos.o(.data)
    BH1750TaskHandle                         0x20000008   Data           4  freertos.o(.data)
    LEDTaskHandle                            0x2000000c   Data           4  freertos.o(.data)
    OLEDTaskHandle                           0x20000010   Data           4  freertos.o(.data)
    STEPTaskHandle                           0x20000014   Data           4  freertos.o(.data)
    sysStartHandle                           0x20000018   Data           4  freertos.o(.data)
    bh_dataHandle                            0x2000001c   Data           4  freertos.o(.data)
    dht_dataHandle                           0x20000020   Data           4  freertos.o(.data)
    step_dataHandle                          0x20000024   Data           4  freertos.o(.data)
    led_rgbHandle                            0x20000028   Data           4  freertos.o(.data)
    SystemCoreClock                          0x2000002c   Data           4  system_stm32f1xx.o(.data)
    led_status                               0x20000030   Data           1  main_program.o(.data)
    temp_value                               0x20000031   Data           1  main_program.o(.data)
    humi_value                               0x20000032   Data           1  main_program.o(.data)
    Red_value                                0x20000033   Data           1  main_program.o(.data)
    Blue_value                               0x20000034   Data           1  main_program.o(.data)
    Green_value                              0x20000035   Data           1  main_program.o(.data)
    light                                    0x20000036   Data           2  main_program.o(.data)
    light_temp                               0x20000038   Data           2  main_program.o(.data)
    num_value                                0x2000003a   Data           1  main_program.o(.data)
    direct_value                             0x2000003b   Data           1  main_program.o(.data)
    Coordinate                               0x2000003c   Data           3  oled.o(.data)
    asc2_0806                                0x2000003f   Data         552  oled.o(.data)
    asc2_1608                                0x20000267   Data        1520  oled.o(.data)
    receive_start                            0x20000858   Data           1  esp8266.o(.data)
    receive_count                            0x2000085a   Data           2  esp8266.o(.data)
    receive_finish                           0x2000085c   Data           2  esp8266.o(.data)
    uwTickFreq                               0x20000864   Data           1  stm32f1xx_hal.o(.data)
    uwTickPrio                               0x20000868   Data           4  stm32f1xx_hal.o(.data)
    uwTick                                   0x2000086c   Data           4  stm32f1xx_hal.o(.data)
    pxCurrentTCB                             0x20000870   Data           4  tasks.o(.data)
    __stdout                                 0x200008d0   Data           4  stdout.o(.data)
    hi2c1                                    0x20000b2c   Data          84  i2c.o(.bss)
    hspi1                                    0x20000b80   Data          88  spi.o(.bss)
    htim2                                    0x20000bd8   Data          72  tim.o(.bss)
    htim3                                    0x20000c20   Data          72  tim.o(.bss)
    huart1                                   0x20000c68   Data          72  usart.o(.bss)
    huart2                                   0x20000cb0   Data          72  usart.o(.bss)
    htim4                                    0x20000cf8   Data          72  stm32f1xx_hal_timebase_tim.o(.bss)
    receive_buf                              0x20000d40   Data         512  esp8266.o(.bss)
    __initial_sp                             0x20002030   Data           0  startup_stm32f103xb.o(STACK)



==============================================================================

Memory Map of the image

  Image Entry point : 0x080000ed

  Load Region LR_IROM1 (Base: 0x08000000, Size: 0x0000728c, Max: 0x00010000, ABSOLUTE, COMPRESSED[0x00006ef4])

    Execution Region ER_IROM1 (Base: 0x08000000, Size: 0x000069b4, Max: 0x00010000, ABSOLUTE)

    Base Addr    Size         Type   Attr      Idx    E Section Name        Object

    0x08000000   0x000000ec   Data   RO            3    RESET               startup_stm32f103xb.o
    0x080000ec   0x00000000   Code   RO         5661  * .ARM.Collect$$$$00000000  mc_w.l(entry.o)
    0x080000ec   0x00000004   Code   RO         5949    .ARM.Collect$$$$00000001  mc_w.l(entry2.o)
    0x080000f0   0x00000004   Code   RO         5952    .ARM.Collect$$$$00000004  mc_w.l(entry5.o)
    0x080000f4   0x00000000   Code   RO         5954    .ARM.Collect$$$$00000008  mc_w.l(entry7b.o)
    0x080000f4   0x00000000   Code   RO         5956    .ARM.Collect$$$$0000000A  mc_w.l(entry8b.o)
    0x080000f4   0x00000008   Code   RO         5957    .ARM.Collect$$$$0000000B  mc_w.l(entry9a.o)
    0x080000fc   0x00000004   Code   RO         5964    .ARM.Collect$$$$0000000E  mc_w.l(entry12b.o)
    0x08000100   0x00000000   Code   RO         5959    .ARM.Collect$$$$0000000F  mc_w.l(entry10a.o)
    0x08000100   0x00000000   Code   RO         5961    .ARM.Collect$$$$00000011  mc_w.l(entry11a.o)
    0x08000100   0x00000004   Code   RO         5950    .ARM.Collect$$$$00002712  mc_w.l(entry2.o)
    0x08000104   0x00000096   Code   RO         5584    .emb_text           port.o
    0x0800019a   0x00000002   PAD
    0x0800019c   0x00000024   Code   RO            4    .text               startup_stm32f103xb.o
    0x080001c0   0x00000024   Code   RO         5668    .text               mc_w.l(memcpya.o)
    0x080001e4   0x00000024   Code   RO         5672    .text               mc_w.l(memseta.o)
    0x08000208   0x00000024   Code   RO         5674    .text               mc_w.l(strstr.o)
    0x0800022c   0x0000000e   Code   RO         5676    .text               mc_w.l(strlen.o)
    0x0800023a   0x00000002   PAD
    0x0800023c   0x00000038   Code   RO         5941    .text               mc_w.l(__0sscanf.o)
    0x08000274   0x0000014c   Code   RO         5943    .text               mc_w.l(_scanf_int.o)
    0x080003c0   0x000000e0   Code   RO         5945    .text               mc_w.l(_scanf_str.o)
    0x080004a0   0x0000001a   Code   RO         5947    .text               mc_w.l(atoi.o)
    0x080004ba   0x0000002c   Code   RO         5966    .text               mc_w.l(uidiv.o)
    0x080004e6   0x0000001c   Code   RO         5977    .text               mc_w.l(_chval.o)
    0x08000502   0x00000002   PAD
    0x08000504   0x00000028   Code   RO         5979    .text               mc_w.l(scanf_char.o)
    0x0800052c   0x00000040   Code   RO         5981    .text               mc_w.l(_sgetc.o)
    0x0800056c   0x00000070   Code   RO         5983    .text               mc_w.l(strtol.o)
    0x080005dc   0x00000024   Code   RO         5996    .text               mc_w.l(init.o)
    0x08000600   0x00000008   Code   RO         6004    .text               mc_w.l(ctype_o.o)
    0x08000608   0x00000012   Code   RO         6026    .text               mc_w.l(isspace_o.o)
    0x0800061a   0x00000002   PAD
    0x0800061c   0x00000330   Code   RO         6032    .text               mc_w.l(_scanf.o)
    0x0800094c   0x0000009e   Code   RO         6034    .text               mc_w.l(_strtoul.o)
    0x080009ea   0x00000056   Code   RO         6049    .text               mc_w.l(__dczerorl2.o)
    0x08000a40   0x00000030   Code   RO          819    i.BH1750_Init       bh1750.o
    0x08000a70   0x0000001c   Code   RO          820    i.BH1750_Read       bh1750.o
    0x08000a8c   0x0000001c   Code   RO          821    i.BH1750_Write      bh1750.o
    0x08000aa8   0x00000002   Code   RO          530    i.BusFault_Handler  stm32f1xx_it.o
    0x08000aaa   0x00000002   Code   RO          531    i.DebugMon_Handler  stm32f1xx_it.o
    0x08000aac   0x00000004   Code   RO           13    i.Error_Handler     main.o
    0x08000ab0   0x00000046   Code   RO         1706    i.HAL_DMA_Abort     stm32f1xx_hal_dma.o
    0x08000af6   0x00000002   PAD
    0x08000af8   0x00000098   Code   RO         1707    i.HAL_DMA_Abort_IT  stm32f1xx_hal_dma.o
    0x08000b90   0x00000024   Code   RO         1332    i.HAL_Delay         stm32f1xx_hal.o
    0x08000bb4   0x000001e0   Code   RO         1642    i.HAL_GPIO_Init     stm32f1xx_hal_gpio.o
    0x08000d94   0x0000000a   Code   RO         1644    i.HAL_GPIO_ReadPin  stm32f1xx_hal_gpio.o
    0x08000d9e   0x0000000a   Code   RO         1646    i.HAL_GPIO_WritePin  stm32f1xx_hal_gpio.o
    0x08000da8   0x0000000c   Code   RO         1336    i.HAL_GetTick       stm32f1xx_hal.o
    0x08000db4   0x00000188   Code   RO         2313    i.HAL_I2C_Init      stm32f1xx_hal_i2c.o
    0x08000f3c   0x00000250   Code   RO         2319    i.HAL_I2C_Master_Receive  stm32f1xx_hal_i2c.o
    0x0800118c   0x0000012c   Code   RO         2326    i.HAL_I2C_Master_Transmit  stm32f1xx_hal_i2c.o
    0x080012b8   0x00000070   Code   RO          345    i.HAL_I2C_MspInit   i2c.o
    0x08001328   0x00000010   Code   RO         1342    i.HAL_IncTick       stm32f1xx_hal.o
    0x08001338   0x00000024   Code   RO         1343    i.HAL_Init          stm32f1xx_hal.o
    0x0800135c   0x00000098   Code   RO          630    i.HAL_InitTick      stm32f1xx_hal_timebase_tim.o
    0x080013f4   0x00000048   Code   RO          606    i.HAL_MspInit       stm32f1xx_hal_msp.o
    0x0800143c   0x0000001a   Code   RO         1802    i.HAL_NVIC_EnableIRQ  stm32f1xx_hal_cortex.o
    0x08001456   0x00000002   PAD
    0x08001458   0x00000040   Code   RO         1808    i.HAL_NVIC_SetPriority  stm32f1xx_hal_cortex.o
    0x08001498   0x00000024   Code   RO         1809    i.HAL_NVIC_SetPriorityGrouping  stm32f1xx_hal_cortex.o
    0x080014bc   0x0000012c   Code   RO         1500    i.HAL_RCC_ClockConfig  stm32f1xx_hal_rcc.o
    0x080015e8   0x00000040   Code   RO         1504    i.HAL_RCC_GetClockConfig  stm32f1xx_hal_rcc.o
    0x08001628   0x00000020   Code   RO         1507    i.HAL_RCC_GetPCLK1Freq  stm32f1xx_hal_rcc.o
    0x08001648   0x00000020   Code   RO         1508    i.HAL_RCC_GetPCLK2Freq  stm32f1xx_hal_rcc.o
    0x08001668   0x0000004c   Code   RO         1509    i.HAL_RCC_GetSysClockFreq  stm32f1xx_hal_rcc.o
    0x080016b4   0x00000320   Code   RO         1512    i.HAL_RCC_OscConfig  stm32f1xx_hal_rcc.o
    0x080019d4   0x000000b2   Code   RO         2750    i.HAL_SPI_Init      stm32f1xx_hal_spi.o
    0x08001a86   0x00000002   PAD
    0x08001a88   0x0000005c   Code   RO          387    i.HAL_SPI_MspInit   spi.o
    0x08001ae4   0x0000016e   Code   RO         2758    i.HAL_SPI_Transmit  stm32f1xx_hal_spi.o
    0x08001c52   0x00000002   Code   RO         3767    i.HAL_TIMEx_BreakCallback  stm32f1xx_hal_tim_ex.o
    0x08001c54   0x00000002   Code   RO         3768    i.HAL_TIMEx_CommutCallback  stm32f1xx_hal_tim_ex.o
    0x08001c56   0x00000002   PAD
    0x08001c58   0x00000068   Code   RO         3786    i.HAL_TIMEx_MasterConfigSynchronization  stm32f1xx_hal_tim_ex.o
    0x08001cc0   0x0000005a   Code   RO         3063    i.HAL_TIM_Base_Init  stm32f1xx_hal_tim.o
    0x08001d1a   0x00000002   PAD
    0x08001d1c   0x00000050   Code   RO          429    i.HAL_TIM_Base_MspInit  tim.o
    0x08001d6c   0x00000058   Code   RO         3068    i.HAL_TIM_Base_Start_IT  stm32f1xx_hal_tim.o
    0x08001dc4   0x000000dc   Code   RO         3072    i.HAL_TIM_ConfigClockSource  stm32f1xx_hal_tim.o
    0x08001ea0   0x00000002   Code   RO         3097    i.HAL_TIM_IC_CaptureCallback  stm32f1xx_hal_tim.o
    0x08001ea2   0x00000166   Code   RO         3111    i.HAL_TIM_IRQHandler  stm32f1xx_hal_tim.o
    0x08002008   0x00000060   Code   RO          430    i.HAL_TIM_MspPostInit  tim.o
    0x08002068   0x00000002   Code   RO         3114    i.HAL_TIM_OC_DelayElapsedCallback  stm32f1xx_hal_tim.o
    0x0800206a   0x000000cc   Code   RO         3135    i.HAL_TIM_PWM_ConfigChannel  stm32f1xx_hal_tim.o
    0x08002136   0x0000005a   Code   RO         3138    i.HAL_TIM_PWM_Init  stm32f1xx_hal_tim.o
    0x08002190   0x00000002   Code   RO         3140    i.HAL_TIM_PWM_MspInit  stm32f1xx_hal_tim.o
    0x08002192   0x00000002   Code   RO         3141    i.HAL_TIM_PWM_PulseFinishedCallback  stm32f1xx_hal_tim.o
    0x08002194   0x0000009c   Code   RO         3143    i.HAL_TIM_PWM_Start  stm32f1xx_hal_tim.o
    0x08002230   0x00000014   Code   RO           14    i.HAL_TIM_PeriodElapsedCallback  main.o
    0x08002244   0x00000002   Code   RO         3154    i.HAL_TIM_TriggerCallback  stm32f1xx_hal_tim.o
    0x08002246   0x00000002   Code   RO         4046    i.HAL_UARTEx_RxEventCallback  stm32f1xx_hal_uart.o
    0x08002248   0x00000002   Code   RO         4060    i.HAL_UART_ErrorCallback  stm32f1xx_hal_uart.o
    0x0800224a   0x00000002   PAD
    0x0800224c   0x0000026c   Code   RO         4063    i.HAL_UART_IRQHandler  stm32f1xx_hal_uart.o
    0x080024b8   0x00000064   Code   RO         4064    i.HAL_UART_Init     stm32f1xx_hal_uart.o
    0x0800251c   0x000000cc   Code   RO          483    i.HAL_UART_MspInit  usart.o
    0x080025e8   0x000000ac   Code   RO         4067    i.HAL_UART_Receive  stm32f1xx_hal_uart.o
    0x08002694   0x00000002   Code   RO         4070    i.HAL_UART_RxCpltCallback  stm32f1xx_hal_uart.o
    0x08002696   0x0000009a   Code   RO         4072    i.HAL_UART_Transmit  stm32f1xx_hal_uart.o
    0x08002730   0x00000002   Code   RO         4075    i.HAL_UART_TxCpltCallback  stm32f1xx_hal_uart.o
    0x08002732   0x00000002   Code   RO          532    i.HardFault_Handler  stm32f1xx_it.o
    0x08002734   0x0000002e   Code   RO         2356    i.I2C_IsAcknowledgeFailed  stm32f1xx_hal_i2c.o
    0x08002762   0x00000002   PAD
    0x08002764   0x000000ec   Code   RO         2359    i.I2C_MasterRequestRead  stm32f1xx_hal_i2c.o
    0x08002850   0x0000009c   Code   RO         2360    i.I2C_MasterRequestWrite  stm32f1xx_hal_i2c.o
    0x080028ec   0x00000056   Code   RO         2371    i.I2C_WaitOnBTFFlagUntilTimeout  stm32f1xx_hal_i2c.o
    0x08002942   0x00000002   PAD
    0x08002944   0x00000090   Code   RO         2372    i.I2C_WaitOnFlagUntilTimeout  stm32f1xx_hal_i2c.o
    0x080029d4   0x000000bc   Code   RO         2373    i.I2C_WaitOnMasterAddressFlagUntilTimeout  stm32f1xx_hal_i2c.o
    0x08002a90   0x00000070   Code   RO         2374    i.I2C_WaitOnRXNEFlagUntilTimeout  stm32f1xx_hal_i2c.o
    0x08002b00   0x00000056   Code   RO         2375    i.I2C_WaitOnTXEFlagUntilTimeout  stm32f1xx_hal_i2c.o
    0x08002b56   0x00000064   Code   RO          856    i.JSON_SearchConst  core_json.o
    0x08002bba   0x00000012   Code   RO          857    i.JSON_SearchT      core_json.o
    0x08002bcc   0x0000005e   Code   RO          858    i.JSON_Validate     core_json.o
    0x08002c2a   0x00000002   PAD
    0x08002c2c   0x00000028   Code   RO          237    i.MX_FREERTOS_Init  freertos.o
    0x08002c54   0x000000f0   Code   RO          213    i.MX_GPIO_Init      gpio.o
    0x08002d44   0x00000040   Code   RO          346    i.MX_I2C1_Init      i2c.o
    0x08002d84   0x00000048   Code   RO          388    i.MX_SPI1_Init      spi.o
    0x08002dcc   0x00000064   Code   RO          431    i.MX_TIM2_Init      tim.o
    0x08002e30   0x000000b8   Code   RO          432    i.MX_TIM3_Init      tim.o
    0x08002ee8   0x00000038   Code   RO          484    i.MX_USART1_UART_Init  usart.o
    0x08002f20   0x00000038   Code   RO          485    i.MX_USART2_UART_Init  usart.o
    0x08002f58   0x00000002   Code   RO          533    i.MemManage_Handler  stm32f1xx_it.o
    0x08002f5a   0x00000002   Code   RO          534    i.NMI_Handler       stm32f1xx_it.o
    0x08002f5c   0x0000004c   Code   RO          753    i.OLED_Clear        oled.o
    0x08002fa8   0x0000006c   Code   RO          754    i.OLED_Init         oled.o
    0x08003014   0x00000024   Code   RO          755    i.OLED_Set_Pos      oled.o
    0x08003038   0x000000ac   Code   RO          756    i.OLED_ShowNum      oled.o
    0x080030e4   0x0000008c   Code   RO          757    i.OLED_ShowString   oled.o
    0x08003170   0x00000058   Code   RO          758    i.OLED_Write        oled.o
    0x080031c8   0x00000020   Code   RO         2788    i.SPI_EndRxTxTransaction  stm32f1xx_hal_spi.o
    0x080031e8   0x000000b8   Code   RO         2793    i.SPI_WaitFlagStateUntilTimeout  stm32f1xx_hal_spi.o
    0x080032a0   0x0000002c   Code   RO         5585    i.SysTick_Handler   port.o
    0x080032cc   0x0000005e   Code   RO           15    i.SystemClock_Config  main.o
    0x0800332a   0x00000002   Code   RO          670    i.SystemInit        system_stm32f1xx.o
    0x0800332c   0x0000000c   Code   RO          535    i.TIM2_IRQHandler   stm32f1xx_it.o
    0x08003338   0x0000000c   Code   RO          536    i.TIM4_IRQHandler   stm32f1xx_it.o
    0x08003344   0x0000006c   Code   RO         3156    i.TIM_Base_SetConfig  stm32f1xx_hal_tim.o
    0x080033b0   0x0000001a   Code   RO         3157    i.TIM_CCxChannelCmd  stm32f1xx_hal_tim.o
    0x080033ca   0x00000014   Code   RO         3167    i.TIM_ETR_SetConfig  stm32f1xx_hal_tim.o
    0x080033de   0x00000010   Code   RO         3168    i.TIM_ITRx_SetConfig  stm32f1xx_hal_tim.o
    0x080033ee   0x00000002   PAD
    0x080033f0   0x00000050   Code   RO         3169    i.TIM_OC1_SetConfig  stm32f1xx_hal_tim.o
    0x08003440   0x00000058   Code   RO         3170    i.TIM_OC2_SetConfig  stm32f1xx_hal_tim.o
    0x08003498   0x00000058   Code   RO         3171    i.TIM_OC3_SetConfig  stm32f1xx_hal_tim.o
    0x080034f0   0x00000044   Code   RO         3172    i.TIM_OC4_SetConfig  stm32f1xx_hal_tim.o
    0x08003534   0x00000022   Code   RO         3174    i.TIM_TI1_ConfigInputStage  stm32f1xx_hal_tim.o
    0x08003556   0x00000024   Code   RO         3176    i.TIM_TI2_ConfigInputStage  stm32f1xx_hal_tim.o
    0x0800357a   0x00000010   Code   RO         4077    i.UART_DMAAbortOnError  stm32f1xx_hal_uart.o
    0x0800358a   0x0000004e   Code   RO         4087    i.UART_EndRxTransfer  stm32f1xx_hal_uart.o
    0x080035d8   0x000000c2   Code   RO         4089    i.UART_Receive_IT   stm32f1xx_hal_uart.o
    0x0800369a   0x00000002   PAD
    0x0800369c   0x000000b8   Code   RO         4090    i.UART_SetConfig    stm32f1xx_hal_uart.o
    0x08003754   0x00000078   Code   RO         4093    i.UART_WaitOnFlagUntilTimeout  stm32f1xx_hal_uart.o
    0x080037cc   0x00000014   Code   RO          537    i.USART2_IRQHandler  stm32f1xx_it.o
    0x080037e0   0x00000002   Code   RO          538    i.UsageFault_Handler  stm32f1xx_it.o
    0x080037e2   0x00000002   PAD
    0x080037e4   0x00000020   Code   RO         5769    i.__0printf$3       mc_w.l(printf3.o)
    0x08003804   0x00000028   Code   RO         5771    i.__0sprintf$3      mc_w.l(printf3.o)
    0x0800382c   0x00000020   Code   RO         1815    i.__NVIC_SetPriority  stm32f1xx_hal_cortex.o
    0x0800384c   0x00000008   Code   RO         5970    i.__aeabi_errno_addr  mc_w.l(errno.o)
    0x08003854   0x0000000e   Code   RO         6043    i.__scatterload_copy  mc_w.l(handlers.o)
    0x08003862   0x00000002   Code   RO         6044    i.__scatterload_null  mc_w.l(handlers.o)
    0x08003864   0x0000000e   Code   RO         6045    i.__scatterload_zeroinit  mc_w.l(handlers.o)
    0x08003872   0x00000002   PAD
    0x08003874   0x000001b8   Code   RO         5776    i._printf_core      mc_w.l(printf3.o)
    0x08003a2c   0x0000000a   Code   RO         5778    i._sputc            mc_w.l(printf3.o)
    0x08003a36   0x0000009a   Code   RO          859    i.arraySearch       core_json.o
    0x08003ad0   0x00000038   Code   RO          238    i.bh_task           freertos.o
    0x08003b08   0x0000000e   Code   RO         1002    i.delay_us          dht11.o
    0x08003b16   0x00000002   PAD
    0x08003b18   0x0000005c   Code   RO         1003    i.dht11_check       dht11.o
    0x08003b74   0x0000001a   Code   RO         1004    i.dht11_init        dht11.o
    0x08003b8e   0x00000002   PAD
    0x08003b90   0x00000020   Code   RO         1005    i.dht11_io_in       dht11.o
    0x08003bb0   0x00000024   Code   RO         1006    i.dht11_io_out      dht11.o
    0x08003bd4   0x0000005c   Code   RO         1007    i.dht11_read_bit    dht11.o
    0x08003c30   0x0000001a   Code   RO         1008    i.dht11_read_byte   dht11.o
    0x08003c4a   0x00000050   Code   RO         1009    i.dht11_read_data   dht11.o
    0x08003c9a   0x00000002   PAD
    0x08003c9c   0x00000034   Code   RO         1010    i.dht11_rst         dht11.o
    0x08003cd0   0x00000040   Code   RO          239    i.dht_task          freertos.o
    0x08003d10   0x00000080   Code   RO         1073    i.esp8266_config_network  esp8266.o
    0x08003d90   0x00000064   Code   RO         1074    i.esp8266_connect_server  esp8266.o
    0x08003df4   0x000001d8   Code   RO         1075    i.esp8266_init      esp8266.o
    0x08003fcc   0x0000009c   Code   RO         1076    i.esp8266_receive_msg  esp8266.o
    0x08004068   0x00000070   Code   RO         1077    i.esp8266_reset     esp8266.o
    0x080040d8   0x00000074   Code   RO         1078    i.esp8266_send_cmd  esp8266.o
    0x0800414c   0x00000110   Code   RO         1079    i.esp8266_send_msg  esp8266.o
    0x0800425c   0x000000c8   Code   RO          240    i.esp_task          freertos.o
    0x08004324   0x00000018   Code   RO         1201    i.fputc             uart_printf.o
    0x0800433c   0x00000038   Code   RO          860    i.getType           core_json.o
    0x08004374   0x00000022   Code   RO          861    i.hexToInt          core_json.o
    0x08004396   0x00000002   PAD
    0x08004398   0x00000074   Code   RO          241    i.led_task          freertos.o
    0x0800440c   0x00000032   Code   RO           16    i.main              main.o
    0x0800443e   0x0000000c   Code   RO         5156    i.makeFreeRtosPriority  cmsis_os.o
    0x0800444a   0x000000fc   Code   RO          863    i.multiSearch       core_json.o
    0x08004546   0x00000098   Code   RO          864    i.nextKeyValuePair  core_json.o
    0x080045de   0x00000064   Code   RO          865    i.nextValue         core_json.o
    0x08004642   0x000000b0   Code   RO          866    i.objectSearch      core_json.o
    0x080046f2   0x00000002   PAD
    0x080046f4   0x0000006c   Code   RO          242    i.oled_task         freertos.o
    0x08004760   0x0000000e   Code   RO         5158    i.osDelay           cmsis_os.o
    0x0800476e   0x0000000a   Code   RO         5161    i.osKernelStart     cmsis_os.o
    0x08004778   0x00000026   Code   RO         5170    i.osMessageCreate   cmsis_os.o
    0x0800479e   0x00000054   Code   RO         5195    i.osThreadCreate    cmsis_os.o
    0x080047f2   0x00000002   PAD
    0x080047f4   0x000000f8   Code   RO         1080    i.parse_json_msg    esp8266.o
    0x080048ec   0x00000070   Code   RO         4853    i.prvAddCurrentTaskToDelayedList  tasks.o
    0x0800495c   0x000000d0   Code   RO         4854    i.prvAddNewTaskToReadyList  tasks.o
    0x08004a2c   0x00000026   Code   RO         4538    i.prvCopyDataFromQueue  queue.o
    0x08004a52   0x0000006c   Code   RO         4539    i.prvCopyDataToQueue  queue.o
    0x08004abe   0x00000034   Code   RO         4855    i.prvDeleteTCB      tasks.o
    0x08004af2   0x00000002   PAD
    0x08004af4   0x0000004c   Code   RO         5523    i.prvHeapInit       heap_4.o
    0x08004b40   0x00000060   Code   RO         4856    i.prvIdleTask       tasks.o
    0x08004ba0   0x00000016   Code   RO         4541    i.prvInitialiseNewQueue  queue.o
    0x08004bb6   0x0000008e   Code   RO         4857    i.prvInitialiseNewTask  tasks.o
    0x08004c44   0x0000004c   Code   RO         5524    i.prvInsertBlockIntoFreeList  heap_4.o
    0x08004c90   0x0000001c   Code   RO         4542    i.prvIsQueueEmpty   queue.o
    0x08004cac   0x00000020   Code   RO         4858    i.prvResetNextTaskUnblockTime  tasks.o
    0x08004ccc   0x00000028   Code   RO         5586    i.prvTaskExitError  port.o
    0x08004cf4   0x0000006a   Code   RO         4543    i.prvUnlockQueue    queue.o
    0x08004d5e   0x00000002   PAD
    0x08004d60   0x000000d8   Code   RO         5525    i.pvPortMalloc      heap_4.o
    0x08004e38   0x00000024   Code   RO         5587    i.pxPortInitialiseStack  port.o
    0x08004e5c   0x000000e4   Code   RO         1261    i.rotate            step_motor.o
    0x08004f40   0x0000001c   Code   RO         1228    i.set_led           led.o
    0x08004f5c   0x00000018   Code   RO         1229    i.set_rgb           led.o
    0x08004f74   0x00000074   Code   RO          867    i.skipAnyScalar     core_json.o
    0x08004fe8   0x000000a8   Code   RO          868    i.skipCollection    core_json.o
    0x08005090   0x00000078   Code   RO          869    i.skipDigits        core_json.o
    0x08005108   0x000000b2   Code   RO          870    i.skipEscape        core_json.o
    0x080051ba   0x0000003a   Code   RO          871    i.skipLiteral       core_json.o
    0x080051f4   0x000000b6   Code   RO          872    i.skipNumber        core_json.o
    0x080052aa   0x00000088   Code   RO          873    i.skipObjectScalars  core_json.o
    0x08005332   0x00000070   Code   RO          874    i.skipOneHexEscape  core_json.o
    0x080053a2   0x0000005c   Code   RO          875    i.skipScalars       core_json.o
    0x080053fe   0x0000002c   Code   RO          876    i.skipSpace         core_json.o
    0x0800542a   0x00000050   Code   RO          877    i.skipSpaceAndComma  core_json.o
    0x0800547a   0x00000062   Code   RO          878    i.skipString        core_json.o
    0x080054dc   0x0000003c   Code   RO          243    i.step_task         freertos.o
    0x08005518   0x00000028   Code   RO          879    i.strnEq            core_json.o
    0x08005540   0x00000108   Code   RO          244    i.sys_start         freertos.o
    0x08005648   0x00000020   Code   RO         1081    i.uart2_receiver_clear  esp8266.o
    0x08005668   0x00000048   Code   RO         1082    i.uart2_receiver_handle  esp8266.o
    0x080056b0   0x000000d0   Code   RO          707    i.user_init_program  main_program.o
    0x08005780   0x00000026   Code   RO         4498    i.uxListRemove      list.o
    0x080057a6   0x00000002   PAD
    0x080057a8   0x00000014   Code   RO          245    i.vApplicationGetIdleTaskMemory  freertos.o
    0x080057bc   0x00000016   Code   RO         4499    i.vListInitialise   list.o
    0x080057d2   0x00000006   Code   RO         4500    i.vListInitialiseItem  list.o
    0x080057d8   0x00000030   Code   RO         4501    i.vListInsert       list.o
    0x08005808   0x00000018   Code   RO         4502    i.vListInsertEnd    list.o
    0x08005820   0x00000040   Code   RO         5589    i.vPortEnterCritical  port.o
    0x08005860   0x00000028   Code   RO         5590    i.vPortExitCritical  port.o
    0x08005888   0x0000005c   Code   RO         5526    i.vPortFree         heap_4.o
    0x080058e4   0x00000024   Code   RO         5591    i.vPortSetupTimerInterrupt  port.o
    0x08005908   0x0000004c   Code   RO         4866    i.vTaskDelay        tasks.o
    0x08005954   0x000000ac   Code   RO         4867    i.vTaskDelete       tasks.o
    0x08005a00   0x00000010   Code   RO         4869    i.vTaskInternalSetTimeOutState  tasks.o
    0x08005a10   0x0000000c   Code   RO         4870    i.vTaskMissedYield  tasks.o
    0x08005a1c   0x00000030   Code   RO         4872    i.vTaskPlaceOnEventList  tasks.o
    0x08005a4c   0x0000006c   Code   RO         4879    i.vTaskStartScheduler  tasks.o
    0x08005ab8   0x00000010   Code   RO         4881    i.vTaskSuspendAll   tasks.o
    0x08005ac8   0x0000005c   Code   RO         4882    i.vTaskSwitchContext  tasks.o
    0x08005b24   0x000000a8   Code   RO         5593    i.xPortStartScheduler  port.o
    0x08005bcc   0x00000048   Code   RO         4552    i.xQueueGenericCreate  queue.o
    0x08005c14   0x00000066   Code   RO         4553    i.xQueueGenericCreateStatic  queue.o
    0x08005c7a   0x00000002   PAD
    0x08005c7c   0x00000088   Code   RO         4554    i.xQueueGenericReset  queue.o
    0x08005d04   0x00000160   Code   RO         4555    i.xQueueGenericSend  queue.o
    0x08005e64   0x00000134   Code   RO         4560    i.xQueuePeek        queue.o
    0x08005f98   0x00000138   Code   RO         4562    i.xQueueReceive     queue.o
    0x080060d0   0x00000074   Code   RO         4883    i.xTaskCheckForTimeOut  tasks.o
    0x08006144   0x0000005a   Code   RO         4884    i.xTaskCreate       tasks.o
    0x0800619e   0x00000056   Code   RO         4885    i.xTaskCreateStatic  tasks.o
    0x080061f4   0x0000001c   Code   RO         4889    i.xTaskGetSchedulerState  tasks.o
    0x08006210   0x000000c8   Code   RO         4892    i.xTaskIncrementTick  tasks.o
    0x080062d8   0x00000098   Code   RO         4895    i.xTaskPriorityDisinherit  tasks.o
    0x08006370   0x00000074   Code   RO         4897    i.xTaskRemoveFromEventList  tasks.o
    0x080063e4   0x000000c4   Code   RO         4898    i.xTaskResumeAll    tasks.o
    0x080064a8   0x00000104   Data   RO          247    .constdata          freertos.o
    0x080065ac   0x00000010   Data   RO          671    .constdata          system_stm32f1xx.o
    0x080065bc   0x00000008   Data   RO          672    .constdata          system_stm32f1xx.o
    0x080065c4   0x00000018   Data   RO         1084    .constdata          esp8266.o
    0x080065dc   0x00000012   Data   RO         1513    .constdata          stm32f1xx_hal_rcc.o
    0x080065ee   0x00000081   Data   RO         6005    .constdata          mc_w.l(ctype_o.o)
    0x0800666f   0x00000001   PAD
    0x08006670   0x00000004   Data   RO         6006    .constdata          mc_w.l(ctype_o.o)
    0x08006674   0x0000004d   Data   RO          248    .conststring        freertos.o
    0x080066c1   0x00000003   PAD
    0x080066c4   0x000002ce   Data   RO         1085    .conststring        esp8266.o
    0x08006992   0x00000002   PAD
    0x08006994   0x00000020   Data   RO         6041    Region$$Table       anon$$obj.o


    Execution Region RW_IRAM1 (Base: 0x20000000, Size: 0x00002030, Max: 0x00005000, ABSOLUTE, COMPRESSED[0x00000540])

    Base Addr    Size         Type   Attr      Idx    E Section Name        Object

    0x20000000   0x0000002c   Data   RW          249    .data               freertos.o
    0x2000002c   0x00000004   Data   RW          673    .data               system_stm32f1xx.o
    0x20000030   0x0000000a   Data   RW          709    .data               main_program.o
    0x2000003a   0x00000001   Data   RW          710    .data               main_program.o
    0x2000003b   0x00000001   Data   RW          711    .data               main_program.o
    0x2000003c   0x0000081b   Data   RW          759    .data               oled.o
    0x20000857   0x00000001   PAD
    0x20000858   0x00000006   Data   RW         1086    .data               esp8266.o
    0x2000085e   0x00000002   PAD
    0x20000860   0x00000004   Data   RW         1262    .data               step_motor.o
    0x20000864   0x0000000c   Data   RW         1350    .data               stm32f1xx_hal.o
    0x20000870   0x0000003c   Data   RW         4901    .data               tasks.o
    0x200008ac   0x00000018   Data   RW         5531    .data               heap_4.o
    0x200008c4   0x0000000c   Data   RW         5594    .data               port.o
    0x200008d0   0x00000004   Data   RW         5965    .data               mc_w.l(stdout.o)
    0x200008d4   0x00000004   Data   RW         5973    .data               mc_w.l(errno.o)
    0x200008d8   0x00000254   Zero   RW          246    .bss                freertos.o
    0x20000b2c   0x00000054   Zero   RW          347    .bss                i2c.o
    0x20000b80   0x00000058   Zero   RW          389    .bss                spi.o
    0x20000bd8   0x00000090   Zero   RW          433    .bss                tim.o
    0x20000c68   0x00000090   Zero   RW          486    .bss                usart.o
    0x20000cf8   0x00000048   Zero   RW          633    .bss                stm32f1xx_hal_timebase_tim.o
    0x20000d40   0x00000200   Zero   RW         1083    .bss                esp8266.o
    0x20000f40   0x000000f0   Zero   RW         4900    .bss                tasks.o
    0x20001030   0x00000c00   Zero   RW         5530    .bss                heap_4.o
    0x20001c30   0x00000400   Zero   RW            1    STACK               startup_stm32f103xb.o


==============================================================================

Image component sizes


      Code (inc. data)   RO Data    RW Data    ZI Data      Debug   Object Name

       104         16          0          0          0       2151   bh1750.o
       158          0          0          0          0      23431   cmsis_os.o
      2560         30          0          0          0      25382   core_json.o
       450         24          0          0          0       5763   dht11.o
      1708        548        742          6        512      10881   esp8266.o
         0          0          0          0          0      18324   event_groups.o
       928         54        337         44        596       7965   freertos.o
       240         18          0          0          0       1127   gpio.o
       460         24          0         24       3072       7479   heap_4.o
       176         30          0          0         84       1933   i2c.o
        52         12          0          0          0       1132   led.o
       138          0          0          0          0       3578   list.o
       168          6          0          0          0     475048   main.o
       208         74          0         12          0       3426   main_program.o
       620         72          0       2075          0       5519   oled.o
       578         60          0         12          0      10712   port.o
      1584         20          0          0          0      14096   queue.o
       164         20          0          0         88       1913   spi.o
        36          8        236          0       1024        848   startup_stm32f103xb.o
       228         18          0          4          0        801   step_motor.o
       100         18          0         12          0       5398   stm32f1xx_hal.o
       158         14          0          0          0      28430   stm32f1xx_hal_cortex.o
       222          4          0          0          0       1875   stm32f1xx_hal_dma.o
       500         34          0          0          0       3643   stm32f1xx_hal_gpio.o
      2338         54          0          0          0      12890   stm32f1xx_hal_i2c.o
        72         10          0          0          0       1006   stm32f1xx_hal_msp.o
      1304         94         18          0          0       5929   stm32f1xx_hal_rcc.o
       760          4          0          0          0       4534   stm32f1xx_hal_spi.o
      1780         58          0          0          0      16546   stm32f1xx_hal_tim.o
       108         12          0          0          0       2525   stm32f1xx_hal_tim_ex.o
       152         20          0          0         72       1719   stm32f1xx_hal_timebase_tim.o
      1646         10          0          0          0      11487   stm32f1xx_hal_uart.o
        56         16          0          0          0       4537   stm32f1xx_it.o
         0          0          0          0          0        416   stream_buffer.o
         2          0         24          4          0       1363   system_stm32f1xx.o
      2166        162          0         60        240      23424   tasks.o
       460         36          0          0        144       3465   tim.o
        24          4          0          0          0        560   uart_printf.o
       316         34          0          0        144       2711   usart.o

    ----------------------------------------------------------------------
     22770       1618       1394       2256       5976     753967   Object Totals
         0          0         32          0          0          0   (incl. Generated)
        46          0          5          3          0          0   (incl. Padding)

    ----------------------------------------------------------------------

      Code (inc. data)   RO Data    RW Data    ZI Data      Debug   Library Member Name

        56          8          0          0          0         84   __0sscanf.o
        86          0          0          0          0          0   __dczerorl2.o
        28          0          0          0          0         68   _chval.o
       816          6          0          0          0        112   _scanf.o
       332          0          0          0          0         96   _scanf_int.o
       224          0          0          0          0         96   _scanf_str.o
        64          0          0          0          0         84   _sgetc.o
       158          0          0          0          0         92   _strtoul.o
        26          0          0          0          0         80   atoi.o
         8          4        133          0          0         68   ctype_o.o
         0          0          0          0          0          0   entry.o
         0          0          0          0          0          0   entry10a.o
         0          0          0          0          0          0   entry11a.o
         4          0          0          0          0          0   entry12b.o
         8          4          0          0          0          0   entry2.o
         4          0          0          0          0          0   entry5.o
         0          0          0          0          0          0   entry7b.o
         0          0          0          0          0          0   entry8b.o
         8          4          0          0          0          0   entry9a.o
         8          4          0          4          0         68   errno.o
        30          0          0          0          0          0   handlers.o
        36          8          0          0          0         68   init.o
        18          0          0          0          0         76   isspace_o.o
        36          0          0          0          0         68   memcpya.o
        36          0          0          0          0        108   memseta.o
       522         20          0          0          0        336   printf3.o
        40          8          0          0          0         84   scanf_char.o
         0          0          0          4          0          0   stdout.o
        14          0          0          0          0         68   strlen.o
        36          0          0          0          0         80   strstr.o
       112          0          0          0          0         88   strtol.o
        44          0          0          0          0         80   uidiv.o

    ----------------------------------------------------------------------
      2762         66        134          8          0       1904   Library Totals
         8          0          1          0          0          0   (incl. Padding)

    ----------------------------------------------------------------------

      Code (inc. data)   RO Data    RW Data    ZI Data      Debug   Library Name

      2754         66        133          8          0       1904   mc_w.l

    ----------------------------------------------------------------------
      2762         66        134          8          0       1904   Library Totals

    ----------------------------------------------------------------------

==============================================================================


      Code (inc. data)   RO Data    RW Data    ZI Data      Debug   

     25532       1684       1528       2264       5976     743831   Grand Totals
     25532       1684       1528       1344       5976     743831   ELF Image Totals (compressed)
     25532       1684       1528       1344          0          0   ROM Totals

==============================================================================

    Total RO  Size (Code + RO Data)                27060 (  26.43kB)
    Total RW  Size (RW Data + ZI Data)              8240 (   8.05kB)
    Total ROM Size (Code + RO Data + RW Data)      28404 (  27.74kB)

==============================================================================

