Component: ARM Compiler 5.06 update 7 (build 960) Tool: armlink [4d3601]

==============================================================================

Section Cross References

    startup_stm32f103xb.o(RESET) refers to startup_stm32f103xb.o(STACK) for __initial_sp
    startup_stm32f103xb.o(RESET) refers to startup_stm32f103xb.o(.text) for Reset_Handler
    startup_stm32f103xb.o(RESET) refers to stm32f1xx_it.o(i.NMI_Handler) for NMI_Handler
    startup_stm32f103xb.o(RESET) refers to stm32f1xx_it.o(i.HardFault_Handler) for HardFault_Handler
    startup_stm32f103xb.o(RESET) refers to stm32f1xx_it.o(i.MemManage_Handler) for MemManage_Handler
    startup_stm32f103xb.o(RESET) refers to stm32f1xx_it.o(i.BusFault_Handler) for BusFault_Handler
    startup_stm32f103xb.o(RESET) refers to stm32f1xx_it.o(i.UsageFault_Handler) for UsageFault_Handler
    startup_stm32f103xb.o(RESET) refers to stm32f1xx_it.o(i.SVC_Handler) for SVC_Handler
    startup_stm32f103xb.o(RESET) refers to stm32f1xx_it.o(i.DebugMon_Handler) for DebugMon_Handler
    startup_stm32f103xb.o(RESET) refers to stm32f1xx_it.o(i.PendSV_Handler) for PendSV_Handler
    startup_stm32f103xb.o(RESET) refers to stm32f1xx_it.o(i.SysTick_Handler) for SysTick_Handler
    startup_stm32f103xb.o(RESET) refers to stm32f1xx_it.o(i.TIM2_IRQHandler) for TIM2_IRQHandler
    startup_stm32f103xb.o(RESET) refers to stm32f1xx_it.o(i.USART2_IRQHandler) for USART2_IRQHandler
    startup_stm32f103xb.o(.text) refers to system_stm32f1xx.o(i.SystemInit) for SystemInit
    startup_stm32f103xb.o(.text) refers to entry.o(.ARM.Collect$$$$00000000) for __main
    main.o(i.SystemClock_Config) refers to memseta.o(.text) for __aeabi_memclr4
    main.o(i.SystemClock_Config) refers to stm32f1xx_hal_rcc.o(i.HAL_RCC_OscConfig) for HAL_RCC_OscConfig
    main.o(i.SystemClock_Config) refers to stm32f1xx_hal_rcc.o(i.HAL_RCC_ClockConfig) for HAL_RCC_ClockConfig
    main.o(i.main) refers to stm32f1xx_hal.o(i.HAL_Init) for HAL_Init
    main.o(i.main) refers to main.o(i.SystemClock_Config) for SystemClock_Config
    main.o(i.main) refers to gpio.o(i.MX_GPIO_Init) for MX_GPIO_Init
    main.o(i.main) refers to i2c.o(i.MX_I2C1_Init) for MX_I2C1_Init
    main.o(i.main) refers to tim.o(i.MX_TIM2_Init) for MX_TIM2_Init
    main.o(i.main) refers to usart.o(i.MX_USART1_UART_Init) for MX_USART1_UART_Init
    main.o(i.main) refers to usart.o(i.MX_USART2_UART_Init) for MX_USART2_UART_Init
    main.o(i.main) refers to spi.o(i.MX_SPI1_Init) for MX_SPI1_Init
    main.o(i.main) refers to tim.o(i.MX_TIM3_Init) for MX_TIM3_Init
    main.o(i.main) refers to main_program.o(i.user_init_program) for user_init_program
    main.o(i.main) refers to main_program.o(i.user_main_program) for user_main_program
    gpio.o(i.MX_GPIO_Init) refers to stm32f1xx_hal_gpio.o(i.HAL_GPIO_WritePin) for HAL_GPIO_WritePin
    gpio.o(i.MX_GPIO_Init) refers to stm32f1xx_hal_gpio.o(i.HAL_GPIO_Init) for HAL_GPIO_Init
    i2c.o(i.HAL_I2C_MspDeInit) refers to stm32f1xx_hal_gpio.o(i.HAL_GPIO_DeInit) for HAL_GPIO_DeInit
    i2c.o(i.HAL_I2C_MspInit) refers to stm32f1xx_hal_gpio.o(i.HAL_GPIO_Init) for HAL_GPIO_Init
    i2c.o(i.MX_I2C1_Init) refers to stm32f1xx_hal_i2c.o(i.HAL_I2C_Init) for HAL_I2C_Init
    i2c.o(i.MX_I2C1_Init) refers to main.o(i.Error_Handler) for Error_Handler
    i2c.o(i.MX_I2C1_Init) refers to i2c.o(.bss) for .bss
    spi.o(i.HAL_SPI_MspDeInit) refers to stm32f1xx_hal_gpio.o(i.HAL_GPIO_DeInit) for HAL_GPIO_DeInit
    spi.o(i.HAL_SPI_MspInit) refers to stm32f1xx_hal_gpio.o(i.HAL_GPIO_Init) for HAL_GPIO_Init
    spi.o(i.MX_SPI1_Init) refers to stm32f1xx_hal_spi.o(i.HAL_SPI_Init) for HAL_SPI_Init
    spi.o(i.MX_SPI1_Init) refers to main.o(i.Error_Handler) for Error_Handler
    spi.o(i.MX_SPI1_Init) refers to spi.o(.bss) for .bss
    tim.o(i.HAL_TIM_Base_MspDeInit) refers to stm32f1xx_hal_cortex.o(i.HAL_NVIC_DisableIRQ) for HAL_NVIC_DisableIRQ
    tim.o(i.HAL_TIM_Base_MspInit) refers to stm32f1xx_hal_cortex.o(i.HAL_NVIC_SetPriority) for HAL_NVIC_SetPriority
    tim.o(i.HAL_TIM_Base_MspInit) refers to stm32f1xx_hal_cortex.o(i.HAL_NVIC_EnableIRQ) for HAL_NVIC_EnableIRQ
    tim.o(i.HAL_TIM_MspPostInit) refers to stm32f1xx_hal_gpio.o(i.HAL_GPIO_Init) for HAL_GPIO_Init
    tim.o(i.MX_TIM2_Init) refers to stm32f1xx_hal_tim.o(i.HAL_TIM_Base_Init) for HAL_TIM_Base_Init
    tim.o(i.MX_TIM2_Init) refers to main.o(i.Error_Handler) for Error_Handler
    tim.o(i.MX_TIM2_Init) refers to stm32f1xx_hal_tim.o(i.HAL_TIM_ConfigClockSource) for HAL_TIM_ConfigClockSource
    tim.o(i.MX_TIM2_Init) refers to stm32f1xx_hal_tim_ex.o(i.HAL_TIMEx_MasterConfigSynchronization) for HAL_TIMEx_MasterConfigSynchronization
    tim.o(i.MX_TIM2_Init) refers to tim.o(.bss) for .bss
    tim.o(i.MX_TIM3_Init) refers to memseta.o(.text) for __aeabi_memclr4
    tim.o(i.MX_TIM3_Init) refers to stm32f1xx_hal_tim.o(i.HAL_TIM_Base_Init) for HAL_TIM_Base_Init
    tim.o(i.MX_TIM3_Init) refers to main.o(i.Error_Handler) for Error_Handler
[...]
    ..\Drivers\STM32F1xx_HAL_Driver\Src\stm32f1xx_hal_dma.c 0x00000000   Number         0  stm32f1xx_hal_dma.o ABSOLUTE
    ..\Drivers\STM32F1xx_HAL_Driver\Src\stm32f1xx_hal_exti.c 0x00000000   Number         0  stm32f1xx_hal_exti.o ABSOLUTE
    ..\Drivers\STM32F1xx_HAL_Driver\Src\stm32f1xx_hal_flash.c 0x00000000   Number         0  stm32f1xx_hal_flash.o ABSOLUTE
    ..\Drivers\STM32F1xx_HAL_Driver\Src\stm32f1xx_hal_flash_ex.c 0x00000000   Number         0  stm32f1xx_hal_flash_ex.o ABSOLUTE
    ..\Drivers\STM32F1xx_HAL_Driver\Src\stm32f1xx_hal_gpio.c 0x00000000   Number         0  stm32f1xx_hal_gpio.o ABSOLUTE
    ..\Drivers\STM32F1xx_HAL_Driver\Src\stm32f1xx_hal_gpio_ex.c 0x00000000   Number         0  stm32f1xx_hal_gpio_ex.o ABSOLUTE
    ..\Drivers\STM32F1xx_HAL_Driver\Src\stm32f1xx_hal_i2c.c 0x00000000   Number         0  stm32f1xx_hal_i2c.o ABSOLUTE
    ..\Drivers\STM32F1xx_HAL_Driver\Src\stm32f1xx_hal_pwr.c 0x00000000   Number         0  stm32f1xx_hal_pwr.o ABSOLUTE
    ..\Drivers\STM32F1xx_HAL_Driver\Src\stm32f1xx_hal_rcc.c 0x00000000   Number         0  stm32f1xx_hal_rcc.o ABSOLUTE
    ..\Drivers\STM32F1xx_HAL_Driver\Src\stm32f1xx_hal_rcc_ex.c 0x00000000   Number         0  stm32f1xx_hal_rcc_ex.o ABSOLUTE
    ..\Drivers\STM32F1xx_HAL_Driver\Src\stm32f1xx_hal_spi.c 0x00000000   Number         0  stm32f1xx_hal_spi.o ABSOLUTE
    ..\Drivers\STM32F1xx_HAL_Driver\Src\stm32f1xx_hal_tim.c 0x00000000   Number         0  stm32f1xx_hal_tim.o ABSOLUTE
    ..\Drivers\STM32F1xx_HAL_Driver\Src\stm32f1xx_hal_tim_ex.c 0x00000000   Number         0  stm32f1xx_hal_tim_ex.o ABSOLUTE
    ..\Drivers\STM32F1xx_HAL_Driver\Src\stm32f1xx_hal_uart.c 0x00000000   Number         0  stm32f1xx_hal_uart.o ABSOLUTE
    ..\User\BH1750\bh1750.c                  0x00000000   Number         0  bh1750.o ABSOLUTE
    ..\User\DHT11\dht11.c                    0x00000000   Number         0  dht11.o ABSOLUTE
    ..\User\ESP8266\esp8266.c                0x00000000   Number         0  esp8266.o ABSOLUTE
    ..\User\JSON\core_json.c                 0x00000000   Number         0  core_json.o ABSOLUTE
    ..\User\LED\led.c                        0x00000000   Number         0  led.o ABSOLUTE
    ..\User\OLED\oled.c                      0x00000000   Number         0  oled.o ABSOLUTE
    ..\User\STEP\step_motor.c                0x00000000   Number         0  step_motor.o ABSOLUTE
    ..\User\hardware\time_handle.c           0x00000000   Number         0  time_handle.o ABSOLUTE
    ..\User\hardware\uart_printf.c           0x00000000   Number         0  uart_printf.o ABSOLUTE
    ..\User\main_program.c                   0x00000000   Number         0  main_program.o ABSOLUTE
    ..\\User\\BH1750\\bh1750.c               0x00000000   Number         0  bh1750.o ABSOLUTE
    ..\\User\\DHT11\\dht11.c                 0x00000000   Number         0  dht11.o ABSOLUTE
    ..\\User\\ESP8266\\esp8266.c             0x00000000   Number         0  esp8266.o ABSOLUTE
    ..\\User\\LED\\led.c                     0x00000000   Number         0  led.o ABSOLUTE
    ..\\User\\OLED\\oled.c                   0x00000000   Number         0  oled.o ABSOLUTE
    ..\\User\\STEP\\step_motor.c             0x00000000   Number         0  step_motor.o ABSOLUTE
    ..\\User\\hardware\\time_handle.c        0x00000000   Number         0  time_handle.o ABSOLUTE
    ..\\User\\hardware\\uart_printf.c        0x00000000   Number         0  uart_printf.o ABSOLUTE
    ..\\User\\main_program.c                 0x00000000   Number         0  main_program.o ABSOLUTE
    cdrcmple.s                               0x00000000   Number         0  cdrcmple.o ABSOLUTE
    dc.s                                     0x00000000   Number         0  dc.o ABSOLUTE
    handlers.s                               0x00000000   Number         0  handlers.o ABSOLUTE
    init.s                                   0x00000000   Number         0  init.o ABSOLUTE
    startup_stm32f103xb.s                    0x00000000   Number         0  startup_stm32f103xb.o ABSOLUTE
    RESET                                    0x08000000   Section      236  startup_stm32f103xb.o(RESET)
    .ARM.Collect$$$$00000000                 0x080000ec   Section        0  entry.o(.ARM.Collect$$$$00000000)
    .ARM.Collect$$$$00000001                 0x080000ec   Section        4  entry2.o(.ARM.Collect$$$$00000001)
    .ARM.Collect$$$$00000004                 0x080000f0   Section        4  entry5.o(.ARM.Collect$$$$00000004)
    .ARM.Collect$$$$00000008                 0x080000f4   Section        0  entry7b.o(.ARM.Collect$$$$00000008)
    .ARM.Collect$$$$0000000A                 0x080000f4   Section        0  entry8b.o(.ARM.Collect$$$$0000000A)
    .ARM.Collect$$$$0000000B                 0x080000f4   Section        8  entry9a.o(.ARM.Collect$$$$0000000B)
    .ARM.Collect$$$$0000000E                 0x080000fc   Section        4  entry12b.o(.ARM.Collect$$$$0000000E)
    .ARM.Collect$$$$0000000F                 0x08000100   Section        0  entry10a.o(.ARM.Collect$$$$0000000F)
    .ARM.Collect$$$$00000011                 0x08000100   Section        0  entry11a.o(.ARM.Collect$$$$00000011)
    .ARM.Collect$$$$00002712                 0x08000100   Section        4  entry2.o(.ARM.Collect$$$$00002712)
    __lit__00000000                          0x08000100   Data           4  entry2.o(.ARM.Collect$$$$00002712)
    .text                                    0x08000104   Section       36  startup_stm32f103xb.o(.text)
    .text                                    0x08000128   Section        0  memcpya.o(.text)
    .text                                    0x0800014c   Section        0  memseta.o(.text)
    .text                                    0x08000170   Section        0  strstr.o(.text)
    .text                                    0x08000194   Section        0  strlen.o(.text)
    .text                                    0x080001a4   Section        0  __0sscanf.o(.text)
    .text                                    0x080001dc   Section        0  _scanf_int.o(.text)
    .text                                    0x08000328   Section        0  _scanf_str.o(.text)
    .text                                    0x08000408   Section        0  atoi.o(.text)
    .text                                    0x08000422   Section        0  uidiv.o(.text)
    .text                                    0x0800044e   Section        0  _chval.o(.text)
    .text                                    0x0800046c   Section        0  scanf_char.o(.text)
    _scanf_char_input                        0x0800046d   Thumb Code    12  scanf_char.o(.text)
    .text                                    0x08000494   Section        0  _sgetc.o(.text)
    .text                                    0x080004d4   Section        0  strtol.o(.text)
    .text                                    0x08000544   Section       36  init.o(.text)
    .text                                    0x08000568   Section        0  ctype_o.o(.text)
    .text                                    0x08000570   Section        0  isspace_o.o(.text)
    .text                                    0x08000584   Section        0  _scanf.o(.text)
    .text                                    0x080008b4   Section        0  _strtoul.o(.text)
    .text                                    0x08000952   Section        0  __dczerorl2.o(.text)
    i.BH1750_Init                            0x080009a8   Section        0  bh1750.o(i.BH1750_Init)
    i.BH1750_Read                            0x080009d8   Section        0  bh1750.o(i.BH1750_Read)
    i.BH1750_Write                           0x080009f4   Section        0  bh1750.o(i.BH1750_Write)
    i.BusFault_Handler                       0x08000a10   Section        0  stm32f1xx_it.o(i.BusFault_Handler)
    i.DebugMon_Handler                       0x08000a12   Section        0  stm32f1xx_it.o(i.DebugMon_Handler)
    i.Error_Handler                          0x08000a14   Section        0  main.o(i.Error_Handler)
    i.HAL_DMA_Abort                          0x08000a18   Section        0  stm32f1xx_hal_dma.o(i.HAL_DMA_Abort)
    i.HAL_DMA_Abort_IT                       0x08000a60   Section        0  stm32f1xx_hal_dma.o(i.HAL_DMA_Abort_IT)
    i.HAL_Delay                              0x08000af8   Section        0  stm32f1xx_hal.o(i.HAL_Delay)
    i.HAL_GPIO_Init                          0x08000b1c   Section        0  stm32f1xx_hal_gpio.o(i.HAL_GPIO_Init)
    i.HAL_GPIO_ReadPin                       0x08000cfc   Section        0  stm32f1xx_hal_gpio.o(i.HAL_GPIO_ReadPin)
    i.HAL_GPIO_WritePin                      0x08000d06   Section        0  stm32f1xx_hal_gpio.o(i.HAL_GPIO_WritePin)
    i.HAL_GetTick                            0x08000d10   Section        0  stm32f1xx_hal.o(i.HAL_GetTick)
    i.HAL_I2C_Init                           0x08000d1c   Section        0  stm32f1xx_hal_i2c.o(i.HAL_I2C_Init)
    i.HAL_I2C_Master_Receive                 0x08000ea4   Section        0  stm32f1xx_hal_i2c.o(i.HAL_I2C_Master_Receive)
    i.HAL_I2C_Master_Transmit                0x080010f4   Section        0  stm32f1xx_hal_i2c.o(i.HAL_I2C_Master_Transmit)
    i.HAL_I2C_MspInit                        0x08001220   Section        0  i2c.o(i.HAL_I2C_MspInit)
    i.HAL_IncTick                            0x08001290   Section        0  stm32f1xx_hal.o(i.HAL_IncTick)
    i.HAL_Init                               0x080012a0   Section        0  stm32f1xx_hal.o(i.HAL_Init)
    i.HAL_InitTick                           0x080012c4   Section        0  stm32f1xx_hal.o(i.HAL_InitTick)
    i.HAL_MspInit                            0x08001304   Section        0  stm32f1xx_hal_msp.o(i.HAL_MspInit)
    i.HAL_NVIC_EnableIRQ                     0x08001340   Section        0  stm32f1xx_hal_cortex.o(i.HAL_NVIC_EnableIRQ)
    i.HAL_NVIC_SetPriority                   0x0800135c   Section        0  stm32f1xx_hal_cortex.o(i.HAL_NVIC_SetPriority)
    i.HAL_NVIC_SetPriorityGrouping           0x0800139c   Section        0  stm32f1xx_hal_cortex.o(i.HAL_NVIC_SetPriorityGrouping)
    i.HAL_RCC_ClockConfig                    0x080013c0   Section        0  stm32f1xx_hal_rcc.o(i.HAL_RCC_ClockConfig)
    i.HAL_RCC_GetPCLK1Freq                   0x080014ec   Section        0  stm32f1xx_hal_rcc.o(i.HAL_RCC_GetPCLK1Freq)
    i.HAL_RCC_GetPCLK2Freq                   0x0800150c   Section        0  stm32f1xx_hal_rcc.o(i.HAL_RCC_GetPCLK2Freq)
    i.HAL_RCC_GetSysClockFreq                0x0800152c   Section        0  stm32f1xx_hal_rcc.o(i.HAL_RCC_GetSysClockFreq)
    i.HAL_RCC_OscConfig                      0x08001578   Section        0  stm32f1xx_hal_rcc.o(i.HAL_RCC_OscConfig)
    i.HAL_SPI_Init                           0x08001898   Section        0  stm32f1xx_hal_spi.o(i.HAL_SPI_Init)
    i.HAL_SPI_MspInit                        0x0800194c   Section        0  spi.o(i.HAL_SPI_MspInit)
    i.HAL_SPI_Transmit                       0x080019a8   Section        0  stm32f1xx_hal_spi.o(i.HAL_SPI_Transmit)
    i.HAL_SYSTICK_Config                     0x08001b16   Section        0  stm32f1xx_hal_cortex.o(i.HAL_SYSTICK_Config)
    i.HAL_TIMEx_BreakCallback                0x08001b3e   Section        0  stm32f1xx_hal_tim_ex.o(i.HAL_TIMEx_BreakCallback)
    i.HAL_TIMEx_CommutCallback               0x08001b40   Section        0  stm32f1xx_hal_tim_ex.o(i.HAL_TIMEx_CommutCallback)
    i.HAL_TIMEx_MasterConfigSynchronization  0x08001b44   Section        0  stm32f1xx_hal_tim_ex.o(i.HAL_TIMEx_MasterConfigSynchronization)
    i.HAL_TIM_Base_Init                      0x08001bac   Section        0  stm32f1xx_hal_tim.o(i.HAL_TIM_Base_Init)
    i.HAL_TIM_Base_MspInit                   0x08001c08   Section        0  tim.o(i.HAL_TIM_Base_MspInit)
    i.HAL_TIM_Base_Start_IT                  0x08001c58   Section        0  stm32f1xx_hal_tim.o(i.HAL_TIM_Base_Start_IT)
    i.HAL_TIM_ConfigClockSource              0x08001cb0   Section        0  stm32f1xx_hal_tim.o(i.HAL_TIM_ConfigClockSource)
    i.HAL_TIM_IC_CaptureCallback             0x08001d8c   Section        0  stm32f1xx_hal_tim.o(i.HAL_TIM_IC_CaptureCallback)
    i.HAL_TIM_IRQHandler                     0x08001d8e   Section        0  stm32f1xx_hal_tim.o(i.HAL_TIM_IRQHandler)
    i.HAL_TIM_MspPostInit                    0x08001ef4   Section        0  tim.o(i.HAL_TIM_MspPostInit)
    i.HAL_TIM_OC_DelayElapsedCallback        0x08001f54   Section        0  stm32f1xx_hal_tim.o(i.HAL_TIM_OC_DelayElapsedCallback)
    i.HAL_TIM_PWM_ConfigChannel              0x08001f56   Section        0  stm32f1xx_hal_tim.o(i.HAL_TIM_PWM_ConfigChannel)
    i.HAL_TIM_PWM_Init                       0x08002022   Section        0  stm32f1xx_hal_tim.o(i.HAL_TIM_PWM_Init)
    i.HAL_TIM_PWM_MspInit                    0x0800207c   Section        0  stm32f1xx_hal_tim.o(i.HAL_TIM_PWM_MspInit)
    i.HAL_TIM_PWM_PulseFinishedCallback      0x0800207e   Section        0  stm32f1xx_hal_tim.o(i.HAL_TIM_PWM_PulseFinishedCallback)
    i.HAL_TIM_PWM_Start                      0x08002080   Section        0  stm32f1xx_hal_tim.o(i.HAL_TIM_PWM_Start)
    i.HAL_TIM_PeriodElapsedCallback          0x0800211c   Section        0  time_handle.o(i.HAL_TIM_PeriodElapsedCallback)
    i.HAL_TIM_TriggerCallback                0x08002160   Section        0  stm32f1xx_hal_tim.o(i.HAL_TIM_TriggerCallback)
    i.HAL_UARTEx_RxEventCallback             0x08002162   Section        0  stm32f1xx_hal_uart.o(i.HAL_UARTEx_RxEventCallback)
    i.HAL_UART_ErrorCallback                 0x08002164   Section        0  stm32f1xx_hal_uart.o(i.HAL_UART_ErrorCallback)
    i.HAL_UART_IRQHandler                    0x08002168   Section        0  stm32f1xx_hal_uart.o(i.HAL_UART_IRQHandler)
    i.HAL_UART_Init                          0x080023d4   Section        0  stm32f1xx_hal_uart.o(i.HAL_UART_Init)
    i.HAL_UART_MspInit                       0x08002438   Section        0  usart.o(i.HAL_UART_MspInit)
    i.HAL_UART_Receive                       0x08002504   Section        0  stm32f1xx_hal_uart.o(i.HAL_UART_Receive)
    i.HAL_UART_RxCpltCallback                0x080025b0   Section        0  stm32f1xx_hal_uart.o(i.HAL_UART_RxCpltCallback)
    i.HAL_UART_Transmit                      0x080025b2   Section        0  stm32f1xx_hal_uart.o(i.HAL_UART_Transmit)
    i.HAL_UART_TxCpltCallback                0x0800264c   Section        0  stm32f1xx_hal_uart.o(i.HAL_UART_TxCpltCallback)
    i.HardFault_Handler                      0x0800264e   Section        0  stm32f1xx_it.o(i.HardFault_Handler)
    i.I2C_IsAcknowledgeFailed                0x08002650   Section        0  stm32f1xx_hal_i2c.o(i.I2C_IsAcknowledgeFailed)
    I2C_IsAcknowledgeFailed                  0x08002651   Thumb Code    46  stm32f1xx_hal_i2c.o(i.I2C_IsAcknowledgeFailed)
    i.I2C_MasterRequestRead                  0x08002680   Section        0  stm32f1xx_hal_i2c.o(i.I2C_MasterRequestRead)
    I2C_MasterRequestRead                    0x08002681   Thumb Code   230  stm32f1xx_hal_i2c.o(i.I2C_MasterRequestRead)
    i.I2C_MasterRequestWrite                 0x0800276c   Section        0  stm32f1xx_hal_i2c.o(i.I2C_MasterRequestWrite)
    I2C_MasterRequestWrite                   0x0800276d   Thumb Code   150  stm32f1xx_hal_i2c.o(i.I2C_MasterRequestWrite)
    i.I2C_WaitOnBTFFlagUntilTimeout          0x08002808   Section        0  stm32f1xx_hal_i2c.o(i.I2C_WaitOnBTFFlagUntilTimeout)
    I2C_WaitOnBTFFlagUntilTimeout            0x08002809   Thumb Code    86  stm32f1xx_hal_i2c.o(i.I2C_WaitOnBTFFlagUntilTimeout)
    i.I2C_WaitOnFlagUntilTimeout             0x08002860   Section        0  stm32f1xx_hal_i2c.o(i.I2C_WaitOnFlagUntilTimeout)
    I2C_WaitOnFlagUntilTimeout               0x08002861   Thumb Code   144  stm32f1xx_hal_i2c.o(i.I2C_WaitOnFlagUntilTimeout)
    i.I2C_WaitOnMasterAddressFlagUntilTimeout 0x080028f0   Section        0  stm32f1xx_hal_i2c.o(i.I2C_WaitOnMasterAddressFlagUntilTimeout)
    I2C_WaitOnMasterAddressFlagUntilTimeout  0x080028f1   Thumb Code   188  stm32f1xx_hal_i2c.o(i.I2C_WaitOnMasterAddressFlagUntilTimeout)
    i.I2C_WaitOnRXNEFlagUntilTimeout         0x080029ac   Section        0  stm32f1xx_hal_i2c.o(i.I2C_WaitOnRXNEFlagUntilTimeout)
    I2C_WaitOnRXNEFlagUntilTimeout           0x080029ad   Thumb Code   112  stm32f1xx_hal_i2c.o(i.I2C_WaitOnRXNEFlagUntilTimeout)
    i.I2C_WaitOnTXEFlagUntilTimeout          0x08002a1c   Section        0  stm32f1xx_hal_i2c.o(i.I2C_WaitOnTXEFlagUntilTimeout)
    I2C_WaitOnTXEFlagUntilTimeout            0x08002a1d   Thumb Code    86  stm32f1xx_hal_i2c.o(i.I2C_WaitOnTXEFlagUntilTimeout)
    i.JSON_SearchConst                       0x08002a72   Section        0  core_json.o(i.JSON_SearchConst)
    i.JSON_SearchT                           0x08002ad6   Section        0  core_json.o(i.JSON_SearchT)
    i.JSON_Validate                          0x08002ae8   Section        0  core_json.o(i.JSON_Validate)
    i.MX_GPIO_Init                           0x08002b48   Section        0  gpio.o(i.MX_GPIO_Init)
    i.MX_I2C1_Init                           0x08002c38   Section        0  i2c.o(i.MX_I2C1_Init)
    i.MX_SPI1_Init                           0x08002c78   Section        0  spi.o(i.MX_SPI1_Init)
    i.MX_TIM2_Init                           0x08002cc0   Section        0  tim.o(i.MX_TIM2_Init)
    i.MX_TIM3_Init                           0x08002d24   Section        0  tim.o(i.MX_TIM3_Init)
    i.MX_USART1_UART_Init                    0x08002ddc   Section        0  usart.o(i.MX_USART1_UART_Init)
    i.MX_USART2_UART_Init                    0x08002e14   Section        0  usart.o(i.MX_USART2_UART_Init)
    i.MemManage_Handler                      0x08002e4c   Section        0  stm32f1xx_it.o(i.MemManage_Handler)
    i.NMI_Handler                            0x08002e4e   Section        0  stm32f1xx_it.o(i.NMI_Handler)
    i.OLED_Clear                             0x08002e50   Section        0  oled.o(i.OLED_Clear)
    i.OLED_Init                              0x08002e9c   Section        0  oled.o(i.OLED_Init)
    i.OLED_Set_Pos                           0x08002f08   Section        0  oled.o(i.OLED_Set_Pos)
    i.OLED_ShowNum                           0x08002f2c   Section        0  oled.o(i.OLED_ShowNum)
    i.OLED_ShowString                        0x08002fd8   Section        0  oled.o(i.OLED_ShowString)
    i.OLED_Write                             0x08003064   Section        0  oled.o(i.OLED_Write)
    i.PendSV_Handler                         0x080030bc   Section        0  stm32f1xx_it.o(i.PendSV_Handler)
    i.SPI_EndRxTxTransaction                 0x080030be   Section        0  stm32f1xx_hal_spi.o(i.SPI_EndRxTxTransaction)
    SPI_EndRxTxTransaction                   0x080030bf   Thumb Code    32  stm32f1xx_hal_spi.o(i.SPI_EndRxTxTransaction)
    i.SPI_WaitFlagStateUntilTimeout          0x080030e0   Section        0  stm32f1xx_hal_spi.o(i.SPI_WaitFlagStateUntilTimeout)
    SPI_WaitFlagStateUntilTimeout            0x080030e1   Thumb Code   180  stm32f1xx_hal_spi.o(i.SPI_WaitFlagStateUntilTimeout)
    i.SVC_Handler                            0x08003198   Section        0  stm32f1xx_it.o(i.SVC_Handler)
    i.SysTick_Handler                        0x0800319a   Section        0  stm32f1xx_it.o(i.SysTick_Handler)
    i.SystemClock_Config                     0x0800319e   Section        0  main.o(i.SystemClock_Config)
    i.SystemInit                             0x080031fc   Section        0  system_stm32f1xx.o(i.SystemInit)
    i.TIM2_IRQHandler                        0x08003200   Section        0  stm32f1xx_it.o(i.TIM2_IRQHandler)
    i.TIM_Base_SetConfig                     0x0800320c   Section        0  stm32f1xx_hal_tim.o(i.TIM_Base_SetConfig)
    i.TIM_CCxChannelCmd                      0x08003278   Section        0  stm32f1xx_hal_tim.o(i.TIM_CCxChannelCmd)
    i.TIM_ETR_SetConfig                      0x08003292   Section        0  stm32f1xx_hal_tim.o(i.TIM_ETR_SetConfig)
    i.TIM_ITRx_SetConfig                     0x080032a6   Section        0  stm32f1xx_hal_tim.o(i.TIM_ITRx_SetConfig)
    TIM_ITRx_SetConfig                       0x080032a7   Thumb Code    16  stm32f1xx_hal_tim.o(i.TIM_ITRx_SetConfig)
    i.TIM_OC1_SetConfig                      0x080032b8   Section        0  stm32f1xx_hal_tim.o(i.TIM_OC1_SetConfig)
    TIM_OC1_SetConfig                        0x080032b9   Thumb Code    74  stm32f1xx_hal_tim.o(i.TIM_OC1_SetConfig)
    i.TIM_OC2_SetConfig                      0x08003308   Section        0  stm32f1xx_hal_tim.o(i.TIM_OC2_SetConfig)
    i.TIM_OC3_SetConfig                      0x08003360   Section        0  stm32f1xx_hal_tim.o(i.TIM_OC3_SetConfig)
    TIM_OC3_SetConfig                        0x08003361   Thumb Code    82  stm32f1xx_hal_tim.o(i.TIM_OC3_SetConfig)
    i.TIM_OC4_SetConfig                      0x080033b8   Section        0  stm32f1xx_hal_tim.o(i.TIM_OC4_SetConfig)
    TIM_OC4_SetConfig                        0x080033b9   Thumb Code    64  stm32f1xx_hal_tim.o(i.TIM_OC4_SetConfig)
    i.TIM_TI1_ConfigInputStage               0x080033fc   Section        0  stm32f1xx_hal_tim.o(i.TIM_TI1_ConfigInputStage)
    TIM_TI1_ConfigInputStage                 0x080033fd   Thumb Code    34  stm32f1xx_hal_tim.o(i.TIM_TI1_ConfigInputStage)
    i.TIM_TI2_ConfigInputStage               0x0800341e   Section        0  stm32f1xx_hal_tim.o(i.TIM_TI2_ConfigInputStage)
    TIM_TI2_ConfigInputStage                 0x0800341f   Thumb Code    36  stm32f1xx_hal_tim.o(i.TIM_TI2_ConfigInputStage)
    i.UART_DMAAbortOnError                   0x08003442   Section        0  stm32f1xx_hal_uart.o(i.UART_DMAAbortOnError)
    UART_DMAAbortOnError                     0x08003443   Thumb Code    16  stm32f1xx_hal_uart.o(i.UART_DMAAbortOnError)
    i.UART_EndRxTransfer                     0x08003452   Section        0  stm32f1xx_hal_uart.o(i.UART_EndRxTransfer)
    UART_EndRxTransfer                       0x08003453   Thumb Code    78  stm32f1xx_hal_uart.o(i.UART_EndRxTransfer)
    i.UART_Receive_IT                        0x080034a0   Section        0  stm32f1xx_hal_uart.o(i.UART_Receive_IT)
    UART_Receive_IT                          0x080034a1   Thumb Code   194  stm32f1xx_hal_uart.o(i.UART_Receive_IT)
    i.UART_SetConfig                         0x08003564   Section        0  stm32f1xx_hal_uart.o(i.UART_SetConfig)
    UART_SetConfig                           0x08003565   Thumb Code   178  stm32f1xx_hal_uart.o(i.UART_SetConfig)
    i.UART_WaitOnFlagUntilTimeout            0x0800361c   Section        0  stm32f1xx_hal_uart.o(i.UART_WaitOnFlagUntilTimeout)
    UART_WaitOnFlagUntilTimeout              0x0800361d   Thumb Code   120  stm32f1xx_hal_uart.o(i.UART_WaitOnFlagUntilTimeout)
    i.USART2_IRQHandler                      0x08003694   Section        0  stm32f1xx_it.o(i.USART2_IRQHandler)
    i.UsageFault_Handler                     0x080036a8   Section        0  stm32f1xx_it.o(i.UsageFault_Handler)
    i.__0printf$3                            0x080036ac   Section        0  printf3.o(i.__0printf$3)
    i.__0sprintf$3                           0x080036cc   Section        0  printf3.o(i.__0sprintf$3)
    i.__NVIC_SetPriority                     0x080036f4   Section        0  stm32f1xx_hal_cortex.o(i.__NVIC_SetPriority)
    __NVIC_SetPriority                       0x080036f5   Thumb Code    32  stm32f1xx_hal_cortex.o(i.__NVIC_SetPriority)
    i.__aeabi_errno_addr                     0x08003714   Section        0  errno.o(i.__aeabi_errno_addr)
    i.__scatterload_copy                     0x0800371c   Section       14  handlers.o(i.__scatterload_copy)
    i.__scatterload_null                     0x0800372a   Section        2  handlers.o(i.__scatterload_null)
    i.__scatterload_zeroinit                 0x0800372c   Section       14  handlers.o(i.__scatterload_zeroinit)
    i._printf_core                           0x0800373c   Section        0  printf3.o(i._printf_core)
    _printf_core                             0x0800373d   Thumb Code   436  printf3.o(i._printf_core)
    i._sputc                                 0x080038f4   Section        0  printf3.o(i._sputc)
    _sputc                                   0x080038f5   Thumb Code    10  printf3.o(i._sputc)
    i.arraySearch                            0x080038fe   Section        0  core_json.o(i.arraySearch)
    arraySearch                              0x080038ff   Thumb Code   154  core_json.o(i.arraySearch)
    i.delay_us                               0x08003998   Section        0  dht11.o(i.delay_us)
    delay_us                                 0x08003999   Thumb Code    14  dht11.o(i.delay_us)
    i.dht11_check                            0x080039a8   Section        0  dht11.o(i.dht11_check)
    i.dht11_init                             0x08003a04   Section        0  dht11.o(i.dht11_init)
    i.dht11_io_in                            0x08003a20   Section        0  dht11.o(i.dht11_io_in)
    i.dht11_io_out                           0x08003a40   Section        0  dht11.o(i.dht11_io_out)
    i.dht11_read_bit                         0x08003a64   Section        0  dht11.o(i.dht11_read_bit)
    i.dht11_read_byte                        0x08003ac0   Section        0  dht11.o(i.dht11_read_byte)
    i.dht11_read_data                        0x08003ada   Section        0  dht11.o(i.dht11_read_data)
    i.dht11_rst                              0x08003b2c   Section        0  dht11.o(i.dht11_rst)
    i.esp8266_config_network                 0x08003b60   Section        0  esp8266.o(i.esp8266_config_network)
    i.esp8266_connect_server                 0x08003be0   Section        0  esp8266.o(i.esp8266_connect_server)
    i.esp8266_init                           0x08003c44   Section        0  esp8266.o(i.esp8266_init)
    i.esp8266_receive_msg                    0x08003e1c   Section        0  esp8266.o(i.esp8266_receive_msg)
    i.esp8266_reset                          0x08003eb8   Section        0  esp8266.o(i.esp8266_reset)
    i.esp8266_send_cmd                       0x08003f28   Section        0  esp8266.o(i.esp8266_send_cmd)
    i.esp8266_send_msg                       0x08003f9c   Section        0  esp8266.o(i.esp8266_send_msg)
    i.fputc                                  0x080040bc   Section        0  uart_printf.o(i.fputc)
    i.getType                                0x080040d4   Section        0  core_json.o(i.getType)
    getType                                  0x080040d5   Thumb Code    56  core_json.o(i.getType)
    i.hexToInt                               0x0800410c   Section        0  core_json.o(i.hexToInt)
    hexToInt                                 0x0800410d   Thumb Code    34  core_json.o(i.hexToInt)
    i.main                                   0x0800412e   Section        0  main.o(i.main)
    i.multiSearch                            0x0800415c   Section        0  core_json.o(i.multiSearch)
    multiSearch                              0x0800415d   Thumb Code   252  core_json.o(i.multiSearch)
    i.nextKeyValuePair                       0x08004258   Section        0  core_json.o(i.nextKeyValuePair)
    nextKeyValuePair                         0x08004259   Thumb Code   152  core_json.o(i.nextKeyValuePair)
    i.nextValue                              0x080042f0   Section        0  core_json.o(i.nextValue)
    nextValue                                0x080042f1   Thumb Code   100  core_json.o(i.nextValue)
    i.objectSearch                           0x08004354   Section        0  core_json.o(i.objectSearch)
    objectSearch                             0x08004355   Thumb Code   176  core_json.o(i.objectSearch)
    i.parse_json_msg                         0x08004404   Section        0  esp8266.o(i.parse_json_msg)
    i.rotate                                 0x080044fc   Section        0  step_motor.o(i.rotate)
    i.set_led                                0x080045e0   Section        0  led.o(i.set_led)
    i.set_rgb                                0x080045fc   Section        0  led.o(i.set_rgb)
    i.skipAnyScalar                          0x08004614   Section        0  core_json.o(i.skipAnyScalar)
    skipAnyScalar                            0x08004615   Thumb Code    90  core_json.o(i.skipAnyScalar)
    i.skipCollection                         0x08004688   Section        0  core_json.o(i.skipCollection)
    skipCollection                           0x08004689   Thumb Code   168  core_json.o(i.skipCollection)
    i.skipDigits                             0x08004730   Section        0  core_json.o(i.skipDigits)
    skipDigits                               0x08004731   Thumb Code   116  core_json.o(i.skipDigits)
    i.skipEscape                             0x080047a8   Section        0  core_json.o(i.skipEscape)
    skipEscape                               0x080047a9   Thumb Code   178  core_json.o(i.skipEscape)
    i.skipLiteral                            0x0800485a   Section        0  core_json.o(i.skipLiteral)
    skipLiteral                              0x0800485b   Thumb Code    58  core_json.o(i.skipLiteral)
    i.skipNumber                             0x08004894   Section        0  core_json.o(i.skipNumber)
    skipNumber                               0x08004895   Thumb Code   182  core_json.o(i.skipNumber)
    i.skipObjectScalars                      0x0800494a   Section        0  core_json.o(i.skipObjectScalars)
    skipObjectScalars                        0x0800494b   Thumb Code   136  core_json.o(i.skipObjectScalars)
    i.skipOneHexEscape                       0x080049d2   Section        0  core_json.o(i.skipOneHexEscape)
    skipOneHexEscape                         0x080049d3   Thumb Code   112  core_json.o(i.skipOneHexEscape)
    i.skipScalars                            0x08004a42   Section        0  core_json.o(i.skipScalars)
    skipScalars                              0x08004a43   Thumb Code    92  core_json.o(i.skipScalars)
    i.skipSpace                              0x08004a9e   Section        0  core_json.o(i.skipSpace)
    skipSpace                                0x08004a9f   Thumb Code    44  core_json.o(i.skipSpace)
    i.skipSpaceAndComma                      0x08004aca   Section        0  core_json.o(i.skipSpaceAndComma)
    skipSpaceAndComma                        0x08004acb   Thumb Code    80  core_json.o(i.skipSpaceAndComma)
    i.skipString                             0x08004b1a   Section        0  core_json.o(i.skipString)
    skipString                               0x08004b1b   Thumb Code    98  core_json.o(i.skipString)
    i.strnEq                                 0x08004b7c   Section        0  core_json.o(i.strnEq)
    strnEq                                   0x08004b7d   Thumb Code    40  core_json.o(i.strnEq)
    i.time_slot_start                        0x08004ba4   Section        0  time_handle.o(i.time_slot_start)
    i.uart2_receiver_clear                   0x08004bb0   Section        0  esp8266.o(i.uart2_receiver_clear)
    i.uart2_receiver_handle                  0x08004bd0   Section        0  esp8266.o(i.uart2_receiver_handle)
    i.user_init_program                      0x08004c18   Section        0  main_program.o(i.user_init_program)
    i.user_main_program                      0x08004cc8   Section        0  main_program.o(i.user_main_program)
    .constdata                               0x08004de0   Section       18  stm32f1xx_hal_rcc.o(.constdata)
    aPredivFactorTable                       0x08004de0   Data           2  stm32f1xx_hal_rcc.o(.constdata)
    aPLLMULFactorTable                       0x08004de2   Data          16  stm32f1xx_hal_rcc.o(.constdata)
    .constdata                               0x08004df2   Section       16  system_stm32f1xx.o(.constdata)
    .constdata                               0x08004e02   Section        8  system_stm32f1xx.o(.constdata)
    .constdata                               0x08004e0c   Section       24  esp8266.o(.constdata)
    .constdata                               0x08004e24   Section      129  ctype_o.o(.constdata)
    .constdata                               0x08004ea8   Section        4  ctype_o.o(.constdata)
    table                                    0x08004ea8   Data           4  ctype_o.o(.constdata)
    .conststring                             0x08004eac   Section      718  esp8266.o(.conststring)
    .data                                    0x20000000   Section       12  stm32f1xx_hal.o(.data)
    .data                                    0x2000000c   Section        4  system_stm32f1xx.o(.data)
    .data                                    0x20000010   Section       12  main_program.o(.data)
    .data                                    0x2000001c   Section        1  main_program.o(.data)
    .data                                    0x2000001d   Section     2075  oled.o(.data)
    .data                                    0x20000838   Section        6  esp8266.o(.data)
    error_count                              0x20000839   Data           1  esp8266.o(.data)
    .data                                    0x2000083e   Section       10  time_handle.o(.data)
    index_10ms                               0x20000842   Data           2  time_handle.o(.data)
    .data                                    0x20000848   Section        4  step_motor.o(.data)
    step_sel                                 0x20000848   Data           4  step_motor.o(.data)
    .data                                    0x2000084c   Section        4  stdout.o(.data)
    .data                                    0x20000850   Section        4  errno.o(.data)
    _errno                                   0x20000850   Data           4  errno.o(.data)
    .bss                                     0x20000854   Section       84  i2c.o(.bss)
    .bss                                     0x200008a8   Section       88  spi.o(.bss)
    .bss                                     0x20000900   Section      144  tim.o(.bss)
    .bss                                     0x20000990   Section      144  usart.o(.bss)
    .bss                                     0x20000a20   Section      512  esp8266.o(.bss)
    STACK                                    0x20000c20   Section     1024  startup_stm32f103xb.o(STACK)

    Global Symbols

    Symbol Name                              Value     Ov Type        Size  Object(Section)

    BuildAttributes$$THM_ISAv4$P$D$K$B$S$PE$A:L22UL41UL21$X:L11$S22US41US21$IEEE1$IW$USESV6$~STKCKD$USESV7$~SHL$OSPACE$ROPI$EBA8$MICROLIB$REQ8$PRES8$EABIv2 0x00000000   Number         0  anon$$obj.o ABSOLUTE
    __ARM_use_no_argv                        0x00000000   Number         0  main.o ABSOLUTE
    _printf_a                                0x00000000   Number         0  stubs.o ABSOLUTE
    _printf_c                                0x00000000   Number         0  stubs.o ABSOLUTE
    _printf_charcount                        0x00000000   Number         0  stubs.o ABSOLUTE
    _printf_d                                0x00000000   Number         0  stubs.o ABSOLUTE
    _printf_e                                0x00000000   Number         0  stubs.o ABSOLUTE
    _printf_f                                0x00000000   Number         0  stubs.o ABSOLUTE
    _printf_flags                            0x00000000   Number         0  stubs.o ABSOLUTE
    _printf_fp_dec                           0x00000000   Number         0  stubs.o ABSOLUTE
    _printf_fp_hex                           0x00000000   Number         0  stubs.o ABSOLUTE
    _printf_g                                0x00000000   Number         0  stubs.o ABSOLUTE
    _printf_i                                0x00000000   Number         0  stubs.o ABSOLUTE
    _printf_int_dec                          0x00000000   Number         0  stubs.o ABSOLUTE
    _printf_l                                0x00000000   Number         0  stubs.o ABSOLUTE
    _printf_lc                               0x00000000   Number         0  stubs.o ABSOLUTE
    _printf_ll                               0x00000000   Number         0  stubs.o ABSOLUTE
    _printf_lld                              0x00000000   Number         0  stubs.o ABSOLUTE
    _printf_lli                              0x00000000   Number         0  stubs.o ABSOLUTE
    _printf_llo                              0x00000000   Number         0  stubs.o ABSOLUTE
    _printf_llu                              0x00000000   Number         0  stubs.o ABSOLUTE
    _printf_llx                              0x00000000   Number         0  stubs.o ABSOLUTE
    _printf_longlong_dec                     0x00000000   Number         0  stubs.o ABSOLUTE
    _printf_longlong_hex                     0x00000000   Number         0  stubs.o ABSOLUTE
    _printf_longlong_oct                     0x00000000   Number         0  stubs.o ABSOLUTE
    _printf_ls                               0x00000000   Number         0  stubs.o ABSOLUTE
    _printf_mbtowc                           0x00000000   Number         0  stubs.o ABSOLUTE
    _printf_n                                0x00000000   Number         0  stubs.o ABSOLUTE
    _printf_o                                0x00000000   Number         0  stubs.o ABSOLUTE
    _printf_p                                0x00000000   Number         0  stubs.o ABSOLUTE
    _printf_percent                          0x00000000   Number         0  stubs.o ABSOLUTE
    _printf_pre_padding                      0x00000000   Number         0  stubs.o ABSOLUTE
    _printf_return_value                     0x00000000   Number         0  stubs.o ABSOLUTE
    _printf_s                                0x00000000   Number         0  stubs.o ABSOLUTE
    _printf_sizespec                         0x00000000   Number         0  stubs.o ABSOLUTE
    _printf_str                              0x00000000   Number         0  stubs.o ABSOLUTE
    _printf_truncate_signed                  0x00000000   Number         0  stubs.o ABSOLUTE
    _printf_truncate_unsigned                0x00000000   Number         0  stubs.o ABSOLUTE
    _printf_u                                0x00000000   Number         0  stubs.o ABSOLUTE
    _printf_wc                               0x00000000   Number         0  stubs.o ABSOLUTE
    _printf_wctomb                           0x00000000   Number         0  stubs.o ABSOLUTE
    _printf_widthprec                        0x00000000   Number         0  stubs.o ABSOLUTE
    _printf_x                                0x00000000   Number         0  stubs.o ABSOLUTE
    __arm_fini_                               - Undefined Weak Reference
    __cpp_initialize__aeabi_                  - Undefined Weak Reference
    __cxa_finalize                            - Undefined Weak Reference
    _clock_init                               - Undefined Weak Reference
    _microlib_exit                            - Undefined Weak Reference
    _scanf_longlong                           - Undefined Weak Reference
    _scanf_real                               - Undefined Weak Reference
    __Vectors_Size                           0x000000ec   Number         0  startup_stm32f103xb.o ABSOLUTE
    __Vectors                                0x08000000   Data           4  startup_stm32f103xb.o(RESET)
    __Vectors_End                            0x080000ec   Data           0  startup_stm32f103xb.o(RESET)
    __main                                   0x080000ed   Thumb Code     0  entry.o(.ARM.Collect$$$$00000000)
    _main_stk                                0x080000ed   Thumb Code     0  entry2.o(.ARM.Collect$$$$00000001)
    _main_scatterload                        0x080000f1   Thumb Code     0  entry5.o(.ARM.Collect$$$$00000004)
    __main_after_scatterload                 0x080000f5   Thumb Code     0  entry5.o(.ARM.Collect$$$$00000004)
    _main_clock                              0x080000f5   Thumb Code     0  entry7b.o(.ARM.Collect$$$$00000008)
    _main_cpp_init                           0x080000f5   Thumb Code     0  entry8b.o(.ARM.Collect$$$$0000000A)
    _main_init                               0x080000f5   Thumb Code     0  entry9a.o(.ARM.Collect$$$$0000000B)
    __rt_lib_shutdown_fini                   0x080000fd   Thumb Code     0  entry12b.o(.ARM.Collect$$$$0000000E)
    __rt_final_cpp                           0x08000101   Thumb Code     0  entry10a.o(.ARM.Collect$$$$0000000F)
    __rt_final_exit                          0x08000101   Thumb Code     0  entry11a.o(.ARM.Collect$$$$00000011)
    Reset_Handler                            0x08000105   Thumb Code     8  startup_stm32f103xb.o(.text)
    ADC1_2_IRQHandler                        0x0800011f   Thumb Code     0  startup_stm32f103xb.o(.text)
    CAN1_RX1_IRQHandler                      0x0800011f   Thumb Code     0  startup_stm32f103xb.o(.text)
    CAN1_SCE_IRQHandler                      0x0800011f   Thumb Code     0  startup_stm32f103xb.o(.text)
    DMA1_Channel1_IRQHandler                 0x0800011f   Thumb Code     0  startup_stm32f103xb.o(.text)
    DMA1_Channel2_IRQHandler                 0x0800011f   Thumb Code     0  startup_stm32f103xb.o(.text)
    DMA1_Channel3_IRQHandler                 0x0800011f   Thumb Code     0  startup_stm32f103xb.o(.text)
    DMA1_Channel4_IRQHandler                 0x0800011f   Thumb Code     0  startup_stm32f103xb.o(.text)
    DMA1_Channel5_IRQHandler                 0x0800011f   Thumb Code     0  startup_stm32f103xb.o(.text)
    DMA1_Channel6_IRQHandler                 0x0800011f   Thumb Code     0  startup_stm32f103xb.o(.text)
    DMA1_Channel7_IRQHandler                 0x0800011f   Thumb Code     0  startup_stm32f103xb.o(.text)
    EXTI0_IRQHandler                         0x0800011f   Thumb Code     0  startup_stm32f103xb.o(.text)
    EXTI15_10_IRQHandler                     0x0800011f   Thumb Code     0  startup_stm32f103xb.o(.text)
    EXTI1_IRQHandler                         0x0800011f   Thumb Code     0  startup_stm32f103xb.o(.text)
    EXTI2_IRQHandler                         0x0800011f   Thumb Code     0  startup_stm32f103xb.o(.text)
    EXTI3_IRQHandler                         0x0800011f   Thumb Code     0  startup_stm32f103xb.o(.text)
    EXTI4_IRQHandler                         0x0800011f   Thumb Code     0  startup_stm32f103xb.o(.text)
    EXTI9_5_IRQHandler                       0x0800011f   Thumb Code     0  startup_stm32f103xb.o(.text)
    FLASH_IRQHandler                         0x0800011f   Thumb Code     0  startup_stm32f103xb.o(.text)
    I2C1_ER_IRQHandler                       0x0800011f   Thumb Code     0  startup_stm32f103xb.o(.text)
    I2C1_EV_IRQHandler                       0x0800011f   Thumb Code     0  startup_stm32f103xb.o(.text)
    I2C2_ER_IRQHandler                       0x0800011f   Thumb Code     0  startup_stm32f103xb.o(.text)
    I2C2_EV_IRQHandler                       0x0800011f   Thumb Code     0  startup_stm32f103xb.o(.text)
    PVD_IRQHandler                           0x0800011f   Thumb Code     0  startup_stm32f103xb.o(.text)
    RCC_IRQHandler                           0x0800011f   Thumb Code     0  startup_stm32f103xb.o(.text)
    RTC_Alarm_IRQHandler                     0x0800011f   Thumb Code     0  startup_stm32f103xb.o(.text)
    RTC_IRQHandler                           0x0800011f   Thumb Code     0  startup_stm32f103xb.o(.text)
    SPI1_IRQHandler                          0x0800011f   Thumb Code     0  startup_stm32f103xb.o(.text)
    SPI2_IRQHandler                          0x0800011f   Thumb Code     0  startup_stm32f103xb.o(.text)
    TAMPER_IRQHandler                        0x0800011f   Thumb Code     0  startup_stm32f103xb.o(.text)
    TIM1_BRK_IRQHandler                      0x0800011f   Thumb Code     0  startup_stm32f103xb.o(.text)
    TIM1_CC_IRQHandler                       0x0800011f   Thumb Code     0  startup_stm32f103xb.o(.text)
    TIM1_TRG_COM_IRQHandler                  0x0800011f   Thumb Code     0  startup_stm32f103xb.o(.text)
    TIM1_UP_IRQHandler                       0x0800011f   Thumb Code     0  startup_stm32f103xb.o(.text)
    TIM3_IRQHandler                          0x0800011f   Thumb Code     0  startup_stm32f103xb.o(.text)
    TIM4_IRQHandler                          0x0800011f   Thumb Code     0  startup_stm32f103xb.o(.text)
    USART1_IRQHandler                        0x0800011f   Thumb Code     0  startup_stm32f103xb.o(.text)
    USART3_IRQHandler                        0x0800011f   Thumb Code     0  startup_stm32f103xb.o(.text)
    USBWakeUp_IRQHandler                     0x0800011f   Thumb Code     0  startup_stm32f103xb.o(.text)
    USB_HP_CAN1_TX_IRQHandler                0x0800011f   Thumb Code     0  startup_stm32f103xb.o(.text)
    USB_LP_CAN1_RX0_IRQHandler               0x0800011f   Thumb Code     0  startup_stm32f103xb.o(.text)
    WWDG_IRQHandler                          0x0800011f   Thumb Code     0  startup_stm32f103xb.o(.text)
    __aeabi_memcpy                           0x08000129   Thumb Code    36  memcpya.o(.text)
    __aeabi_memcpy4                          0x08000129   Thumb Code     0  memcpya.o(.text)
    __aeabi_memcpy8                          0x08000129   Thumb Code     0  memcpya.o(.text)
    __aeabi_memset                           0x0800014d   Thumb Code    14  memseta.o(.text)
    __aeabi_memset4                          0x0800014d   Thumb Code     0  memseta.o(.text)
    __aeabi_memset8                          0x0800014d   Thumb Code     0  memseta.o(.text)
    __aeabi_memclr                           0x0800015b   Thumb Code     4  memseta.o(.text)
    __aeabi_memclr4                          0x0800015b   Thumb Code     0  memseta.o(.text)
    __aeabi_memclr8                          0x0800015b   Thumb Code     0  memseta.o(.text)
    _memset$wrapper                          0x0800015f   Thumb Code    18  memseta.o(.text)
    strstr                                   0x08000171   Thumb Code    36  strstr.o(.text)
    strlen                                   0x08000195   Thumb Code    14  strlen.o(.text)
    __0sscanf                                0x080001a5   Thumb Code    48  __0sscanf.o(.text)
    _scanf_int                               0x080001dd   Thumb Code   332  _scanf_int.o(.text)
    _scanf_string                            0x08000329   Thumb Code   224  _scanf_str.o(.text)
    atoi                                     0x08000409   Thumb Code    26  atoi.o(.text)
    __aeabi_uidiv                            0x08000423   Thumb Code     0  uidiv.o(.text)
    __aeabi_uidivmod                         0x08000423   Thumb Code    44  uidiv.o(.text)
    _chval                                   0x0800044f   Thumb Code    28  _chval.o(.text)
    __vfscanf_char                           0x08000479   Thumb Code    20  scanf_char.o(.text)
    _sgetc                                   0x08000495   Thumb Code    30  _sgetc.o(.text)
    _sbackspace                              0x080004b3   Thumb Code    34  _sgetc.o(.text)
    strtol                                   0x080004d5   Thumb Code   112  strtol.o(.text)
    __scatterload                            0x08000545   Thumb Code    28  init.o(.text)
    __scatterload_rt2                        0x08000545   Thumb Code     0  init.o(.text)
    __rt_ctype_table                         0x08000569   Thumb Code     4  ctype_o.o(.text)
    isspace                                  0x08000571   Thumb Code    18  isspace_o.o(.text)
    __vfscanf                                0x08000585   Thumb Code   810  _scanf.o(.text)
    _strtoul                                 0x080008b5   Thumb Code   158  _strtoul.o(.text)
    __decompress                             0x08000953   Thumb Code     0  __dczerorl2.o(.text)
    __decompress1                            0x08000953   Thumb Code    86  __dczerorl2.o(.text)
    BH1750_Init                              0x080009a9   Thumb Code    44  bh1750.o(i.BH1750_Init)
    BH1750_Read                              0x080009d9   Thumb Code    22  bh1750.o(i.BH1750_Read)
    BH1750_Write                             0x080009f5   Thumb Code    22  bh1750.o(i.BH1750_Write)
    BusFault_Handler                         0x08000a11   Thumb Code     2  stm32f1xx_it.o(i.BusFault_Handler)
    DebugMon_Handler                         0x08000a13   Thumb Code     2  stm32f1xx_it.o(i.DebugMon_Handler)
    Error_Handler                            0x08000a15   Thumb Code     4  main.o(i.Error_Handler)
    HAL_DMA_Abort                            0x08000a19   Thumb Code    70  stm32f1xx_hal_dma.o(i.HAL_DMA_Abort)
    HAL_DMA_Abort_IT                         0x08000a61   Thumb Code   148  stm32f1xx_hal_dma.o(i.HAL_DMA_Abort_IT)
    HAL_Delay                                0x08000af9   Thumb Code    32  stm32f1xx_hal.o(i.HAL_Delay)
    HAL_GPIO_Init                            0x08000b1d   Thumb Code   446  stm32f1xx_hal_gpio.o(i.HAL_GPIO_Init)
    HAL_GPIO_ReadPin                         0x08000cfd   Thumb Code    10  stm32f1xx_hal_gpio.o(i.HAL_GPIO_ReadPin)
    HAL_GPIO_WritePin                        0x08000d07   Thumb Code    10  stm32f1xx_hal_gpio.o(i.HAL_GPIO_WritePin)
    HAL_GetTick                              0x08000d11   Thumb Code     6  stm32f1xx_hal.o(i.HAL_GetTick)
    HAL_I2C_Init                             0x08000d1d   Thumb Code   376  stm32f1xx_hal_i2c.o(i.HAL_I2C_Init)
    HAL_I2C_Master_Receive                   0x08000ea5   Thumb Code   576  stm32f1xx_hal_i2c.o(i.HAL_I2C_Master_Receive)
    HAL_I2C_Master_Transmit                  0x080010f5   Thumb Code   290  stm32f1xx_hal_i2c.o(i.HAL_I2C_Master_Transmit)
    HAL_I2C_MspInit                          0x08001221   Thumb Code    96  i2c.o(i.HAL_I2C_MspInit)
    HAL_IncTick                              0x08001291   Thumb Code    12  stm32f1xx_hal.o(i.HAL_IncTick)
    HAL_Init                                 0x080012a1   Thumb Code    32  stm32f1xx_hal.o(i.HAL_Init)
    HAL_InitTick                             0x080012c5   Thumb Code    54  stm32f1xx_hal.o(i.HAL_InitTick)
    HAL_MspInit                              0x08001305   Thumb Code    52  stm32f1xx_hal_msp.o(i.HAL_MspInit)
    HAL_NVIC_EnableIRQ                       0x08001341   Thumb Code    26  stm32f1xx_hal_cortex.o(i.HAL_NVIC_EnableIRQ)
    HAL_NVIC_SetPriority                     0x0800135d   Thumb Code    60  stm32f1xx_hal_cortex.o(i.HAL_NVIC_SetPriority)
    HAL_NVIC_SetPriorityGrouping             0x0800139d   Thumb Code    26  stm32f1xx_hal_cortex.o(i.HAL_NVIC_SetPriorityGrouping)
    HAL_RCC_ClockConfig                      0x080013c1   Thumb Code   280  stm32f1xx_hal_rcc.o(i.HAL_RCC_ClockConfig)
    HAL_RCC_GetPCLK1Freq                     0x080014ed   Thumb Code    20  stm32f1xx_hal_rcc.o(i.HAL_RCC_GetPCLK1Freq)
    HAL_RCC_GetPCLK2Freq                     0x0800150d   Thumb Code    20  stm32f1xx_hal_rcc.o(i.HAL_RCC_GetPCLK2Freq)
    HAL_RCC_GetSysClockFreq                  0x0800152d   Thumb Code    58  stm32f1xx_hal_rcc.o(i.HAL_RCC_GetSysClockFreq)
    HAL_RCC_OscConfig                        0x08001579   Thumb Code   778  stm32f1xx_hal_rcc.o(i.HAL_RCC_OscConfig)
    HAL_SPI_Init                             0x08001899   Thumb Code   178  stm32f1xx_hal_spi.o(i.HAL_SPI_Init)
    HAL_SPI_MspInit                          0x0800194d   Thumb Code    80  spi.o(i.HAL_SPI_MspInit)
    HAL_SPI_Transmit                         0x080019a9   Thumb Code   366  stm32f1xx_hal_spi.o(i.HAL_SPI_Transmit)
    HAL_SYSTICK_Config                       0x08001b17   Thumb Code    40  stm32f1xx_hal_cortex.o(i.HAL_SYSTICK_Config)
    HAL_TIMEx_BreakCallback                  0x08001b3f   Thumb Code     2  stm32f1xx_hal_tim_ex.o(i.HAL_TIMEx_BreakCallback)
    HAL_TIMEx_CommutCallback                 0x08001b41   Thumb Code     2  stm32f1xx_hal_tim_ex.o(i.HAL_TIMEx_CommutCallback)
    HAL_TIMEx_MasterConfigSynchronization    0x08001b45   Thumb Code    92  stm32f1xx_hal_tim_ex.o(i.HAL_TIMEx_MasterConfigSynchronization)
    HAL_TIM_Base_Init                        0x08001bad   Thumb Code    90  stm32f1xx_hal_tim.o(i.HAL_TIM_Base_Init)
    HAL_TIM_Base_MspInit                     0x08001c09   Thumb Code    72  tim.o(i.HAL_TIM_Base_MspInit)
    HAL_TIM_Base_Start_IT                    0x08001c59   Thumb Code    76  stm32f1xx_hal_tim.o(i.HAL_TIM_Base_Start_IT)
    HAL_TIM_ConfigClockSource                0x08001cb1   Thumb Code   220  stm32f1xx_hal_tim.o(i.HAL_TIM_ConfigClockSource)
    HAL_TIM_IC_CaptureCallback               0x08001d8d   Thumb Code     2  stm32f1xx_hal_tim.o(i.HAL_TIM_IC_CaptureCallback)
    HAL_TIM_IRQHandler                       0x08001d8f   Thumb Code   358  stm32f1xx_hal_tim.o(i.HAL_TIM_IRQHandler)
    HAL_TIM_MspPostInit                      0x08001ef5   Thumb Code    80  tim.o(i.HAL_TIM_MspPostInit)
    HAL_TIM_OC_DelayElapsedCallback          0x08001f55   Thumb Code     2  stm32f1xx_hal_tim.o(i.HAL_TIM_OC_DelayElapsedCallback)
    HAL_TIM_PWM_ConfigChannel                0x08001f57   Thumb Code   204  stm32f1xx_hal_tim.o(i.HAL_TIM_PWM_ConfigChannel)
    HAL_TIM_PWM_Init                         0x08002023   Thumb Code    90  stm32f1xx_hal_tim.o(i.HAL_TIM_PWM_Init)
    HAL_TIM_PWM_MspInit                      0x0800207d   Thumb Code     2  stm32f1xx_hal_tim.o(i.HAL_TIM_PWM_MspInit)
    HAL_TIM_PWM_PulseFinishedCallback        0x0800207f   Thumb Code     2  stm32f1xx_hal_tim.o(i.HAL_TIM_PWM_PulseFinishedCallback)
    HAL_TIM_PWM_Start                        0x08002081   Thumb Code   144  stm32f1xx_hal_tim.o(i.HAL_TIM_PWM_Start)
    HAL_TIM_PeriodElapsedCallback            0x0800211d   Thumb Code    58  time_handle.o(i.HAL_TIM_PeriodElapsedCallback)
    HAL_TIM_TriggerCallback                  0x08002161   Thumb Code     2  stm32f1xx_hal_tim.o(i.HAL_TIM_TriggerCallback)
    HAL_UARTEx_RxEventCallback               0x08002163   Thumb Code     2  stm32f1xx_hal_uart.o(i.HAL_UARTEx_RxEventCallback)
    HAL_UART_ErrorCallback                   0x08002165   Thumb Code     2  stm32f1xx_hal_uart.o(i.HAL_UART_ErrorCallback)
    HAL_UART_IRQHandler                      0x08002169   Thumb Code   616  stm32f1xx_hal_uart.o(i.HAL_UART_IRQHandler)
    HAL_UART_Init                            0x080023d5   Thumb Code   100  stm32f1xx_hal_uart.o(i.HAL_UART_Init)
    HAL_UART_MspInit                         0x08002439   Thumb Code   186  usart.o(i.HAL_UART_MspInit)
    HAL_UART_Receive                         0x08002505   Thumb Code   172  stm32f1xx_hal_uart.o(i.HAL_UART_Receive)
    HAL_UART_RxCpltCallback                  0x080025b1   Thumb Code     2  stm32f1xx_hal_uart.o(i.HAL_UART_RxCpltCallback)
    HAL_UART_Transmit                        0x080025b3   Thumb Code   154  stm32f1xx_hal_uart.o(i.HAL_UART_Transmit)
    HAL_UART_TxCpltCallback                  0x0800264d   Thumb Code     2  stm32f1xx_hal_uart.o(i.HAL_UART_TxCpltCallback)
    HardFault_Handler                        0x0800264f   Thumb Code     2  stm32f1xx_it.o(i.HardFault_Handler)
    JSON_SearchConst                         0x08002a73   Thumb Code   100  core_json.o(i.JSON_SearchConst)
    JSON_SearchT                             0x08002ad7   Thumb Code    18  core_json.o(i.JSON_SearchT)
    JSON_Validate                            0x08002ae9   Thumb Code    94  core_json.o(i.JSON_Validate)
    MX_GPIO_Init                             0x08002b49   Thumb Code   222  gpio.o(i.MX_GPIO_Init)
    MX_I2C1_Init                             0x08002c39   Thumb Code    50  i2c.o(i.MX_I2C1_Init)
    MX_SPI1_Init                             0x08002c79   Thumb Code    64  spi.o(i.MX_SPI1_Init)
    MX_TIM2_Init                             0x08002cc1   Thumb Code    96  tim.o(i.MX_TIM2_Init)
    MX_TIM3_Init                             0x08002d25   Thumb Code   176  tim.o(i.MX_TIM3_Init)
    MX_USART1_UART_Init                      0x08002ddd   Thumb Code    48  usart.o(i.MX_USART1_UART_Init)
    MX_USART2_UART_Init                      0x08002e15   Thumb Code    48  usart.o(i.MX_USART2_UART_Init)
    MemManage_Handler                        0x08002e4d   Thumb Code     2  stm32f1xx_it.o(i.MemManage_Handler)
    NMI_Handler                              0x08002e4f   Thumb Code     2  stm32f1xx_it.o(i.NMI_Handler)
    OLED_Clear                               0x08002e51   Thumb Code    70  oled.o(i.OLED_Clear)
    OLED_Init                                0x08002e9d   Thumb Code    76  oled.o(i.OLED_Init)
    OLED_Set_Pos                             0x08002f09   Thumb Code    30  oled.o(i.OLED_Set_Pos)
    OLED_ShowNum                             0x08002f2d   Thumb Code   164  oled.o(i.OLED_ShowNum)
    OLED_ShowString                          0x08002fd9   Thumb Code   130  oled.o(i.OLED_ShowString)
    OLED_Write                               0x08003065   Thumb Code    78  oled.o(i.OLED_Write)
    PendSV_Handler                           0x080030bd   Thumb Code     2  stm32f1xx_it.o(i.PendSV_Handler)
    SVC_Handler                              0x08003199   Thumb Code     2  stm32f1xx_it.o(i.SVC_Handler)
    SysTick_Handler                          0x0800319b   Thumb Code     4  stm32f1xx_it.o(i.SysTick_Handler)
    SystemClock_Config                       0x0800319f   Thumb Code    94  main.o(i.SystemClock_Config)
    SystemInit                               0x080031fd   Thumb Code     2  system_stm32f1xx.o(i.SystemInit)
    TIM2_IRQHandler                          0x08003201   Thumb Code     6  stm32f1xx_it.o(i.TIM2_IRQHandler)
    TIM_Base_SetConfig                       0x0800320d   Thumb Code    94  stm32f1xx_hal_tim.o(i.TIM_Base_SetConfig)
    TIM_CCxChannelCmd                        0x08003279   Thumb Code    26  stm32f1xx_hal_tim.o(i.TIM_CCxChannelCmd)
    TIM_ETR_SetConfig                        0x08003293   Thumb Code    20  stm32f1xx_hal_tim.o(i.TIM_ETR_SetConfig)
    TIM_OC2_SetConfig                        0x08003309   Thumb Code    84  stm32f1xx_hal_tim.o(i.TIM_OC2_SetConfig)
    USART2_IRQHandler                        0x08003695   Thumb Code    16  stm32f1xx_it.o(i.USART2_IRQHandler)
    UsageFault_Handler                       0x080036a9   Thumb Code     2  stm32f1xx_it.o(i.UsageFault_Handler)
    __0printf$3                              0x080036ad   Thumb Code    22  printf3.o(i.__0printf$3)
    __1printf$3                              0x080036ad   Thumb Code     0  printf3.o(i.__0printf$3)
    __2printf                                0x080036ad   Thumb Code     0  printf3.o(i.__0printf$3)
    __0sprintf$3                             0x080036cd   Thumb Code    34  printf3.o(i.__0sprintf$3)
    __1sprintf$3                             0x080036cd   Thumb Code     0  printf3.o(i.__0sprintf$3)
    __2sprintf                               0x080036cd   Thumb Code     0  printf3.o(i.__0sprintf$3)
    __aeabi_errno_addr                       0x08003715   Thumb Code     4  errno.o(i.__aeabi_errno_addr)
    __rt_errno_addr                          0x08003715   Thumb Code     0  errno.o(i.__aeabi_errno_addr)
    __scatterload_copy                       0x0800371d   Thumb Code    14  handlers.o(i.__scatterload_copy)
    __scatterload_null                       0x0800372b   Thumb Code     2  handlers.o(i.__scatterload_null)
    __scatterload_zeroinit                   0x0800372d   Thumb Code    14  handlers.o(i.__scatterload_zeroinit)
    dht11_check                              0x080039a9   Thumb Code    88  dht11.o(i.dht11_check)
    dht11_init                               0x08003a05   Thumb Code    26  dht11.o(i.dht11_init)
    dht11_io_in                              0x08003a21   Thumb Code    28  dht11.o(i.dht11_io_in)
    dht11_io_out                             0x08003a41   Thumb Code    30  dht11.o(i.dht11_io_out)
    dht11_read_bit                           0x08003a65   Thumb Code    86  dht11.o(i.dht11_read_bit)
    dht11_read_byte                          0x08003ac1   Thumb Code    26  dht11.o(i.dht11_read_byte)
    dht11_read_data                          0x08003adb   Thumb Code    80  dht11.o(i.dht11_read_data)
    dht11_rst                                0x08003b2d   Thumb Code    48  dht11.o(i.dht11_rst)
    esp8266_config_network                   0x08003b61   Thumb Code    80  esp8266.o(i.esp8266_config_network)
    esp8266_connect_server                   0x08003be1   Thumb Code    80  esp8266.o(i.esp8266_connect_server)
    esp8266_init                             0x08003c45   Thumb Code   230  esp8266.o(i.esp8266_init)
    esp8266_receive_msg                      0x08003e1d   Thumb Code   112  esp8266.o(i.esp8266_receive_msg)
    esp8266_reset                            0x08003eb9   Thumb Code    82  esp8266.o(i.esp8266_reset)
    esp8266_send_cmd                         0x08003f29   Thumb Code   102  esp8266.o(i.esp8266_send_cmd)
    esp8266_send_msg                         0x08003f9d   Thumb Code   200  esp8266.o(i.esp8266_send_msg)
    fputc                                    0x080040bd   Thumb Code    20  uart_printf.o(i.fputc)
    main                                     0x0800412f   Thumb Code    46  main.o(i.main)
    parse_json_msg                           0x08004405   Thumb Code   200  esp8266.o(i.parse_json_msg)
    rotate                                   0x080044fd   Thumb Code   218  step_motor.o(i.rotate)
    set_led                                  0x080045e1   Thumb Code    22  led.o(i.set_led)
    set_rgb                                  0x080045fd   Thumb Code    18  led.o(i.set_rgb)
    time_slot_start                          0x08004ba5   Thumb Code     6  time_handle.o(i.time_slot_start)
    uart2_receiver_clear                     0x08004bb1   Thumb Code    22  esp8266.o(i.uart2_receiver_clear)
    uart2_receiver_handle                    0x08004bd1   Thumb Code    58  esp8266.o(i.uart2_receiver_handle)
    user_init_program                        0x08004c19   Thumb Code   106  main_program.o(i.user_init_program)
    user_main_program                        0x08004cc9   Thumb Code   218  main_program.o(i.user_main_program)
    AHBPrescTable                            0x08004df2   Data          16  system_stm32f1xx.o(.constdata)
    APBPrescTable                            0x08004e02   Data           8  system_stm32f1xx.o(.constdata)
    __ctype_table                            0x08004e24   Data         129  ctype_o.o(.constdata)
    Region$$Table$$Base                      0x0800517c   Number         0  anon$$obj.o(Region$$Table)
    Region$$Table$$Limit                     0x0800519c   Number         0  anon$$obj.o(Region$$Table)
    uwTickFreq                               0x20000000   Data           1  stm32f1xx_hal.o(.data)
    uwTickPrio                               0x20000004   Data           4  stm32f1xx_hal.o(.data)
    uwTick                                   0x20000008   Data           4  stm32f1xx_hal.o(.data)
    SystemCoreClock                          0x2000000c   Data           4  system_stm32f1xx.o(.data)
    led_status                               0x20000010   Data           1  main_program.o(.data)
    temp_value                               0x20000011   Data           1  main_program.o(.data)
    humi_value                               0x20000012   Data           1  main_program.o(.data)
    direct_value                             0x20000013   Data           1  main_program.o(.data)
    Red_value                                0x20000014   Data           1  main_program.o(.data)
    Blue_value                               0x20000015   Data           1  main_program.o(.data)
    Green_value                              0x20000016   Data           1  main_program.o(.data)
    light                                    0x20000018   Data           2  main_program.o(.data)
    light_temp                               0x2000001a   Data           2  main_program.o(.data)
    num_value                                0x2000001c   Data           1  main_program.o(.data)
    Coordinate                               0x2000001d   Data           3  oled.o(.data)
    asc2_0806                                0x20000020   Data         552  oled.o(.data)
    asc2_1608                                0x20000248   Data        1520  oled.o(.data)
    receive_start                            0x20000838   Data           1  esp8266.o(.data)
    receive_count                            0x2000083a   Data           2  esp8266.o(.data)
    receive_finish                           0x2000083c   Data           2  esp8266.o(.data)
    index_send_msg                           0x2000083e   Data           1  time_handle.o(.data)
    index_led                                0x2000083f   Data           1  time_handle.o(.data)
    index_bh1750                             0x20000840   Data           1  time_handle.o(.data)
    index_step                               0x20000841   Data           1  time_handle.o(.data)
    index_oled                               0x20000844   Data           2  time_handle.o(.data)
    index_dht11                              0x20000846   Data           2  time_handle.o(.data)
    __stdout                                 0x2000084c   Data           4  stdout.o(.data)
    hi2c1                                    0x20000854   Data          84  i2c.o(.bss)
    hspi1                                    0x200008a8   Data          88  spi.o(.bss)
    htim2                                    0x20000900   Data          72  tim.o(.bss)
    htim3                                    0x20000948   Data          72  tim.o(.bss)
    huart1                                   0x20000990   Data          72  usart.o(.bss)
    huart2                                   0x200009d8   Data          72  usart.o(.bss)
    receive_buf                              0x20000a20   Data         512  esp8266.o(.bss)
    __initial_sp                             0x20001020   Data           0  startup_stm32f103xb.o(STACK)



==============================================================================

Memory Map of the image

  Image Entry point : 0x080000ed

  Load Region LR_IROM1 (Base: 0x08000000, Size: 0x000059f0, Max: 0x00010000, ABSOLUTE, COMPRESSED[0x000056d4])

    Execution Region ER_IROM1 (Base: 0x08000000, Size: 0x0000519c, Max: 0x00010000, ABSOLUTE)

    Base Addr    Size         Type   Attr      Idx    E Section Name        Object

    0x08000000   0x000000ec   Data   RO            3    RESET               startup_stm32f103xb.o
    0x080000ec   0x00000000   Code   RO         4212  * .ARM.Collect$$$$00000000  mc_w.l(entry.o)
    0x080000ec   0x00000004   Code   RO         4498    .ARM.Collect$$$$00000001  mc_w.l(entry2.o)
    0x080000f0   0x00000004   Code   RO         4501    .ARM.Collect$$$$00000004  mc_w.l(entry5.o)
    0x080000f4   0x00000000   Code   RO         4503    .ARM.Collect$$$$00000008  mc_w.l(entry7b.o)
    0x080000f4   0x00000000   Code   RO         4505    .ARM.Collect$$$$0000000A  mc_w.l(entry8b.o)
    0x080000f4   0x00000008   Code   RO         4506    .ARM.Collect$$$$0000000B  mc_w.l(entry9a.o)
    0x080000fc   0x00000004   Code   RO         4513    .ARM.Collect$$$$0000000E  mc_w.l(entry12b.o)
    0x08000100   0x00000000   Code   RO         4508    .ARM.Collect$$$$0000000F  mc_w.l(entry10a.o)
    0x08000100   0x00000000   Code   RO         4510    .ARM.Collect$$$$00000011  mc_w.l(entry11a.o)
    0x08000100   0x00000004   Code   RO         4499    .ARM.Collect$$$$00002712  mc_w.l(entry2.o)
    0x08000104   0x00000024   Code   RO            4    .text               startup_stm32f103xb.o
    0x08000128   0x00000024   Code   RO         4219    .text               mc_w.l(memcpya.o)
    0x0800014c   0x00000024   Code   RO         4221    .text               mc_w.l(memseta.o)
    0x08000170   0x00000024   Code   RO         4223    .text               mc_w.l(strstr.o)
    0x08000194   0x0000000e   Code   RO         4225    .text               mc_w.l(strlen.o)
    0x080001a2   0x00000002   PAD
    0x080001a4   0x00000038   Code   RO         4490    .text               mc_w.l(__0sscanf.o)
    0x080001dc   0x0000014c   Code   RO         4492    .text               mc_w.l(_scanf_int.o)
    0x08000328   0x000000e0   Code   RO         4494    .text               mc_w.l(_scanf_str.o)
    0x08000408   0x0000001a   Code   RO         4496    .text               mc_w.l(atoi.o)
    0x08000422   0x0000002c   Code   RO         4515    .text               mc_w.l(uidiv.o)
    0x0800044e   0x0000001c   Code   RO         4526    .text               mc_w.l(_chval.o)
    0x0800046a   0x00000002   PAD
    0x0800046c   0x00000028   Code   RO         4528    .text               mc_w.l(scanf_char.o)
    0x08000494   0x00000040   Code   RO         4530    .text               mc_w.l(_sgetc.o)
    0x080004d4   0x00000070   Code   RO         4532    .text               mc_w.l(strtol.o)
    0x08000544   0x00000024   Code   RO         4545    .text               mc_w.l(init.o)
    0x08000568   0x00000008   Code   RO         4553    .text               mc_w.l(ctype_o.o)
    0x08000570   0x00000012   Code   RO         4575    .text               mc_w.l(isspace_o.o)
    0x08000582   0x00000002   PAD
    0x08000584   0x00000330   Code   RO         4581    .text               mc_w.l(_scanf.o)
    0x080008b4   0x0000009e   Code   RO         4583    .text               mc_w.l(_strtoul.o)
    0x08000952   0x00000056   Code   RO         4598    .text               mc_w.l(__dczerorl2.o)
    0x080009a8   0x00000030   Code   RO         3762    i.BH1750_Init       bh1750.o
    0x080009d8   0x0000001c   Code   RO         3763    i.BH1750_Read       bh1750.o
    0x080009f4   0x0000001c   Code   RO         3764    i.BH1750_Write      bh1750.o
    0x08000a10   0x00000002   Code   RO          375    i.BusFault_Handler  stm32f1xx_it.o
    0x08000a12   0x00000002   Code   RO          376    i.DebugMon_Handler  stm32f1xx_it.o
    0x08000a14   0x00000004   Code   RO           13    i.Error_Handler     main.o
    0x08000a18   0x00000046   Code   RO         1344    i.HAL_DMA_Abort     stm32f1xx_hal_dma.o
    0x08000a5e   0x00000002   PAD
    0x08000a60   0x00000098   Code   RO         1345    i.HAL_DMA_Abort_IT  stm32f1xx_hal_dma.o
    0x08000af8   0x00000024   Code   RO          970    i.HAL_Delay         stm32f1xx_hal.o
    0x08000b1c   0x000001e0   Code   RO         1280    i.HAL_GPIO_Init     stm32f1xx_hal_gpio.o
    0x08000cfc   0x0000000a   Code   RO         1282    i.HAL_GPIO_ReadPin  stm32f1xx_hal_gpio.o
    0x08000d06   0x0000000a   Code   RO         1284    i.HAL_GPIO_WritePin  stm32f1xx_hal_gpio.o
    0x08000d10   0x0000000c   Code   RO          974    i.HAL_GetTick       stm32f1xx_hal.o
    0x08000d1c   0x00000188   Code   RO          537    i.HAL_I2C_Init      stm32f1xx_hal_i2c.o
    0x08000ea4   0x00000250   Code   RO          543    i.HAL_I2C_Master_Receive  stm32f1xx_hal_i2c.o
    0x080010f4   0x0000012c   Code   RO          550    i.HAL_I2C_Master_Transmit  stm32f1xx_hal_i2c.o
    0x08001220   0x00000070   Code   RO          190    i.HAL_I2C_MspInit   i2c.o
    0x08001290   0x00000010   Code   RO          980    i.HAL_IncTick       stm32f1xx_hal.o
    0x080012a0   0x00000024   Code   RO          981    i.HAL_Init          stm32f1xx_hal.o
    0x080012c4   0x00000040   Code   RO          982    i.HAL_InitTick      stm32f1xx_hal.o
    0x08001304   0x0000003c   Code   RO          466    i.HAL_MspInit       stm32f1xx_hal_msp.o
    0x08001340   0x0000001a   Code   RO         1440    i.HAL_NVIC_EnableIRQ  stm32f1xx_hal_cortex.o
    0x0800135a   0x00000002   PAD
    0x0800135c   0x00000040   Code   RO         1446    i.HAL_NVIC_SetPriority  stm32f1xx_hal_cortex.o
    0x0800139c   0x00000024   Code   RO         1447    i.HAL_NVIC_SetPriorityGrouping  stm32f1xx_hal_cortex.o
    0x080013c0   0x0000012c   Code   RO         1138    i.HAL_RCC_ClockConfig  stm32f1xx_hal_rcc.o
    0x080014ec   0x00000020   Code   RO         1145    i.HAL_RCC_GetPCLK1Freq  stm32f1xx_hal_rcc.o
    0x0800150c   0x00000020   Code   RO         1146    i.HAL_RCC_GetPCLK2Freq  stm32f1xx_hal_rcc.o
    0x0800152c   0x0000004c   Code   RO         1147    i.HAL_RCC_GetSysClockFreq  stm32f1xx_hal_rcc.o
    0x08001578   0x00000320   Code   RO         1150    i.HAL_RCC_OscConfig  stm32f1xx_hal_rcc.o
    0x08001898   0x000000b2   Code   RO         1951    i.HAL_SPI_Init      stm32f1xx_hal_spi.o
    0x0800194a   0x00000002   PAD
    0x0800194c   0x0000005c   Code   RO          232    i.HAL_SPI_MspInit   spi.o
    0x080019a8   0x0000016e   Code   RO         1959    i.HAL_SPI_Transmit  stm32f1xx_hal_spi.o
    0x08001b16   0x00000028   Code   RO         1451    i.HAL_SYSTICK_Config  stm32f1xx_hal_cortex.o
    0x08001b3e   0x00000002   Code   RO         2968    i.HAL_TIMEx_BreakCallback  stm32f1xx_hal_tim_ex.o
    0x08001b40   0x00000002   Code   RO         2969    i.HAL_TIMEx_CommutCallback  stm32f1xx_hal_tim_ex.o
    0x08001b42   0x00000002   PAD
    0x08001b44   0x00000068   Code   RO         2987    i.HAL_TIMEx_MasterConfigSynchronization  stm32f1xx_hal_tim_ex.o
    0x08001bac   0x0000005a   Code   RO         2264    i.HAL_TIM_Base_Init  stm32f1xx_hal_tim.o
    0x08001c06   0x00000002   PAD
    0x08001c08   0x00000050   Code   RO          274    i.HAL_TIM_Base_MspInit  tim.o
    0x08001c58   0x00000058   Code   RO         2269    i.HAL_TIM_Base_Start_IT  stm32f1xx_hal_tim.o
    0x08001cb0   0x000000dc   Code   RO         2273    i.HAL_TIM_ConfigClockSource  stm32f1xx_hal_tim.o
    0x08001d8c   0x00000002   Code   RO         2298    i.HAL_TIM_IC_CaptureCallback  stm32f1xx_hal_tim.o
    0x08001d8e   0x00000166   Code   RO         2312    i.HAL_TIM_IRQHandler  stm32f1xx_hal_tim.o
    0x08001ef4   0x00000060   Code   RO          275    i.HAL_TIM_MspPostInit  tim.o
    0x08001f54   0x00000002   Code   RO         2315    i.HAL_TIM_OC_DelayElapsedCallback  stm32f1xx_hal_tim.o
    0x08001f56   0x000000cc   Code   RO         2336    i.HAL_TIM_PWM_ConfigChannel  stm32f1xx_hal_tim.o
    0x08002022   0x0000005a   Code   RO         2339    i.HAL_TIM_PWM_Init  stm32f1xx_hal_tim.o
    0x0800207c   0x00000002   Code   RO         2341    i.HAL_TIM_PWM_MspInit  stm32f1xx_hal_tim.o
    0x0800207e   0x00000002   Code   RO         2342    i.HAL_TIM_PWM_PulseFinishedCallback  stm32f1xx_hal_tim.o
    0x08002080   0x0000009c   Code   RO         2344    i.HAL_TIM_PWM_Start  stm32f1xx_hal_tim.o
    0x0800211c   0x00000044   Code   RO         4100    i.HAL_TIM_PeriodElapsedCallback  time_handle.o
    0x08002160   0x00000002   Code   RO         2355    i.HAL_TIM_TriggerCallback  stm32f1xx_hal_tim.o
    0x08002162   0x00000002   Code   RO         3247    i.HAL_UARTEx_RxEventCallback  stm32f1xx_hal_uart.o
    0x08002164   0x00000002   Code   RO         3261    i.HAL_UART_ErrorCallback  stm32f1xx_hal_uart.o
    0x08002166   0x00000002   PAD
    0x08002168   0x0000026c   Code   RO         3264    i.HAL_UART_IRQHandler  stm32f1xx_hal_uart.o
    0x080023d4   0x00000064   Code   RO         3265    i.HAL_UART_Init     stm32f1xx_hal_uart.o
    0x08002438   0x000000cc   Code   RO          328    i.HAL_UART_MspInit  usart.o
    0x08002504   0x000000ac   Code   RO         3268    i.HAL_UART_Receive  stm32f1xx_hal_uart.o
    0x080025b0   0x00000002   Code   RO         3271    i.HAL_UART_RxCpltCallback  stm32f1xx_hal_uart.o
    0x080025b2   0x0000009a   Code   RO         3273    i.HAL_UART_Transmit  stm32f1xx_hal_uart.o
    0x0800264c   0x00000002   Code   RO         3276    i.HAL_UART_TxCpltCallback  stm32f1xx_hal_uart.o
    0x0800264e   0x00000002   Code   RO          377    i.HardFault_Handler  stm32f1xx_it.o
    0x08002650   0x0000002e   Code   RO          580    i.I2C_IsAcknowledgeFailed  stm32f1xx_hal_i2c.o
    0x0800267e   0x00000002   PAD
    0x08002680   0x000000ec   Code   RO          583    i.I2C_MasterRequestRead  stm32f1xx_hal_i2c.o
    0x0800276c   0x0000009c   Code   RO          584    i.I2C_MasterRequestWrite  stm32f1xx_hal_i2c.o
    0x08002808   0x00000056   Code   RO          595    i.I2C_WaitOnBTFFlagUntilTimeout  stm32f1xx_hal_i2c.o
    0x0800285e   0x00000002   PAD
    0x08002860   0x00000090   Code   RO          596    i.I2C_WaitOnFlagUntilTimeout  stm32f1xx_hal_i2c.o
    0x080028f0   0x000000bc   Code   RO          597    i.I2C_WaitOnMasterAddressFlagUntilTimeout  stm32f1xx_hal_i2c.o
    0x080029ac   0x00000070   Code   RO          598    i.I2C_WaitOnRXNEFlagUntilTimeout  stm32f1xx_hal_i2c.o
    0x08002a1c   0x00000056   Code   RO          599    i.I2C_WaitOnTXEFlagUntilTimeout  stm32f1xx_hal_i2c.o
    0x08002a72   0x00000064   Code   RO         3799    i.JSON_SearchConst  core_json.o
    0x08002ad6   0x00000012   Code   RO         3800    i.JSON_SearchT      core_json.o
    0x08002ae8   0x0000005e   Code   RO         3801    i.JSON_Validate     core_json.o
    0x08002b46   0x00000002   PAD
    0x08002b48   0x000000f0   Code   RO          165    i.MX_GPIO_Init      gpio.o
    0x08002c38   0x00000040   Code   RO          191    i.MX_I2C1_Init      i2c.o
    0x08002c78   0x00000048   Code   RO          233    i.MX_SPI1_Init      spi.o
    0x08002cc0   0x00000064   Code   RO          276    i.MX_TIM2_Init      tim.o
    0x08002d24   0x000000b8   Code   RO          277    i.MX_TIM3_Init      tim.o
    0x08002ddc   0x00000038   Code   RO          329    i.MX_USART1_UART_Init  usart.o
    0x08002e14   0x00000038   Code   RO          330    i.MX_USART2_UART_Init  usart.o
    0x08002e4c   0x00000002   Code   RO          378    i.MemManage_Handler  stm32f1xx_it.o
    0x08002e4e   0x00000002   Code   RO          379    i.NMI_Handler       stm32f1xx_it.o
    0x08002e50   0x0000004c   Code   RO         3696    i.OLED_Clear        oled.o
    0x08002e9c   0x0000006c   Code   RO         3697    i.OLED_Init         oled.o
    0x08002f08   0x00000024   Code   RO         3698    i.OLED_Set_Pos      oled.o
    0x08002f2c   0x000000ac   Code   RO         3699    i.OLED_ShowNum      oled.o
    0x08002fd8   0x0000008c   Code   RO         3700    i.OLED_ShowString   oled.o
    0x08003064   0x00000058   Code   RO         3701    i.OLED_Write        oled.o
    0x080030bc   0x00000002   Code   RO          380    i.PendSV_Handler    stm32f1xx_it.o
    0x080030be   0x00000020   Code   RO         1989    i.SPI_EndRxTxTransaction  stm32f1xx_hal_spi.o
    0x080030de   0x00000002   PAD
    0x080030e0   0x000000b8   Code   RO         1994    i.SPI_WaitFlagStateUntilTimeout  stm32f1xx_hal_spi.o
    0x08003198   0x00000002   Code   RO          381    i.SVC_Handler       stm32f1xx_it.o
    0x0800319a   0x00000004   Code   RO          382    i.SysTick_Handler   stm32f1xx_it.o
    0x0800319e   0x0000005e   Code   RO           14    i.SystemClock_Config  main.o
    0x080031fc   0x00000002   Code   RO         3599    i.SystemInit        system_stm32f1xx.o
    0x080031fe   0x00000002   PAD
    0x08003200   0x0000000c   Code   RO          383    i.TIM2_IRQHandler   stm32f1xx_it.o
    0x0800320c   0x0000006c   Code   RO         2357    i.TIM_Base_SetConfig  stm32f1xx_hal_tim.o
    0x08003278   0x0000001a   Code   RO         2358    i.TIM_CCxChannelCmd  stm32f1xx_hal_tim.o
    0x08003292   0x00000014   Code   RO         2368    i.TIM_ETR_SetConfig  stm32f1xx_hal_tim.o
    0x080032a6   0x00000010   Code   RO         2369    i.TIM_ITRx_SetConfig  stm32f1xx_hal_tim.o
    0x080032b6   0x00000002   PAD
    0x080032b8   0x00000050   Code   RO         2370    i.TIM_OC1_SetConfig  stm32f1xx_hal_tim.o
    0x08003308   0x00000058   Code   RO         2371    i.TIM_OC2_SetConfig  stm32f1xx_hal_tim.o
    0x08003360   0x00000058   Code   RO         2372    i.TIM_OC3_SetConfig  stm32f1xx_hal_tim.o
    0x080033b8   0x00000044   Code   RO         2373    i.TIM_OC4_SetConfig  stm32f1xx_hal_tim.o
    0x080033fc   0x00000022   Code   RO         2375    i.TIM_TI1_ConfigInputStage  stm32f1xx_hal_tim.o
    0x0800341e   0x00000024   Code   RO         2377    i.TIM_TI2_ConfigInputStage  stm32f1xx_hal_tim.o
    0x08003442   0x00000010   Code   RO         3278    i.UART_DMAAbortOnError  stm32f1xx_hal_uart.o
    0x08003452   0x0000004e   Code   RO         3288    i.UART_EndRxTransfer  stm32f1xx_hal_uart.o
    0x080034a0   0x000000c2   Code   RO         3290    i.UART_Receive_IT   stm32f1xx_hal_uart.o
    0x08003562   0x00000002   PAD
    0x08003564   0x000000b8   Code   RO         3291    i.UART_SetConfig    stm32f1xx_hal_uart.o
    0x0800361c   0x00000078   Code   RO         3294    i.UART_WaitOnFlagUntilTimeout  stm32f1xx_hal_uart.o
    0x08003694   0x00000014   Code   RO          384    i.USART2_IRQHandler  stm32f1xx_it.o
    0x080036a8   0x00000002   Code   RO          385    i.UsageFault_Handler  stm32f1xx_it.o
    0x080036aa   0x00000002   PAD
    0x080036ac   0x00000020   Code   RO         4318    i.__0printf$3       mc_w.l(printf3.o)
    0x080036cc   0x00000028   Code   RO         4320    i.__0sprintf$3      mc_w.l(printf3.o)
    0x080036f4   0x00000020   Code   RO         1453    i.__NVIC_SetPriority  stm32f1xx_hal_cortex.o
    0x08003714   0x00000008   Code   RO         4519    i.__aeabi_errno_addr  mc_w.l(errno.o)
    0x0800371c   0x0000000e   Code   RO         4592    i.__scatterload_copy  mc_w.l(handlers.o)
    0x0800372a   0x00000002   Code   RO         4593    i.__scatterload_null  mc_w.l(handlers.o)
    0x0800372c   0x0000000e   Code   RO         4594    i.__scatterload_zeroinit  mc_w.l(handlers.o)
    0x0800373a   0x00000002   PAD
    0x0800373c   0x000001b8   Code   RO         4325    i._printf_core      mc_w.l(printf3.o)
    0x080038f4   0x0000000a   Code   RO         4327    i._sputc            mc_w.l(printf3.o)
    0x080038fe   0x0000009a   Code   RO         3802    i.arraySearch       core_json.o
    0x08003998   0x0000000e   Code   RO         3945    i.delay_us          dht11.o
    0x080039a6   0x00000002   PAD
    0x080039a8   0x0000005c   Code   RO         3946    i.dht11_check       dht11.o
    0x08003a04   0x0000001a   Code   RO         3947    i.dht11_init        dht11.o
    0x08003a1e   0x00000002   PAD
    0x08003a20   0x00000020   Code   RO         3948    i.dht11_io_in       dht11.o
    0x08003a40   0x00000024   Code   RO         3949    i.dht11_io_out      dht11.o
    0x08003a64   0x0000005c   Code   RO         3950    i.dht11_read_bit    dht11.o
    0x08003ac0   0x0000001a   Code   RO         3951    i.dht11_read_byte   dht11.o
    0x08003ada   0x00000050   Code   RO         3952    i.dht11_read_data   dht11.o
    0x08003b2a   0x00000002   PAD
    0x08003b2c   0x00000034   Code   RO         3953    i.dht11_rst         dht11.o
    0x08003b60   0x00000080   Code   RO         4013    i.esp8266_config_network  esp8266.o
    0x08003be0   0x00000064   Code   RO         4014    i.esp8266_connect_server  esp8266.o
    0x08003c44   0x000001d8   Code   RO         4015    i.esp8266_init      esp8266.o
    0x08003e1c   0x0000009c   Code   RO         4016    i.esp8266_receive_msg  esp8266.o
    0x08003eb8   0x00000070   Code   RO         4017    i.esp8266_reset     esp8266.o
    0x08003f28   0x00000074   Code   RO         4018    i.esp8266_send_cmd  esp8266.o
    0x08003f9c   0x00000120   Code   RO         4019    i.esp8266_send_msg  esp8266.o
    0x080040bc   0x00000018   Code   RO         4133    i.fputc             uart_printf.o
    0x080040d4   0x00000038   Code   RO         3803    i.getType           core_json.o
    0x0800410c   0x00000022   Code   RO         3804    i.hexToInt          core_json.o
    0x0800412e   0x0000002e   Code   RO           15    i.main              main.o
    0x0800415c   0x000000fc   Code   RO         3806    i.multiSearch       core_json.o
    0x08004258   0x00000098   Code   RO         3807    i.nextKeyValuePair  core_json.o
    0x080042f0   0x00000064   Code   RO         3808    i.nextValue         core_json.o
    0x08004354   0x000000b0   Code   RO         3809    i.objectSearch      core_json.o
    0x08004404   0x000000f8   Code   RO         4020    i.parse_json_msg    esp8266.o
    0x080044fc   0x000000e4   Code   RO         4190    i.rotate            step_motor.o
    0x080045e0   0x0000001c   Code   RO         4160    i.set_led           led.o
    0x080045fc   0x00000018   Code   RO         4161    i.set_rgb           led.o
    0x08004614   0x00000074   Code   RO         3810    i.skipAnyScalar     core_json.o
    0x08004688   0x000000a8   Code   RO         3811    i.skipCollection    core_json.o
    0x08004730   0x00000078   Code   RO         3812    i.skipDigits        core_json.o
    0x080047a8   0x000000b2   Code   RO         3813    i.skipEscape        core_json.o
    0x0800485a   0x0000003a   Code   RO         3814    i.skipLiteral       core_json.o
    0x08004894   0x000000b6   Code   RO         3815    i.skipNumber        core_json.o
    0x0800494a   0x00000088   Code   RO         3816    i.skipObjectScalars  core_json.o
    0x080049d2   0x00000070   Code   RO         3817    i.skipOneHexEscape  core_json.o
    0x08004a42   0x0000005c   Code   RO         3818    i.skipScalars       core_json.o
    0x08004a9e   0x0000002c   Code   RO         3819    i.skipSpace         core_json.o
    0x08004aca   0x00000050   Code   RO         3820    i.skipSpaceAndComma  core_json.o
    0x08004b1a   0x00000062   Code   RO         3821    i.skipString        core_json.o
    0x08004b7c   0x00000028   Code   RO         3822    i.strnEq            core_json.o
    0x08004ba4   0x0000000c   Code   RO         4101    i.time_slot_start   time_handle.o
    0x08004bb0   0x00000020   Code   RO         4021    i.uart2_receiver_clear  esp8266.o
    0x08004bd0   0x00000048   Code   RO         4022    i.uart2_receiver_handle  esp8266.o
    0x08004c18   0x000000b0   Code   RO         3636    i.user_init_program  main_program.o
    0x08004cc8   0x00000118   Code   RO         3637    i.user_main_program  main_program.o
    0x08004de0   0x00000012   Data   RO         1151    .constdata          stm32f1xx_hal_rcc.o
    0x08004df2   0x00000010   Data   RO         3600    .constdata          system_stm32f1xx.o
    0x08004e02   0x00000008   Data   RO         3601    .constdata          system_stm32f1xx.o
    0x08004e0a   0x00000002   PAD
    0x08004e0c   0x00000018   Data   RO         4024    .constdata          esp8266.o
    0x08004e24   0x00000081   Data   RO         4554    .constdata          mc_w.l(ctype_o.o)
    0x08004ea5   0x00000003   PAD
    0x08004ea8   0x00000004   Data   RO         4555    .constdata          mc_w.l(ctype_o.o)
    0x08004eac   0x000002ce   Data   RO         4025    .conststring        esp8266.o
    0x0800517a   0x00000002   PAD
    0x0800517c   0x00000020   Data   RO         4590    Region$$Table       anon$$obj.o


    Execution Region RW_IRAM1 (Base: 0x20000000, Size: 0x00001020, Max: 0x00005000, ABSOLUTE, COMPRESSED[0x00000538])

    Base Addr    Size         Type   Attr      Idx    E Section Name        Object

    0x20000000   0x0000000c   Data   RW          988    .data               stm32f1xx_hal.o
    0x2000000c   0x00000004   Data   RW         3602    .data               system_stm32f1xx.o
    0x20000010   0x0000000c   Data   RW         3638    .data               main_program.o
    0x2000001c   0x00000001   Data   RW         3639    .data               main_program.o
    0x2000001d   0x0000081b   Data   RW         3702    .data               oled.o
    0x20000838   0x00000006   Data   RW         4026    .data               esp8266.o
    0x2000083e   0x0000000a   Data   RW         4102    .data               time_handle.o
    0x20000848   0x00000004   Data   RW         4191    .data               step_motor.o
    0x2000084c   0x00000004   Data   RW         4514    .data               mc_w.l(stdout.o)
    0x20000850   0x00000004   Data   RW         4522    .data               mc_w.l(errno.o)
    0x20000854   0x00000054   Zero   RW          192    .bss                i2c.o
    0x200008a8   0x00000058   Zero   RW          234    .bss                spi.o
    0x20000900   0x00000090   Zero   RW          278    .bss                tim.o
    0x20000990   0x00000090   Zero   RW          331    .bss                usart.o
    0x20000a20   0x00000200   Zero   RW         4023    .bss                esp8266.o
    0x20000c20   0x00000400   Zero   RW            1    STACK               startup_stm32f103xb.o


==============================================================================

Image component sizes


      Code (inc. data)   RO Data    RW Data    ZI Data      Debug   Object Name

       104         16          0          0          0       2151   bh1750.o
      2560         30          0          0          0      25382   core_json.o
       450         24          0          0          0       5763   dht11.o
      1724        558        742          6        512       9645   esp8266.o
       240         18          0          0          0       1127   gpio.o
       176         30          0          0         84       1933   i2c.o
        52         12          0          0          0       1132   led.o
       144          0          0          0          0     443708   main.o
       456        132          0         13          0       4082   main_program.o
       620         72          0       2075          0       5519   oled.o
       164         20          0          0         88       1913   spi.o
        36          8        236          0       1024        848   startup_stm32f103xb.o
       228         18          0          4          0        789   step_motor.o
       164         28          0         12          0       6445   stm32f1xx_hal.o
       198         14          0          0          0      29359   stm32f1xx_hal_cortex.o
       222          4          0          0          0       1975   stm32f1xx_hal_dma.o
       500         34          0          0          0       3791   stm32f1xx_hal_gpio.o
      2338         54          0          0          0      13394   stm32f1xx_hal_i2c.o
        60          8          0          0          0       1010   stm32f1xx_hal_msp.o
      1240         84         18          0          0       5520   stm32f1xx_hal_rcc.o
       760          4          0          0          0       4718   stm32f1xx_hal_spi.o
      1780         58          0          0          0      17586   stm32f1xx_hal_tim.o
       108         12          0          0          0       2673   stm32f1xx_hal_tim_ex.o
      1646         10          0          0          0      12067   stm32f1xx_hal_uart.o
        52         10          0          0          0       5524   stm32f1xx_it.o
         2          0         24          4          0       1323   system_stm32f1xx.o
       460         36          0          0        144       3465   tim.o
        80         16          0         10          0       2156   time_handle.o
        24          4          0          0          0        560   uart_printf.o
       316         34          0          0        144       2711   usart.o

    ----------------------------------------------------------------------
     16938       1348       1056       2124       1996     618269   Object Totals
         0          0         32          0          0          0   (incl. Generated)
        34          0          4          0          0          0   (incl. Padding)

    ----------------------------------------------------------------------

      Code (inc. data)   RO Data    RW Data    ZI Data      Debug   Library Member Name

        56          8          0          0          0         84   __0sscanf.o
        86          0          0          0          0          0   __dczerorl2.o
        28          0          0          0          0         68   _chval.o
       816          6          0          0          0        112   _scanf.o
       332          0          0          0          0         96   _scanf_int.o
       224          0          0          0          0         96   _scanf_str.o
        64          0          0          0          0         84   _sgetc.o
       158          0          0          0          0         92   _strtoul.o
        26          0          0          0          0         80   atoi.o
         8          4        133          0          0         68   ctype_o.o
         0          0          0          0          0          0   entry.o
         0          0          0          0          0          0   entry10a.o
         0          0          0          0          0          0   entry11a.o
         4          0          0          0          0          0   entry12b.o
         8          4          0          0          0          0   entry2.o
         4          0          0          0          0          0   entry5.o
         0          0          0          0          0          0   entry7b.o
         0          0          0          0          0          0   entry8b.o
         8          4          0          0          0          0   entry9a.o
         8          4          0          4          0         68   errno.o
        30          0          0          0          0          0   handlers.o
        36          8          0          0          0         68   init.o
        18          0          0          0          0         76   isspace_o.o
        36          0          0          0          0         68   memcpya.o
        36          0          0          0          0        108   memseta.o
       522         20          0          0          0        336   printf3.o
        40          8          0          0          0         84   scanf_char.o
         0          0          0          4          0          0   stdout.o
        14          0          0          0          0         68   strlen.o
        36          0          0          0          0         80   strstr.o
       112          0          0          0          0         88   strtol.o
        44          0          0          0          0         80   uidiv.o

    ----------------------------------------------------------------------
      2762         66        136          8          0       1904   Library Totals
         8          0          3          0          0          0   (incl. Padding)

    ----------------------------------------------------------------------

      Code (inc. data)   RO Data    RW Data    ZI Data      Debug   Library Name

      2754         66        133          8          0       1904   mc_w.l

    ----------------------------------------------------------------------
      2762         66        136          8          0       1904   Library Totals

    ----------------------------------------------------------------------

==============================================================================


      Code (inc. data)   RO Data    RW Data    ZI Data      Debug   

     19700       1414       1192       2132       1996     611305   Grand Totals
     19700       1414       1192       1336       1996     611305   ELF Image Totals (compressed)
     19700       1414       1192       1336          0          0   ROM Totals

==============================================================================

    Total RO  Size (Code + RO Data)                20892 (  20.40kB)
    Total RW  Size (RW Data + ZI Data)              4128 (   4.03kB)
    Total ROM Size (Code + RO Data + RW Data)      22228 (  21.71kB)

==============================================================================

